106.221.185.124 - - [10/Mar/2025:03:32:47 +0000] "GET /api/clientCall/callStatusMaster/ HTTP/1.1" 200 495 "-" "okhttp/4.9.2"
106.221.185.124 - - [10/Mar/2025:03:32:47 +0000] "GET /api/Starlly/country-address-schema/IN/ HTTP/1.1" 200 779 "-" "okhttp/4.9.2"
106.221.185.124 - - [10/Mar/2025:03:32:47 +0000] "GET /api/part/?organisation=106&fields=id,name HTTP/1.1" 200 2 "-" "okhttp/4.9.2"
157.47.125.5 - - [10/Mar/2025:03:32:47 +0000] "GET /api/clientCall/registerCall/?technician=8126&client=204&status=&limit=20&offset=0&start=&end= HTTP/1.1" 200 1440 "-" "okhttp/4.9.2"
27.59.54.65 - - [10/Mar/2025:03:32:47 +0000] "GET /api/Starlly/fetch-erp-data/?userId=5317 HTTP/1.1" 200 46 "-" "okhttp/4.9.2"
106.195.5.240 - - [10/Mar/2025:03:32:48 +0000] "POST /api/clientStaff/trip_logs/ HTTP/1.1" 201 319 "-" "okhttp/4.9.2"
106.221.183.182 - - [10/Mar/2025:03:32:48 +0000] "POST /api/clientStaff/trip_logs/ HTTP/1.1" 201 318 "-" "okhttp/4.9.2"
157.48.186.180 - - [10/Mar/2025:03:32:48 +0000] "POST /api/clientStaff/trip_logs/ HTTP/1.1" 201 334 "-" "okhttp/4.9.2"
157.47.125.5 - - [10/Mar/2025:03:32:48 +0000] "GET /api/clientStaff/diagnostic_remarks/?register=36608 HTTP/1.1" 200 2 "-" "okhttp/4.9.2"
157.47.125.5 - - [10/Mar/2025:03:32:48 +0000] "GET /api/part?organisation=106&fields=id,name HTTP/1.1" 301 0 "-" "okhttp/4.9.2"
223.237.131.56 - - [10/Mar/2025:03:32:48 +0000] "POST /api/clientStaff/trip_logs/ HTTP/1.1" 401 26 "-" "okhttp/4.9.2"
157.47.125.5 - - [10/Mar/2025:03:32:48 +0000] "GET /api/part/?organisation=106&fields=id,name HTTP/1.1" 200 2 "-" "okhttp/4.9.2"
157.47.125.5 - - [10/Mar/2025:03:32:49 +0000] "GET /api/clientCall/callStatus/?register=36608 HTTP/1.1" 200 270 "-" "okhttp/4.9.2"
157.47.125.5 - - [10/Mar/2025:03:32:49 +0000] "GET /api/clientCall/callStatusMaster/ HTTP/1.1" 200 495 "-" "okhttp/4.9.2"
157.47.125.5 - - [10/Mar/2025:03:32:49 +0000] "GET /api/clientStaff/symptom_remark/?org=106 HTTP/1.1" 200 285 "-" "okhttp/4.9.2"
157.47.125.5 - - [10/Mar/2025:03:32:49 +0000] "GET /api/inventory/technician_master/?user=8126 HTTP/1.1" 200 2 "-" "okhttp/4.9.2"
157.47.125.5 - - [10/Mar/2025:03:32:49 +0000] "GET /api/inventory/spare_transition/?user=8126&register=36608 HTTP/1.1" 200 2 "-" "okhttp/4.9.2"
157.47.125.5 - - [10/Mar/2025:03:32:49 +0000] "GET /api/Starlly/country-address-schema/IN/ HTTP/1.1" 200 779 "-" "okhttp/4.9.2"
152.59.144.204 - - [10/Mar/2025:03:32:49 +0000] "POST /api/clientStaff/trip_logs/ HTTP/1.1" 201 316 "-" "okhttp/4.9.2"
106.221.185.124 - - [10/Mar/2025:03:32:49 +0000] "POST /api/clientStaff/trip_logs/ HTTP/1.1" 201 359 "-" "okhttp/4.9.2"
152.59.202.223 - - [10/Mar/2025:03:32:50 +0000] "GET /api/Starlly/fetch-erp-data/?userId=8708 HTTP/1.1" 200 46 "-" "okhttp/4.9.2"
106.217.202.101 - - [10/Mar/2025:03:32:50 +0000] "POST /api/clientStaff/trip_logs/ HTTP/1.1" 201 319 "-" "okhttp/4.9.2"
27.59.110.125 - - [10/Mar/2025:03:32:51 +0000] "GET /api/part?organisation=106&fields=id,name HTTP/1.1" 301 0 "-" "okhttp/4.9.2"
27.59.110.125 - - [10/Mar/2025:03:32:51 +0000] "GET /api/clientStaff/symptom_remark/?org=106 HTTP/1.1" 200 285 "-" "okhttp/4.9.2"
27.59.110.125 - - [10/Mar/2025:03:32:51 +0000] "GET /api/clientCall/callStatus/?register=30072 HTTP/1.1" 200 256 "-" "okhttp/4.9.2"
27.59.110.125 - - [10/Mar/2025:03:32:51 +0000] "GET /api/clientStaff/diagnostic_remarks/?register=30072 HTTP/1.1" 200 2 "-" "okhttp/4.9.2"
27.59.110.125 - - [10/Mar/2025:03:32:51 +0000] "GET /api/clientCall/callStatusMaster/ HTTP/1.1" 200 495 "-" "okhttp/4.9.2"
152.59.205.250 - - [10/Mar/2025:03:32:51 +0000] "GET /api/Starlly/fetch-erp-data/?userId=8090 HTTP/1.1" 401 26 "-" "okhttp/4.9.2"
152.59.143.124 - - [10/Mar/2025:03:32:51 +0000] "POST /api/clientStaff/triplog_history/ HTTP/1.1" 404 159 "-" "okhttp/4.9.2"
152.59.144.109 - - [10/Mar/2025:03:32:51 +0000] "POST /api/clientStaff/triplog_history/ HTTP/1.1" 404 159 "-" "okhttp/4.9.2"
27.59.110.125 - - [10/Mar/2025:03:32:51 +0000] "GET /api/part/?organisation=106&fields=id,name HTTP/1.1" 200 2 "-" "okhttp/4.9.2"
27.59.110.125 - - [10/Mar/2025:03:32:51 +0000] "GET /api/inventory/spare_transition/?user=1978&register=30072 HTTP/1.1" 200 2 "-" "okhttp/4.9.2"
27.59.110.125 - - [10/Mar/2025:03:32:51 +0000] "GET /api/inventory/technician_master/?user=1978 HTTP/1.1" 200 2 "-" "okhttp/4.9.2"
27.59.110.125 - - [10/Mar/2025:03:32:51 +0000] "GET /api/Starlly/country-address-schema/IN/ HTTP/1.1" 200 779 "-" "okhttp/4.9.2"
152.59.205.18 - - [10/Mar/2025:03:32:51 +0000] "POST /api/clientStaff/trip_logs/ HTTP/1.1" 201 316 "-" "okhttp/4.9.2"
152.58.186.183 - - [10/Mar/2025:03:32:51 +0000] "GET /api/Starlly/fetch-erp-data/?userId=1101 HTTP/1.1" 200 46 "-" "okhttp/4.9.2"
152.59.202.90 - - [10/Mar/2025:03:32:52 +0000] "POST /api/clientStaff/trip_logs/ HTTP/1.1" 201 334 "-" "okhttp/4.9.2"
152.59.211.195 - - [10/Mar/2025:03:32:52 +0000] "GET /api/clientCall/registerCall/?limit=1&offset=0&organisation=106&technician=9348 HTTP/1.1" 200 1385 "-" "okhttp/4.9.2"
152.59.211.195 - - [10/Mar/2025:03:32:52 +0000] "GET /api/clientOrganisation/call_user_counts/?id=9348 HTTP/1.1" 200 198 "-" "okhttp/4.9.2"
157.47.125.5 - - [10/Mar/2025:03:32:52 +0000] "POST /api/clientStaff/trip_logs/ HTTP/1.1" 201 355 "-" "okhttp/4.9.2"
106.216.254.86 - - [10/Mar/2025:03:32:52 +0000] "POST /api/Starlly/auth/login/ HTTP/1.1" 200 988 "-" "okhttp/4.9.2"
152.59.144.204 - - [10/Mar/2025:03:32:52 +0000] "GET /api/Starlly/fetch-erp-data/?userId=729 HTTP/1.1" 200 46 "-" "okhttp/4.9.2"
106.216.254.86 - - [10/Mar/2025:03:32:52 +0000] "POST /api/notification/store-token/ HTTP/1.1" 400 55 "-" "okhttp/4.9.2"
106.216.254.86 - - [10/Mar/2025:03:32:52 +0000] "GET /api/clientOrganisation/Organisation/106/?fields=address HTTP/1.1" 200 14 "-" "okhttp/4.9.2"
106.216.254.86 - - [10/Mar/2025:03:32:52 +0000] "GET /api/clientCall/registerCall/?limit=1&offset=0&organisation=106&technician=4913 HTTP/1.1" 200 1278 "-" "okhttp/4.9.2"
106.216.254.86 - - [10/Mar/2025:03:32:52 +0000] "GET /api/clientOrganisation/call_user_counts/?id=4913 HTTP/1.1" 200 198 "-" "okhttp/4.9.2"
106.216.254.86 - - [10/Mar/2025:03:32:52 +0000] "GET /api/clientOrganisation/client_staff/?id=4913 HTTP/1.1" 200 435 "-" "okhttp/4.9.2"
152.59.211.195 - - [10/Mar/2025:03:32:53 +0000] "GET /api/clientCall/registerCall/?limit=1&offset=0&organisation=106&technician=9348 HTTP/1.1" 200 1385 "-" "okhttp/4.9.2"
152.59.211.195 - - [10/Mar/2025:03:32:53 +0000] "GET /api/clientOrganisation/call_user_counts/?id=9348 HTTP/1.1" 200 198 "-" "okhttp/4.9.2"
157.47.125.5 - - [10/Mar/2025:03:32:54 +0000] "POST /api/clientStaff/trip_logs/ HTTP/1.1" 201 315 "-" "okhttp/4.9.2"
223.187.22.157 - - [10/Mar/2025:03:32:54 +0000] "POST /api/clientStaff/trip_logs/ HTTP/1.1" 201 319 "-" "okhttp/4.9.2"
103.109.221.54 - - [10/Mar/2025:03:32:54 +0000] "GET /api/clientOrganisation/call_user_counts/?id=2090 HTTP/1.1" 200 198 "-" "okhttp/4.9.2"
103.109.221.54 - - [10/Mar/2025:03:32:54 +0000] "GET /api/clientCall/registerCall/?limit=1&offset=0&organisation=106&technician=2090 HTTP/1.1" 200 1269 "-" "okhttp/4.9.2"
152.59.212.181 - - [10/Mar/2025:03:32:54 +0000] "POST /api/clientStaff/trip_logs/ HTTP/1.1" 201 334 "-" "okhttp/4.9.2"
103.109.221.54 - - [10/Mar/2025:03:32:54 +0000] "GET /api/clientOrganisation/call_user_counts/?id=2090 HTTP/1.1" 200 198 "-" "okhttp/4.9.2"
103.109.221.54 - - [10/Mar/2025:03:32:54 +0000] "GET /api/clientCall/registerCall/?limit=1&offset=0&organisation=106&technician=2090 HTTP/1.1" 200 1269 "-" "okhttp/4.9.2"
152.59.205.62 - - [10/Mar/2025:03:32:54 +0000] "POST /api/clientStaff/trip_logs/ HTTP/1.1" 201 320 "-" "okhttp/4.9.2"
106.221.255.185 - - [10/Mar/2025:03:32:54 +0000] "POST /api/clientStaff/triplog_history/ HTTP/1.1" 404 159 "-" "okhttp/4.9.2"
106.220.206.39 - - [10/Mar/2025:03:32:55 +0000] "POST /api/Starlly/otp-verify/ HTTP/1.1" 200 105 "-" "okhttp/4.9.2"
152.59.211.195 - - [10/Mar/2025:03:32:55 +0000] "GET /api/clientCall/registerCall/?technician=9348&client=&status=3&limit=20&offset=0&start=&end= HTTP/1.1" 200 1385 "-" "okhttp/4.9.2"
106.216.254.86 - - [10/Mar/2025:03:32:55 +0000] "GET /api/Starlly/fetch-erp-data/?userId=4913 HTTP/1.1" 200 46 "-" "okhttp/4.9.2"
152.59.205.62 - - [10/Mar/2025:03:32:56 +0000] "POST /api/clientStaff/trip_logs/ HTTP/1.1" 201 317 "-" "okhttp/4.9.2"
103.109.221.54 - - [10/Mar/2025:03:32:56 +0000] "GET /api/Starlly/fetch-erp-data/?userId=2090 HTTP/1.1" 200 46 "-" "okhttp/4.9.2"
106.195.72.75 - - [10/Mar/2025:03:32:56 +0000] "GET /api/clientOrganisation/call_user_counts/?id=3197 HTTP/1.1" 200 198 "-" "okhttp/4.9.2"
106.195.72.75 - - [10/Mar/2025:03:32:56 +0000] "GET /api/clientCall/registerCall/?limit=1&offset=0&organisation=106&technician=3197 HTTP/1.1" 200 1294 "-" "okhttp/4.9.2"
106.195.72.75 - - [10/Mar/2025:03:32:56 +0000] "GET /api/clientCall/registerCall/?limit=1&offset=0&organisation=106&technician=3197 HTTP/1.1" 200 1294 "-" "okhttp/4.9.2"
106.195.72.75 - - [10/Mar/2025:03:32:56 +0000] "GET /api/clientOrganisation/call_user_counts/?id=3197 HTTP/1.1" 200 198 "-" "okhttp/4.9.2"
152.59.205.62 - - [10/Mar/2025:03:32:56 +0000] "GET /api/Starlly/fetch-erp-data/?userId=8909 HTTP/1.1" 200 46 "-" "okhttp/4.9.2"
106.216.206.97 - - [10/Mar/2025:03:32:56 +0000] "POST /api/clientStaff/trip_logs/ HTTP/1.1" 201 334 "-" "okhttp/4.9.2"
152.59.204.132 - - [10/Mar/2025:03:32:57 +0000] "GET /api/clientCall/registerCall/?limit=1&offset=0&organisation=106&technician=2524 HTTP/1.1" 200 1287 "-" "okhttp/4.9.2"
152.59.204.132 - - [10/Mar/2025:03:32:57 +0000] "GET /api/clientOrganisation/call_user_counts/?id=2524 HTTP/1.1" 200 198 "-" "okhttp/4.9.2"
152.59.204.132 - - [10/Mar/2025:03:32:57 +0000] "GET /api/clientCall/registerCall/?limit=1&offset=0&organisation=106&technician=2524 HTTP/1.1" 200 1287 "-" "okhttp/4.9.2"
152.59.204.132 - - [10/Mar/2025:03:32:57 +0000] "GET /api/clientOrganisation/call_user_counts/?id=2524 HTTP/1.1" 200 198 "-" "okhttp/4.9.2"
223.187.72.127 - - [10/Mar/2025:03:32:57 +0000] "POST /api/clientStaff/trip_logs/ HTTP/1.1" 201 334 "-" "okhttp/4.9.2"
223.228.33.122 - - [10/Mar/2025:03:32:57 +0000] "POST /api/clientStaff/trip_logs/ HTTP/1.1" 201 319 "-" "okhttp/4.9.2"
152.58.17.75 - - [10/Mar/2025:03:32:57 +0000] "GET /api/clientCall/registerCall/?limit=1&offset=0&organisation=106&technician=2111 HTTP/1.1" 200 1285 "-" "okhttp/4.9.2"
152.58.17.75 - - [10/Mar/2025:03:32:57 +0000] "GET /api/clientOrganisation/call_user_counts/?id=2111 HTTP/1.1" 200 198 "-" "okhttp/4.9.2"
27.59.54.65 - - [10/Mar/2025:03:32:57 +0000] "POST /api/clientStaff/trip_logs/ HTTP/1.1" 201 319 "-" "okhttp/4.9.2"
152.58.17.75 - - [10/Mar/2025:03:32:57 +0000] "GET /api/clientCall/registerCall/?limit=1&offset=0&organisation=106&technician=2111 HTTP/1.1" 200 1285 "-" "okhttp/4.9.2"
157.35.3.62 - - [10/Mar/2025:03:32:57 +0000] "POST /api/clientStaff/triplog_history/ HTTP/1.1" 404 159 "-" "okhttp/4.9.2"
152.58.17.75 - - [10/Mar/2025:03:32:57 +0000] "GET /api/clientOrganisation/call_user_counts/?id=2111 HTTP/1.1" 200 198 "-" "okhttp/4.9.2"
152.59.144.204 - - [10/Mar/2025:03:32:57 +0000] "POST /api/clientStaff/trip_logs/ HTTP/1.1" 201 311 "-" "okhttp/4.9.2"
223.190.141.119 - - [10/Mar/2025:03:32:58 +0000] "POST /api/clientStaff/triplog_history/ HTTP/1.1" 404 159 "-" "okhttp/4.9.2"
223.190.141.119 - - [10/Mar/2025:03:32:58 +0000] "POST /api/clientStaff/triplog_history/ HTTP/1.1" 404 159 "-" "okhttp/4.9.2"
152.59.205.250 - - [10/Mar/2025:03:32:58 +0000] "GET /api/Starlly/fetch-erp-data/?userId=8090 HTTP/1.1" 401 26 "-" "okhttp/4.9.2"
152.59.144.204 - - [10/Mar/2025:03:32:58 +0000] "POST /api/clientStaff/bulk-insert-triplog-history/ HTTP/1.1" 201 45 "-" "okhttp/4.9.2"
106.219.242.155 - - [10/Mar/2025:03:32:58 +0000] "GET /api/Starlly/fetch-erp-data/?userId=660 HTTP/1.1" 200 46 "-" "okhttp/4.9.2"
43.227.130.26 - - [10/Mar/2025:03:32:58 +0000] "GET /api/clientCall/registerCall/?limit=1&offset=0&organisation=106&technician=3341 HTTP/1.1" 200 1286 "-" "okhttp/4.9.2"
43.227.130.26 - - [10/Mar/2025:03:32:58 +0000] "GET /api/clientOrganisation/call_user_counts/?id=3341 HTTP/1.1" 200 198 "-" "okhttp/4.9.2"
152.59.204.132 - - [10/Mar/2025:03:32:58 +0000] "GET /api/Starlly/fetch-erp-data/?userId=2524 HTTP/1.1" 200 46 "-" "okhttp/4.9.2"
43.227.130.26 - - [10/Mar/2025:03:32:58 +0000] "GET /api/clientCall/registerCall/?limit=1&offset=0&organisation=106&technician=3341 HTTP/1.1" 200 1286 "-" "okhttp/4.9.2"
43.227.130.26 - - [10/Mar/2025:03:32:58 +0000] "GET /api/clientOrganisation/call_user_counts/?id=3341 HTTP/1.1" 200 198 "-" "okhttp/4.9.2"
157.48.113.210 - - [10/Mar/2025:03:32:59 +0000] "GET /api/clientStaff/user/5898/first_trip_log/ HTTP/1.1" 200 168 "-" "okhttp/4.9.2"
157.48.113.210 - - [10/Mar/2025:03:32:59 +0000] "GET /api/clientCall/registerCall/?limit=1&offset=0&organisation=106&technician=5898 HTTP/1.1" 200 1288 "-" "okhttp/4.9.2"
157.47.13.251 - - [10/Mar/2025:03:32:59 +0000] "POST /api/clientStaff/trip_logs/ HTTP/1.1" 201 333 "-" "okhttp/4.9.2"
157.48.113.210 - - [10/Mar/2025:03:32:59 +0000] "GET /api/clientOrganisation/call_user_counts/?id=5898 HTTP/1.1" 200 198 "-" "okhttp/4.9.2"
152.59.211.64 - - [10/Mar/2025:03:33:00 +0000] "GET /api/clientStaff/user/9105/first_trip_log/ HTTP/1.1" 200 159 "-" "okhttp/4.9.2"
152.59.211.64 - - [10/Mar/2025:03:33:00 +0000] "GET /api/clientCall/registerCall/?limit=1&offset=0&organisation=106&technician=9105 HTTP/1.1" 200 1382 "-" "okhttp/4.9.2"
106.195.65.170 - - [10/Mar/2025:03:33:00 +0000] "POST /api/clientStaff/trip_logs/ HTTP/1.1" 201 318 "-" "okhttp/4.9.2"
152.59.211.64 - - [10/Mar/2025:03:33:00 +0000] "GET /api/clientOrganisation/call_user_counts/?id=9105 HTTP/1.1" 200 198 "-" "okhttp/4.9.2"
157.48.113.210 - - [10/Mar/2025:03:33:00 +0000] "GET /api/clientOrganisation/call_user_counts/?id=5898 HTTP/1.1" 200 198 "-" "okhttp/4.9.2"
157.48.113.210 - - [10/Mar/2025:03:33:00 +0000] "GET /api/clientCall/registerCall/?limit=1&offset=0&organisation=106&technician=5898 HTTP/1.1" 200 1288 "-" "okhttp/4.9.2"
152.59.205.18 - - [10/Mar/2025:03:33:00 +0000] "POST /api/clientStaff/trip_logs/ HTTP/1.1" 201 313 "-" "okhttp/4.9.2"
152.59.204.30 - - [10/Mar/2025:03:33:01 +0000] "POST /api/Starlly/auth/login/ HTTP/1.1" 200 963 "-" "okhttp/4.9.2"
152.59.204.30 - - [10/Mar/2025:03:33:01 +0000] "POST /api/notification/store-token/ HTTP/1.1" 200 247 "-" "okhttp/4.9.2"
43.227.130.26 - - [10/Mar/2025:03:33:01 +0000] "GET /api/Starlly/fetch-erp-data/?userId=3341 HTTP/1.1" 200 46 "-" "okhttp/4.9.2"
152.59.204.30 - - [10/Mar/2025:03:33:01 +0000] "GET /api/clientCall/registerCall/?limit=1&offset=0&organisation=106&technician=8870 HTTP/1.1" 200 1445 "-" "okhttp/4.9.2"
152.59.204.30 - - [10/Mar/2025:03:33:01 +0000] "GET /api/clientOrganisation/Organisation/106/?fields=address HTTP/1.1" 200 14 "-" "okhttp/4.9.2"
152.59.204.30 - - [10/Mar/2025:03:33:01 +0000] "GET /api/clientOrganisation/call_user_counts/?id=8870 HTTP/1.1" 200 198 "-" "okhttp/4.9.2"
152.59.204.30 - - [10/Mar/2025:03:33:01 +0000] "GET /api/clientOrganisation/client_staff/?id=8870 HTTP/1.1" 200 445 "-" "okhttp/4.9.2"
152.59.204.30 - - [10/Mar/2025:03:33:02 +0000] "GET /api/clientOrganisation/call_user_counts/?id=8870 HTTP/1.1" 200 198 "-" "okhttp/4.9.2"
152.59.144.204 - - [10/Mar/2025:03:33:02 +0000] "POST /api/clientStaff/trip_logs/ HTTP/1.1" 201 318 "-" "okhttp/4.9.2"
157.47.125.5 - - [10/Mar/2025:03:33:02 +0000] "POST /api/clientStaff/trip_logs/ HTTP/1.1" 201 312 "-" "okhttp/4.9.2"
157.47.125.5 - - [10/Mar/2025:03:33:02 +0000] "POST /api/clientStaff/bulk-insert-triplog-history/ HTTP/1.1" 201 45 "-" "okhttp/4.9.2"
223.190.141.119 - - [10/Mar/2025:03:33:03 +0000] "POST /api/clientStaff/triplog_history/ HTTP/1.1" 404 159 "-" "okhttp/4.9.2"
157.48.113.210 - - [10/Mar/2025:03:33:03 +0000] "GET /api/Starlly/fetch-erp-data/?userId=5898 HTTP/1.1" 200 46 "-" "okhttp/4.9.2"
152.59.202.223 - - [10/Mar/2025:03:33:03 +0000] "POST /api/clientStaff/trip_logs/ HTTP/1.1" 201 319 "-" "okhttp/4.9.2"
152.58.17.75 - - [10/Mar/2025:03:33:04 +0000] "GET /api/Starlly/fetch-erp-data/?userId=2111 HTTP/1.1" 200 46 "-" "okhttp/4.9.2"
106.221.183.182 - - [10/Mar/2025:03:33:04 +0000] "POST /api/clientStaff/trip_logs/ HTTP/1.1" 201 334 "-" "okhttp/4.9.2"
152.59.204.132 - - [10/Mar/2025:03:33:05 +0000] "POST /api/clientStaff/trip_logs/ HTTP/1.1" 201 317 "-" "okhttp/4.9.2"
106.220.206.39 - - [10/Mar/2025:03:33:05 +0000] "POST /api/Starlly/reset-password/NDc3Nw/cmfygv-fab834196c80de7e6de6caf9a1422074/ HTTP/1.1" 200 41 "-" "okhttp/4.9.2"
152.59.202.138 - - [10/Mar/2025:03:33:06 +0000] "POST /api/clientStaff/triplog_history/ HTTP/1.1" 404 159 "-" "okhttp/4.9.2"
106.195.72.75 - - [10/Mar/2025:03:33:06 +0000] "GET /api/Starlly/fetch-erp-data/?userId=3197 HTTP/1.1" 200 46 "-" "okhttp/4.9.2"
152.58.186.183 - - [10/Mar/2025:03:33:06 +0000] "POST /api/clientStaff/trip_logs/ HTTP/1.1" 201 320 "-" "okhttp/4.9.2"
152.59.205.62 - - [10/Mar/2025:03:33:07 +0000] "POST /api/clientStaff/trip_logs/ HTTP/1.1" 201 318 "-" "okhttp/4.9.2"
106.216.254.86 - - [10/Mar/2025:03:33:07 +0000] "POST /api/clientStaff/trip_logs/ HTTP/1.1" 201 319 "-" "okhttp/4.9.2"
152.58.23.32 - - [10/Mar/2025:03:33:07 +0000] "POST /api/clientStaff/trip_logs/ HTTP/1.1" 201 319 "-" "okhttp/4.9.2"
152.59.211.64 - - [10/Mar/2025:03:33:08 +0000] "GET /api/clientCall/registerCall/?technician=9105&client=204&status=&limit=20&offset=0&start=&end= HTTP/1.1" 200 1382 "-" "okhttp/4.9.2"
152.58.144.57 - - [10/Mar/2025:03:33:08 +0000] "GET /api/clientCall/registerCall/?limit=1&offset=0&organisation=106&technician=1392 HTTP/1.1" 200 1266 "-" "okhttp/4.9.2"
152.58.144.57 - - [10/Mar/2025:03:33:08 +0000] "GET /api/clientOrganisation/call_user_counts/?id=1392 HTTP/1.1" 200 198 "-" "okhttp/4.9.2"
152.58.144.57 - - [10/Mar/2025:03:33:08 +0000] "GET /api/clientCall/registerCall/?limit=1&offset=0&organisation=106&technician=1392 HTTP/1.1" 200 1266 "-" "okhttp/4.9.2"
152.58.144.57 - - [10/Mar/2025:03:33:08 +0000] "GET /api/clientOrganisation/call_user_counts/?id=1392 HTTP/1.1" 200 198 "-" "okhttp/4.9.2"
106.219.242.155 - - [10/Mar/2025:03:33:08 +0000] "POST /api/clientStaff/trip_logs/ HTTP/1.1" 201 318 "-" "okhttp/4.9.2"
152.59.213.233 - - [10/Mar/2025:03:33:08 +0000] "POST /api/clientStaff/trip_logs/ HTTP/1.1" 201 334 "-" "okhttp/4.9.2"
152.59.211.64 - - [10/Mar/2025:03:33:09 +0000] "GET /api/clientStaff/diagnostic_remarks/?register=37658 HTTP/1.1" 200 2 "-" "okhttp/4.9.2"
152.59.211.64 - - [10/Mar/2025:03:33:09 +0000] "GET /api/clientCall/callStatus/?register=37658 HTTP/1.1" 200 242 "-" "okhttp/4.9.2"
152.59.211.64 - - [10/Mar/2025:03:33:09 +0000] "GET /api/clientStaff/symptom_remark/?org=106 HTTP/1.1" 200 285 "-" "okhttp/4.9.2"
152.59.211.64 - - [10/Mar/2025:03:33:09 +0000] "GET /api/inventory/technician_master/?user=9105 HTTP/1.1" 200 2 "-" "okhttp/4.9.2"
152.59.211.64 - - [10/Mar/2025:03:33:09 +0000] "GET /api/inventory/spare_transition/?user=9105&register=37658 HTTP/1.1" 200 2 "-" "okhttp/4.9.2"
152.59.211.64 - - [10/Mar/2025:03:33:09 +0000] "GET /api/Starlly/country-address-schema/IN/ HTTP/1.1" 200 779 "-" "okhttp/4.9.2"
117.99.250.248 - - [10/Mar/2025:03:33:09 +0000] "GET /api/clientStaff/user/4158/first_trip_log/ HTTP/1.1" 200 199 "-" "okhttp/4.9.2"
117.99.250.248 - - [10/Mar/2025:03:33:09 +0000] "GET /api/clientCall/registerCall/?limit=1&offset=0&organisation=106&technician=4158 HTTP/1.1" 200 1254 "-" "okhttp/4.9.2"
152.59.211.64 - - [10/Mar/2025:03:33:09 +0000] "GET /api/part?organisation=106&fields=id,name HTTP/1.1" 301 0 "-" "okhttp/4.9.2"
152.59.211.64 - - [10/Mar/2025:03:33:09 +0000] "GET /api/clientCall/callStatusMaster/ HTTP/1.1" 200 495 "-" "okhttp/4.9.2"
117.99.250.248 - - [10/Mar/2025:03:33:09 +0000] "GET /api/clientOrganisation/call_user_counts/?id=4158 HTTP/1.1" 200 198 "-" "okhttp/4.9.2"
152.59.211.64 - - [10/Mar/2025:03:33:09 +0000] "GET /api/part/?organisation=106&fields=id,name HTTP/1.1" 200 2 "-" "okhttp/4.9.2"
117.99.250.248 - - [10/Mar/2025:03:33:09 +0000] "GET /api/clientCall/registerCall/?limit=1&offset=0&organisation=106&technician=4158 HTTP/1.1" 200 1254 "-" "okhttp/4.9.2"
117.99.250.248 - - [10/Mar/2025:03:33:09 +0000] "GET /api/clientOrganisation/call_user_counts/?id=4158 HTTP/1.1" 200 198 "-" "okhttp/4.9.2"
152.59.202.138 - - [10/Mar/2025:03:33:10 +0000] "POST /api/clientStaff/triplog_history/ HTTP/1.1" 404 159 "-" "okhttp/4.9.2"
152.59.208.164 - - [10/Mar/2025:03:33:10 +0000] "GET /api/clientStaff/user/6100/first_trip_log/ HTTP/1.1" 200 163 "-" "okhttp/4.9.2"
152.59.208.164 - - [10/Mar/2025:03:33:10 +0000] "GET /api/clientOrganisation/call_user_counts/?id=6100 HTTP/1.1" 401 26 "-" "okhttp/4.9.2"
152.59.204.132 - - [10/Mar/2025:03:33:10 +0000] "POST /api/clientStaff/trip_logs/ HTTP/1.1" 201 319 "-" "okhttp/4.9.2"
152.59.208.164 - - [10/Mar/2025:03:33:10 +0000] "GET /api/clientOrganisation/call_user_counts/?id=6100 HTTP/1.1" 401 26 "-" "okhttp/4.9.2"
27.59.110.125 - - [10/Mar/2025:03:33:10 +0000] "GET /api/clientCall/registerCall/?technician=1978&client=202&status=3&limit=20&offset=0&start=&end= HTTP/1.1" 200 1282 "-" "okhttp/4.9.2"
152.58.144.57 - - [10/Mar/2025:03:33:10 +0000] "GET /api/Starlly/fetch-erp-data/?userId=1392 HTTP/1.1" 200 46 "-" "okhttp/4.9.2"
152.58.7.131 - - [10/Mar/2025:03:33:10 +0000] "POST /api/clientStaff/trip_logs/ HTTP/1.1" 201 318 "-" "okhttp/4.9.2"
152.59.211.64 - - [10/Mar/2025:03:33:11 +0000] "POST /api/clientStaff/trip_logs/ HTTP/1.1" 201 359 "-" "okhttp/4.9.2"
106.221.185.85 - - [10/Mar/2025:03:33:11 +0000] "GET /api/clientStaff/user/8336/first_trip_log/ HTTP/1.1" 200 162 "-" "okhttp/4.9.2"
106.221.185.85 - - [10/Mar/2025:03:33:11 +0000] "GET /api/clientCall/registerCall/?limit=1&offset=0&organisation=106&technician=8336 HTTP/1.1" 200 1367 "-" "okhttp/4.9.2"
106.221.185.85 - - [10/Mar/2025:03:33:11 +0000] "GET /api/clientOrganisation/call_user_counts/?id=8336 HTTP/1.1" 200 198 "-" "okhttp/4.9.2"
106.193.194.212 - - [10/Mar/2025:03:33:11 +0000] "POST /api/Starlly/auth/login/ HTTP/1.1" 200 988 "-" "okhttp/4.9.2"
152.58.186.183 - - [10/Mar/2025:03:33:11 +0000] "GET /api/Starlly/fetch-erp-data/?userId=1101 HTTP/1.1" 200 46 "-" "okhttp/4.9.2"
152.59.211.130 - - [10/Mar/2025:03:33:11 +0000] "GET /api/clientCall/registerCall/?limit=1&offset=0&organisation=106&technician=5821 HTTP/1.1" 200 1303 "-" "okhttp/4.9.2"
223.185.91.254 - - [10/Mar/2025:03:33:11 +0000] "POST /api/clientStaff/bulk-insert-triplog-history/ HTTP/1.1" 201 45 "-" "okhttp/4.9.2"
152.59.211.130 - - [10/Mar/2025:03:33:11 +0000] "GET /api/clientOrganisation/call_user_counts/?id=5821 HTTP/1.1" 200 198 "-" "okhttp/4.9.2"
106.193.194.212 - - [10/Mar/2025:03:33:11 +0000] "GET /api/clientOrganisation/Organisation/106/?fields=address HTTP/1.1" 200 14 "-" "okhttp/4.9.2"
223.190.141.119 - - [10/Mar/2025:03:33:11 +0000] "POST /api/clientStaff/triplog_history/ HTTP/1.1" 404 159 "-" "okhttp/4.9.2"
152.59.211.130 - - [10/Mar/2025:03:33:11 +0000] "GET /api/clientCall/registerCall/?limit=1&offset=0&organisation=106&technician=5821 HTTP/1.1" 200 1303 "-" "okhttp/4.9.2"
152.59.211.130 - - [10/Mar/2025:03:33:12 +0000] "GET /api/clientOrganisation/call_user_counts/?id=5821 HTTP/1.1" 200 198 "-" "okhttp/4.9.2"
106.193.194.212 - - [10/Mar/2025:03:33:12 +0000] "POST /api/notification/store-token/ HTTP/1.1" 200 247 "-" "okhttp/4.9.2"
106.193.194.212 - - [10/Mar/2025:03:33:12 +0000] "GET /api/clientCall/registerCall/?limit=1&offset=0&organisation=106&technician=3993 HTTP/1.1" 200 1272 "-" "okhttp/4.9.2"
106.193.194.212 - - [10/Mar/2025:03:33:12 +0000] "GET /api/clientOrganisation/call_user_counts/?id=3993 HTTP/1.1" 200 198 "-" "okhttp/4.9.2"
106.193.194.212 - - [10/Mar/2025:03:33:12 +0000] "GET /api/clientOrganisation/client_staff/?id=3993 HTTP/1.1" 200 435 "-" "okhttp/4.9.2"
106.193.194.212 - - [10/Mar/2025:03:33:12 +0000] "GET /api/clientOrganisation/call_user_counts/?id=3993 HTTP/1.1" 200 198 "-" "okhttp/4.9.2"
106.221.185.85 - - [10/Mar/2025:03:33:12 +0000] "GET /api/clientCall/registerCall/?technician=8336&client=&status=3&limit=20&offset=0&start=&end= HTTP/1.1" 200 1367 "-" "okhttp/4.9.2"
117.99.250.248 - - [10/Mar/2025:03:33:13 +0000] "GET /api/Starlly/fetch-erp-data/?userId=4158 HTTP/1.1" 200 46 "-" "okhttp/4.9.2"
152.59.205.250 - - [10/Mar/2025:03:33:13 +0000] "GET /api/Starlly/fetch-erp-data/?userId=8090 HTTP/1.1" 401 26 "-" "okhttp/4.9.2"
152.59.204.132 - - [10/Mar/2025:03:33:13 +0000] "POST /api/clientStaff/trip_logs/ HTTP/1.1" 201 317 "-" "okhttp/4.9.2"
152.58.17.75 - - [10/Mar/2025:03:33:14 +0000] "POST /api/clientStaff/trip_logs/ HTTP/1.1" 201 319 "-" "okhttp/4.9.2"
152.59.205.182 - - [10/Mar/2025:03:33:14 +0000] "GET /api/clientOrganisation/call_user_counts/?id=8119 HTTP/1.1" 401 26 "-" "okhttp/4.9.2"
106.221.185.85 - - [10/Mar/2025:03:33:14 +0000] "GET /api/clientStaff/symptom_remark/?org=106 HTTP/1.1" 200 285 "-" "okhttp/4.9.2"
106.221.185.85 - - [10/Mar/2025:03:33:14 +0000] "GET /api/clientStaff/diagnostic_remarks/?register=36804 HTTP/1.1" 200 2 "-" "okhttp/4.9.2"
106.221.185.85 - - [10/Mar/2025:03:33:14 +0000] "GET /api/clientCall/callStatus/?register=36804 HTTP/1.1" 200 234 "-" "okhttp/4.9.2"
106.221.185.85 - - [10/Mar/2025:03:33:14 +0000] "GET /api/inventory/spare_transition/?user=8336&register=36804 HTTP/1.1" 200 2 "-" "okhttp/4.9.2"
106.221.185.85 - - [10/Mar/2025:03:33:14 +0000] "GET /api/inventory/technician_master/?user=8336 HTTP/1.1" 200 2 "-" "okhttp/4.9.2"
106.221.185.85 - - [10/Mar/2025:03:33:14 +0000] "GET /api/Starlly/country-address-schema/IN/ HTTP/1.1" 200 779 "-" "okhttp/4.9.2"
152.59.205.182 - - [10/Mar/2025:03:33:14 +0000] "GET /api/clientOrganisation/call_user_counts/?id=8119 HTTP/1.1" 401 26 "-" "okhttp/4.9.2"
106.221.185.85 - - [10/Mar/2025:03:33:14 +0000] "GET /api/part?organisation=106&fields=id,name HTTP/1.1" 301 0 "-" "okhttp/4.9.2"
106.221.185.85 - - [10/Mar/2025:03:33:14 +0000] "GET /api/clientCall/callStatusMaster/ HTTP/1.1" 200 495 "-" "okhttp/4.9.2"
106.221.185.85 - - [10/Mar/2025:03:33:14 +0000] "GET /api/part/?organisation=106&fields=id,name HTTP/1.1" 200 2 "-" "okhttp/4.9.2"
106.193.194.212 - - [10/Mar/2025:03:33:16 +0000] "GET /api/Starlly/fetch-erp-data/?userId=3993 HTTP/1.1" 200 46 "-" "okhttp/4.9.2"
152.59.144.204 - - [10/Mar/2025:03:33:16 +0000] "POST /api/clientStaff/trip_logs/ HTTP/1.1" 201 333 "-" "okhttp/4.9.2"
27.59.54.65 - - [10/Mar/2025:03:33:16 +0000] "POST /api/clientStaff/trip_logs/ HTTP/1.1" 201 334 "-" "okhttp/4.9.2"
43.227.130.26 - - [10/Mar/2025:03:33:16 +0000] "POST /api/clientStaff/trip_logs/ HTTP/1.1" 201 319 "-" "okhttp/4.9.2"
103.109.221.54 - - [10/Mar/2025:03:33:16 +0000] "POST /api/clientStaff/trip_logs/ HTTP/1.1" 201 317 "-" "okhttp/4.9.2"
223.187.43.154 - - [10/Mar/2025:03:33:16 +0000] "GET /api/Starlly/fetch-erp-data/?userId=6245 HTTP/1.1" 401 26 "-" "okhttp/4.9.2"
106.221.185.85 - - [10/Mar/2025:03:33:17 +0000] "POST /api/clientStaff/trip_logs/ HTTP/1.1" 201 359 "-" "okhttp/4.9.2"
152.59.181.114 - - [10/Mar/2025:03:33:18 +0000] "POST /api/clientStaff/bulk-insert-triplog-history/ HTTP/1.1" 201 45 "-" "okhttp/4.9.2"
152.58.188.133 - - [10/Mar/2025:03:33:18 +0000] "GET /api/clientCall/registerCall/?limit=1&offset=0&organisation=106&technician=1027 HTTP/1.1" 200 1371 "-" "okhttp/4.9.2"
152.58.188.133 - - [10/Mar/2025:03:33:18 +0000] "GET /api/clientOrganisation/call_user_counts/?id=1027 HTTP/1.1" 200 198 "-" "okhttp/4.9.2"
106.195.72.75 - - [10/Mar/2025:03:33:19 +0000] "POST /api/clientStaff/trip_logs/ HTTP/1.1" 201 318 "-" "okhttp/4.9.2"
171.48.82.13 - - [10/Mar/2025:03:33:19 +0000] "GET /api/clientCall/registerCall/?limit=1&offset=0&organisation=106&technician=4554 HTTP/1.1" 200 1273 "-" "okhttp/4.9.2"
152.58.186.183 - - [10/Mar/2025:03:33:19 +0000] "POST /api/clientStaff/trip_logs/ HTTP/1.1" 201 317 "-" "okhttp/4.9.2"
171.48.82.13 - - [10/Mar/2025:03:33:19 +0000] "GET /api/clientOrganisation/call_user_counts/?id=4554 HTTP/1.1" 200 198 "-" "okhttp/4.9.2"
171.48.82.13 - - [10/Mar/2025:03:33:19 +0000] "GET /api/clientCall/registerCall/?limit=1&offset=0&organisation=106&technician=4554 HTTP/1.1" 200 1273 "-" "okhttp/4.9.2"
171.48.82.13 - - [10/Mar/2025:03:33:19 +0000] "GET /api/clientOrganisation/call_user_counts/?id=4554 HTTP/1.1" 200 198 "-" "okhttp/4.9.2"
106.219.241.150 - - [10/Mar/2025:03:33:19 +0000] "POST /api/Starlly/auth/login/ HTTP/1.1" 400 64 "-" "okhttp/4.9.2"
152.58.188.133 - - [10/Mar/2025:03:33:19 +0000] "GET /api/clientCall/registerCall/?limit=1&offset=0&organisation=106&technician=1027 HTTP/1.1" 200 1371 "-" "okhttp/4.9.2"
152.58.188.133 - - [10/Mar/2025:03:33:20 +0000] "GET /api/clientOrganisation/call_user_counts/?id=1027 HTTP/1.1" 200 198 "-" "okhttp/4.9.2"
106.219.241.150 - - [10/Mar/2025:03:33:20 +0000] "POST /api/notification/store-token/ HTTP/1.1" 401 27 "-" "okhttp/4.9.2"
106.219.241.150 - - [10/Mar/2025:03:33:20 +0000] "GET /api/clientOrganisation/Organisation/undefined/?fields=address HTTP/1.1" 401 27 "-" "okhttp/4.9.2"
223.187.16.111 - - [10/Mar/2025:03:33:20 +0000] "POST /api/Starlly/auth/login/ HTTP/1.1" 200 940 "-" "okhttp/4.9.2"
223.187.2.184 - - [10/Mar/2025:03:33:20 +0000] "POST /api/Starlly/auth/login/ HTTP/1.1" 200 973 "-" "okhttp/4.9.2"
223.187.16.111 - - [10/Mar/2025:03:33:20 +0000] "POST /api/notification/store-token/ HTTP/1.1" 200 247 "-" "okhttp/4.9.2"
152.58.188.133 - - [10/Mar/2025:03:33:20 +0000] "GET /api/Starlly/fetch-erp-data/?userId=1027 HTTP/1.1" 200 46 "-" "okhttp/4.9.2"
223.187.2.184 - - [10/Mar/2025:03:33:21 +0000] "POST /api/notification/store-token/ HTTP/1.1" 200 247 "-" "okhttp/4.9.2"
223.187.16.111 - - [10/Mar/2025:03:33:21 +0000] "GET /api/clientOrganisation/Organisation/106/?fields=address HTTP/1.1" 200 14 "-" "okhttp/4.9.2"
223.187.2.184 - - [10/Mar/2025:03:33:21 +0000] "GET /api/clientOrganisation/Organisation/106/?fields=address HTTP/1.1" 200 14 "-" "okhttp/4.9.2"
223.187.2.184 - - [10/Mar/2025:03:33:21 +0000] "GET /api/clientCall/registerCall/?limit=1&offset=0&organisation=106&technician=8875 HTTP/1.1" 200 1473 "-" "okhttp/4.9.2"
223.187.2.184 - - [10/Mar/2025:03:33:21 +0000] "GET /api/clientOrganisation/call_user_counts/?id=8875 HTTP/1.1" 200 198 "-" "okhttp/4.9.2"
223.187.2.184 - - [10/Mar/2025:03:33:21 +0000] "GET /api/clientOrganisation/client_staff/?id=8875 HTTP/1.1" 200 445 "-" "okhttp/4.9.2"
152.59.228.132 - - [10/Mar/2025:03:33:21 +0000] "POST /api/clientStaff/triplog_history/ HTTP/1.1" 404 159 "-" "okhttp/4.9.2"
223.187.16.111 - - [10/Mar/2025:03:33:21 +0000] "GET /api/clientCall/registerCall/?limit=1&offset=0&organisation=106&technician=8988 HTTP/1.1" 200 1391 "-" "okhttp/4.9.2"
152.59.211.64 - - [10/Mar/2025:03:33:21 +0000] "GET /api/clientCall/registerCall/?technician=9105&client=204&status=&limit=20&offset=0&start=&end= HTTP/1.1" 200 1382 "-" "okhttp/4.9.2"
223.187.2.184 - - [10/Mar/2025:03:33:21 +0000] "GET /api/clientOrganisation/call_user_counts/?id=8875 HTTP/1.1" 200 198 "-" "okhttp/4.9.2"
223.187.16.111 - - [10/Mar/2025:03:33:21 +0000] "GET /api/clientOrganisation/call_user_counts/?id=8988 HTTP/1.1" 200 198 "-" "okhttp/4.9.2"
223.187.16.111 - - [10/Mar/2025:03:33:22 +0000] "GET /api/clientOrganisation/client_staff/?id=8988 HTTP/1.1" 200 445 "-" "okhttp/4.9.2"
152.58.188.133 - - [10/Mar/2025:03:33:22 +0000] "GET /api/Starlly/fetch-erp-data/?userId=1027 HTTP/1.1" 200 46 "-" "okhttp/4.9.2"
223.187.16.111 - - [10/Mar/2025:03:33:22 +0000] "GET /api/clientOrganisation/call_user_counts/?id=8988 HTTP/1.1" 200 198 "-" "okhttp/4.9.2"
171.48.82.13 - - [10/Mar/2025:03:33:22 +0000] "GET /api/Starlly/fetch-erp-data/?userId=4554 HTTP/1.1" 200 46 "-" "okhttp/4.9.2"
106.220.206.39 - - [10/Mar/2025:03:33:22 +0000] "POST /api/Starlly/auth/login/ HTTP/1.1" 200 995 "-" "okhttp/4.9.2"
106.220.206.39 - - [10/Mar/2025:03:33:22 +0000] "POST /api/notification/store-token/ HTTP/1.1" 400 55 "-" "okhttp/4.9.2"
106.220.206.39 - - [10/Mar/2025:03:33:22 +0000] "GET /api/clientOrganisation/Organisation/106/?fields=address HTTP/1.1" 200 14 "-" "okhttp/4.9.2"
152.59.211.64 - - [10/Mar/2025:03:33:22 +0000] "GET /api/clientStaff/diagnostic_remarks/?register=37658 HTTP/1.1" 200 2 "-" "okhttp/4.9.2"
152.59.211.64 - - [10/Mar/2025:03:33:22 +0000] "GET /api/part?organisation=106&fields=id,name HTTP/1.1" 301 0 "-" "okhttp/4.9.2"
152.59.211.64 - - [10/Mar/2025:03:33:22 +0000] "GET /api/clientCall/callStatus/?register=37658 HTTP/1.1" 200 242 "-" "okhttp/4.9.2"
152.59.211.64 - - [10/Mar/2025:03:33:22 +0000] "GET /api/clientCall/callStatusMaster/ HTTP/1.1" 200 495 "-" "okhttp/4.9.2"
152.59.211.64 - - [10/Mar/2025:03:33:22 +0000] "GET /api/clientStaff/symptom_remark/?org=106 HTTP/1.1" 200 285 "-" "okhttp/4.9.2"
152.59.211.64 - - [10/Mar/2025:03:33:22 +0000] "GET /api/inventory/technician_master/?user=9105 HTTP/1.1" 200 2 "-" "okhttp/4.9.2"
152.59.211.64 - - [10/Mar/2025:03:33:22 +0000] "GET /api/Starlly/country-address-schema/IN/ HTTP/1.1" 200 779 "-" "okhttp/4.9.2"
152.59.211.64 - - [10/Mar/2025:03:33:22 +0000] "GET /api/inventory/spare_transition/?user=9105&register=37658 HTTP/1.1" 200 2 "-" "okhttp/4.9.2"
152.59.211.64 - - [10/Mar/2025:03:33:22 +0000] "GET /api/part/?organisation=106&fields=id,name HTTP/1.1" 200 2 "-" "okhttp/4.9.2"
106.220.206.39 - - [10/Mar/2025:03:33:22 +0000] "GET /api/clientCall/registerCall/?limit=1&offset=0&organisation=106&technician=4777 HTTP/1.1" 200 1287 "-" "okhttp/4.9.2"
152.59.204.132 - - [10/Mar/2025:03:33:23 +0000] "POST /api/clientStaff/trip_logs/ HTTP/1.1" 201 311 "-" "okhttp/4.9.2"
106.220.206.39 - - [10/Mar/2025:03:33:23 +0000] "GET /api/clientOrganisation/call_user_counts/?id=4777 HTTP/1.1" 200 198 "-" "okhttp/4.9.2"
106.220.206.39 - - [10/Mar/2025:03:33:23 +0000] "GET /api/clientOrganisation/client_staff/?id=4777 HTTP/1.1" 200 435 "-" "okhttp/4.9.2"
152.59.204.132 - - [10/Mar/2025:03:33:23 +0000] "POST /api/clientStaff/bulk-insert-triplog-history/ HTTP/1.1" 201 45 "-" "okhttp/4.9.2"
152.58.144.57 - - [10/Mar/2025:03:33:23 +0000] "POST /api/clientStaff/trip_logs/ HTTP/1.1" 201 319 "-" "okhttp/4.9.2"
117.99.250.248 - - [10/Mar/2025:03:33:25 +0000] "POST /api/clientStaff/trip_logs/ HTTP/1.1" 201 319 "-" "okhttp/4.9.2"
117.96.19.134 - - [10/Mar/2025:03:33:25 +0000] "GET /api/clientOrganisation/call_user_counts/?id=1094 HTTP/1.1" 200 198 "-" "okhttp/4.9.2"
117.96.19.134 - - [10/Mar/2025:03:33:25 +0000] "GET /api/clientCall/registerCall/?limit=1&offset=0&organisation=106&technician=1094 HTTP/1.1" 200 1369 "-" "okhttp/4.9.2"
152.59.204.132 - - [10/Mar/2025:03:33:25 +0000] "POST /api/clientStaff/trip_logs/ HTTP/1.1" 201 333 "-" "okhttp/4.9.2"
117.96.19.134 - - [10/Mar/2025:03:33:25 +0000] "GET /api/clientCall/registerCall/?limit=1&offset=0&organisation=106&technician=1094 HTTP/1.1" 200 1369 "-" "okhttp/4.9.2"
117.96.19.134 - - [10/Mar/2025:03:33:25 +0000] "GET /api/clientOrganisation/call_user_counts/?id=1094 HTTP/1.1" 200 198 "-" "okhttp/4.9.2"
106.220.206.39 - - [10/Mar/2025:03:33:27 +0000] "GET /api/Starlly/fetch-erp-data/?userId=4777 HTTP/1.1" 200 46 "-" "okhttp/4.9.2"
157.48.134.211 - - [10/Mar/2025:03:33:28 +0000] "POST /api/Starlly/auth/login/ HTTP/1.1" 200 942 "-" "okhttp/4.9.2"
157.48.134.211 - - [10/Mar/2025:03:33:28 +0000] "POST /api/notification/store-token/ HTTP/1.1" 200 247 "-" "okhttp/4.9.2"
152.58.7.131 - - [10/Mar/2025:03:33:28 +0000] "POST /api/clientStaff/trip_logs/ HTTP/1.1" 201 334 "-" "okhttp/4.9.2"
157.48.134.211 - - [10/Mar/2025:03:33:28 +0000] "GET /api/clientCall/registerCall/?limit=1&offset=0&organisation=106&technician=9423 HTTP/1.1" 200 1384 "-" "okhttp/4.9.2"
157.48.134.211 - - [10/Mar/2025:03:33:28 +0000] "GET /api/clientOrganisation/Organisation/106/?fields=address HTTP/1.1" 200 14 "-" "okhttp/4.9.2"
152.59.211.130 - - [10/Mar/2025:03:33:28 +0000] "POST /api/Starlly/auth/login/ HTTP/1.1" 200 1002 "-" "okhttp/4.9.2"
157.48.134.211 - - [10/Mar/2025:03:33:28 +0000] "GET /api/clientOrganisation/call_user_counts/?id=9423 HTTP/1.1" 200 198 "-" "okhttp/4.9.2"
152.59.211.130 - - [10/Mar/2025:03:33:28 +0000] "POST /api/notification/store-token/ HTTP/1.1" 400 55 "-" "okhttp/4.9.2"
152.59.211.130 - - [10/Mar/2025:03:33:28 +0000] "GET /api/clientOrganisation/Organisation/106/?fields=address HTTP/1.1" 200 14 "-" "okhttp/4.9.2"
157.48.134.211 - - [10/Mar/2025:03:33:28 +0000] "GET /api/clientOrganisation/call_user_counts/?id=9423 HTTP/1.1" 200 198 "-" "okhttp/4.9.2"
152.59.211.130 - - [10/Mar/2025:03:33:28 +0000] "GET /api/clientOrganisation/call_user_counts/?id=5821 HTTP/1.1" 200 198 "-" "okhttp/4.9.2"
152.59.211.130 - - [10/Mar/2025:03:33:28 +0000] "GET /api/clientOrganisation/client_staff/?id=5821 HTTP/1.1" 200 445 "-" "okhttp/4.9.2"
157.48.134.211 - - [10/Mar/2025:03:33:29 +0000] "GET /api/clientOrganisation/client_staff/?id=9423 HTTP/1.1" 200 445 "-" "okhttp/4.9.2"
152.59.211.130 - - [10/Mar/2025:03:33:29 +0000] "GET /api/clientCall/registerCall/?limit=1&offset=0&organisation=106&technician=5821 HTTP/1.1" 200 1303 "-" "okhttp/4.9.2"
106.216.254.86 - - [10/Mar/2025:03:33:29 +0000] "POST /api/clientStaff/trip_logs/ HTTP/1.1" 201 334 "-" "okhttp/4.9.2"
152.59.205.62 - - [10/Mar/2025:03:33:29 +0000] "POST /api/clientStaff/trip_logs/ HTTP/1.1" 201 331 "-" "okhttp/4.9.2"
152.58.187.23 - - [10/Mar/2025:03:33:29 +0000] "POST /api/clientStaff/triplog_history/ HTTP/1.1" 404 159 "-" "okhttp/4.9.2"
106.193.194.212 - - [10/Mar/2025:03:33:29 +0000] "POST /api/clientStaff/trip_logs/ HTTP/1.1" 201 319 "-" "okhttp/4.9.2"
152.59.153.116 - - [10/Mar/2025:03:33:30 +0000] "POST /api/clientStaff/trip_logs/ HTTP/1.1" 201 334 "-" "okhttp/4.9.2"
152.59.205.62 - - [10/Mar/2025:03:33:30 +0000] "POST /api/clientStaff/bulk-insert-triplog-history/ HTTP/1.1" 201 45 "-" "okhttp/4.9.2"
152.59.211.130 - - [10/Mar/2025:03:33:30 +0000] "GET /api/clientCall/registerCall/?limit=1&offset=0&organisation=106&technician=5821 HTTP/1.1" 200 1303 "-" "okhttp/4.9.2"
152.59.211.130 - - [10/Mar/2025:03:33:30 +0000] "GET /api/clientOrganisation/call_user_counts/?id=5821 HTTP/1.1" 200 198 "-" "okhttp/4.9.2"
152.58.7.184 - - [10/Mar/2025:03:33:31 +0000] "GET /api/clientOrganisation/call_user_counts/?id=1713 HTTP/1.1" 401 26 "-" "okhttp/4.9.2"
106.195.5.240 - - [10/Mar/2025:03:33:31 +0000] "POST /api/clientStaff/trip_logs/ HTTP/1.1" 201 334 "-" "okhttp/4.9.2"
152.58.7.184 - - [10/Mar/2025:03:33:31 +0000] "GET /api/clientOrganisation/call_user_counts/?id=1713 HTTP/1.1" 401 26 "-" "okhttp/4.9.2"
152.59.204.132 - - [10/Mar/2025:03:33:31 +0000] "GET /api/clientCall/registerCall/?technician=2524&client=204&status=&limit=20&offset=0&start=&end= HTTP/1.1" 200 1287 "-" "okhttp/4.9.2"
106.217.202.101 - - [10/Mar/2025:03:33:31 +0000] "GET /api/notification/all?limit=10&offset=0 HTTP/1.1" 301 0 "-" "okhttp/4.9.2"
152.58.188.133 - - [10/Mar/2025:03:33:32 +0000] "POST /api/clientStaff/trip_logs/ HTTP/1.1" 201 319 "-" "okhttp/4.9.2"
106.217.202.101 - - [10/Mar/2025:03:33:32 +0000] "GET /api/notification/all/?limit=10&offset=0 HTTP/1.1" 200 2 "-" "okhttp/4.9.2"
152.58.17.75 - - [10/Mar/2025:03:33:32 +0000] "POST /api/clientStaff/trip_logs/ HTTP/1.1" 201 333 "-" "okhttp/4.9.2"
152.58.17.149 - - [10/Mar/2025:03:33:32 +0000] "GET /api/clientStaff/user/3601/first_trip_log/ HTTP/1.1" 200 170 "-" "okhttp/4.9.2"
106.217.202.101 - - [10/Mar/2025:03:33:32 +0000] "GET /api/notification/all?limit=10&offset=10 HTTP/1.1" 301 0 "-" "okhttp/4.9.2"
152.58.17.149 - - [10/Mar/2025:03:33:32 +0000] "GET /api/clientOrganisation/call_user_counts/?id=3601 HTTP/1.1" 401 26 "-" "okhttp/4.9.2"
106.217.202.101 - - [10/Mar/2025:03:33:32 +0000] "GET /api/notification/all/?limit=10&offset=10 HTTP/1.1" 200 2 "-" "okhttp/4.9.2"
106.217.202.101 - - [10/Mar/2025:03:33:32 +0000] "GET /api/notification/all?limit=10&offset=20 HTTP/1.1" 301 0 "-" "okhttp/4.9.2"
106.217.202.101 - - [10/Mar/2025:03:33:32 +0000] "GET /api/notification/all/?limit=10&offset=20 HTTP/1.1" 200 2 "-" "okhttp/4.9.2"
43.227.130.26 - - [10/Mar/2025:03:33:32 +0000] "POST /api/clientStaff/trip_logs/ HTTP/1.1" 201 333 "-" "okhttp/4.9.2"
106.217.202.101 - - [10/Mar/2025:03:33:32 +0000] "GET /api/notification/all?limit=10&offset=30 HTTP/1.1" 301 0 "-" "okhttp/4.9.2"
106.217.202.101 - - [10/Mar/2025:03:33:32 +0000] "GET /api/notification/all/?limit=10&offset=30 HTTP/1.1" 200 2 "-" "okhttp/4.9.2"
106.219.242.155 - - [10/Mar/2025:03:33:33 +0000] "POST /api/clientStaff/trip_logs/ HTTP/1.1" 201 333 "-" "okhttp/4.9.2"
152.59.211.130 - - [10/Mar/2025:03:33:33 +0000] "GET /api/Starlly/fetch-erp-data/?userId=5821 HTTP/1.1" 200 46 "-" "okhttp/4.9.2"
106.217.202.101 - - [10/Mar/2025:03:33:33 +0000] "GET /api/notification/all?limit=10&offset=40 HTTP/1.1" 301 0 "-" "okhttp/4.9.2"
152.59.204.132 - - [10/Mar/2025:03:33:33 +0000] "POST /api/clientStaff/trip_logs/ HTTP/1.1" 201 317 "-" "okhttp/4.9.2"
106.217.202.101 - - [10/Mar/2025:03:33:33 +0000] "GET /api/notification/all/?limit=10&offset=40 HTTP/1.1" 200 2 "-" "okhttp/4.9.2"
171.48.82.13 - - [10/Mar/2025:03:33:33 +0000] "POST /api/clientStaff/trip_logs/ HTTP/1.1" 201 319 "-" "okhttp/4.9.2"
152.58.17.149 - - [10/Mar/2025:03:33:33 +0000] "GET /api/clientOrganisation/call_user_counts/?id=3601 HTTP/1.1" 401 26 "-" "okhttp/4.9.2"
152.58.188.133 - - [10/Mar/2025:03:33:33 +0000] "POST /api/clientStaff/trip_logs/ HTTP/1.1" 201 319 "-" "okhttp/4.9.2"
106.216.193.135 - - [10/Mar/2025:03:33:33 +0000] "POST /api/clientStaff/triplog_history/ HTTP/1.1" 404 159 "-" "okhttp/4.9.2"
106.217.202.101 - - [10/Mar/2025:03:33:33 +0000] "GET /api/notification/all?limit=10&offset=50 HTTP/1.1" 301 0 "-" "okhttp/4.9.2"
106.217.202.101 - - [10/Mar/2025:03:33:33 +0000] "GET /api/notification/all?limit=10&offset=60 HTTP/1.1" 301 0 "-" "okhttp/4.9.2"
106.217.202.101 - - [10/Mar/2025:03:33:33 +0000] "GET /api/notification/all/?limit=10&offset=50 HTTP/1.1" 200 2 "-" "okhttp/4.9.2"
106.217.202.101 - - [10/Mar/2025:03:33:33 +0000] "GET /api/notification/all/?limit=10&offset=60 HTTP/1.1" 200 2 "-" "okhttp/4.9.2"
106.195.64.101 - - [10/Mar/2025:03:33:33 +0000] "POST /api/clientStaff/triplog_history/ HTTP/1.1" 404 159 "-" "okhttp/4.9.2"
223.187.15.251 - - [10/Mar/2025:03:33:33 +0000] "POST /api/clientStaff/triplog_history/ HTTP/1.1" 404 159 "-" "okhttp/4.9.2"
106.217.202.101 - - [10/Mar/2025:03:33:33 +0000] "GET /api/notification/all?limit=10&offset=70 HTTP/1.1" 301 0 "-" "okhttp/4.9.2"
106.221.190.202 - - [10/Mar/2025:03:33:33 +0000] "POST /api/clientStaff/triplog_history/ HTTP/1.1" 404 159 "-" "okhttp/4.9.2"
106.217.202.101 - - [10/Mar/2025:03:33:34 +0000] "GET /api/notification/all/?limit=10&offset=70 HTTP/1.1" 200 2 "-" "okhttp/4.9.2"
106.193.131.215 - - [10/Mar/2025:03:33:34 +0000] "POST /api/clientStaff/triplog_history/ HTTP/1.1" 404 159 "-" "okhttp/4.9.2"
152.59.210.97 - - [10/Mar/2025:03:33:34 +0000] "POST /api/clientStaff/triplog_history/ HTTP/1.1" 404 159 "-" "okhttp/4.9.2"
106.217.202.101 - - [10/Mar/2025:03:33:34 +0000] "GET /api/notification/all?limit=10&offset=80 HTTP/1.1" 301 0 "-" "okhttp/4.9.2"
27.59.54.205 - - [10/Mar/2025:03:33:34 +0000] "POST /api/clientStaff/triplog_history/ HTTP/1.1" 404 159 "-" "okhttp/4.9.2"
27.59.53.29 - - [10/Mar/2025:03:33:34 +0000] "POST /api/clientStaff/triplog_history/ HTTP/1.1" 404 159 "-" "okhttp/4.9.2"
157.47.97.132 - - [10/Mar/2025:03:33:34 +0000] "POST /api/clientStaff/triplog_history/ HTTP/1.1" 404 159 "-" "okhttp/4.9.2"
157.35.26.2 - - [10/Mar/2025:03:33:34 +0000] "POST /api/clientStaff/triplog_history/ HTTP/1.1" 404 159 "-" "okhttp/4.9.2"
152.59.238.132 - - [10/Mar/2025:03:33:34 +0000] "POST /api/clientStaff/triplog_history/ HTTP/1.1" 404 159 "-" "okhttp/4.9.2"
152.59.171.210 - - [10/Mar/2025:03:33:34 +0000] "POST /api/clientStaff/triplog_history/ HTTP/1.1" 404 159 "-" "okhttp/4.9.2"
106.217.202.101 - - [10/Mar/2025:03:33:34 +0000] "GET /api/notification/all/?limit=10&offset=80 HTTP/1.1" 200 2 "-" "okhttp/4.9.2"
223.238.82.32 - - [10/Mar/2025:03:33:34 +0000] "POST /api/clientStaff/triplog_history/ HTTP/1.1" 404 159 "-" "okhttp/4.9.2"
49.15.218.156 - - [10/Mar/2025:03:33:34 +0000] "POST /api/clientStaff/triplog_history/ HTTP/1.1" 404 159 "-" "okhttp/4.9.2"
152.59.204.132 - - [10/Mar/2025:03:33:34 +0000] "GET /api/clientStaff/diagnostic_remarks/?register=30632 HTTP/1.1" 200 2 "-" "okhttp/4.9.2"
152.59.204.132 - - [10/Mar/2025:03:33:34 +0000] "GET /api/clientStaff/symptom_remark/?org=106 HTTP/1.1" 200 285 "-" "okhttp/4.9.2"
152.59.204.132 - - [10/Mar/2025:03:33:34 +0000] "GET /api/part?organisation=106&fields=id,name HTTP/1.1" 301 0 "-" "okhttp/4.9.2"
152.59.204.132 - - [10/Mar/2025:03:33:34 +0000] "GET /api/inventory/technician_master/?user=2524 HTTP/1.1" 200 2 "-" "okhttp/4.9.2"
152.59.204.132 - - [10/Mar/2025:03:33:34 +0000] "GET /api/part/?organisation=106&fields=id,name HTTP/1.1" 200 2 "-" "okhttp/4.9.2"
152.59.204.132 - - [10/Mar/2025:03:33:34 +0000] "GET /api/clientCall/callStatusMaster/ HTTP/1.1" 200 495 "-" "okhttp/4.9.2"
152.59.193.127 - - [10/Mar/2025:03:33:34 +0000] "POST /api/clientStaff/triplog_history/ HTTP/1.1" 404 159 "-" "okhttp/4.9.2"
152.59.204.132 - - [10/Mar/2025:03:33:34 +0000] "GET /api/clientCall/callStatus/?register=30632 HTTP/1.1" 200 254 "-" "okhttp/4.9.2"
152.59.204.132 - - [10/Mar/2025:03:33:34 +0000] "GET /api/inventory/spare_transition/?user=2524&register=30632 HTTP/1.1" 200 2 "-" "okhttp/4.9.2"
223.237.137.232 - - [10/Mar/2025:03:33:34 +0000] "POST /api/clientStaff/triplog_history/ HTTP/1.1" 404 159 "-" "okhttp/4.9.2"
152.59.204.132 - - [10/Mar/2025:03:33:34 +0000] "GET /api/Starlly/country-address-schema/IN/ HTTP/1.1" 200 779 "-" "okhttp/4.9.2"
106.217.202.101 - - [10/Mar/2025:03:33:34 +0000] "GET /api/notification/all?limit=10&offset=90 HTTP/1.1" 301 0 "-" "okhttp/4.9.2"
152.59.194.127 - - [10/Mar/2025:03:33:34 +0000] "POST /api/clientStaff/triplog_history/ HTTP/1.1" 404 159 "-" "okhttp/4.9.2"
106.217.202.101 - - [10/Mar/2025:03:33:34 +0000] "GET /api/notification/all?limit=10&offset=100 HTTP/1.1" 301 0 "-" "okhttp/4.9.2"
106.217.202.101 - - [10/Mar/2025:03:33:34 +0000] "GET /api/notification/all/?limit=10&offset=90 HTTP/1.1" 200 2 "-" "okhttp/4.9.2"
106.217.202.101 - - [10/Mar/2025:03:33:34 +0000] "GET /api/notification/all/?limit=10&offset=100 HTTP/1.1" 200 2 "-" "okhttp/4.9.2"
106.217.202.101 - - [10/Mar/2025:03:33:34 +0000] "GET /api/notification/all?limit=10&offset=110 HTTP/1.1" 301 0 "-" "okhttp/4.9.2"
223.228.34.51 - - [10/Mar/2025:03:33:35 +0000] "POST /api/clientStaff/triplog_history/ HTTP/1.1" 404 159 "-" "okhttp/4.9.2"
106.217.202.101 - - [10/Mar/2025:03:33:35 +0000] "GET /api/notification/all/?limit=10&offset=110 HTTP/1.1" 200 2 "-" "okhttp/4.9.2"
152.59.213.45 - - [10/Mar/2025:03:33:35 +0000] "POST /api/clientStaff/triplog_history/ HTTP/1.1" 404 159 "-" "okhttp/4.9.2"
106.217.202.101 - - [10/Mar/2025:03:33:35 +0000] "GET /api/notification/all?limit=10&offset=120 HTTP/1.1" 301 0 "-" "okhttp/4.9.2"
157.119.205.144 - - [10/Mar/2025:03:33:35 +0000] "POST /api/clientStaff/trip_logs/ HTTP/1.1" 201 319 "-" "okhttp/4.9.2"
106.221.180.69 - - [10/Mar/2025:03:33:35 +0000] "POST /api/clientStaff/triplog_history/ HTTP/1.1" 404 159 "-" "okhttp/4.9.2"
106.217.202.101 - - [10/Mar/2025:03:33:35 +0000] "GET /api/notification/all/?limit=10&offset=120 HTTP/1.1" 200 2 "-" "okhttp/4.9.2"
157.48.168.93 - - [10/Mar/2025:03:33:35 +0000] "POST /api/clientStaff/triplog_history/ HTTP/1.1" 404 159 "-" "okhttp/4.9.2"
157.47.122.146 - - [10/Mar/2025:03:33:35 +0000] "POST /api/clientStaff/triplog_history/ HTTP/1.1" 404 159 "-" "okhttp/4.9.2"
223.228.238.89 - - [10/Mar/2025:03:33:35 +0000] "POST /api/clientStaff/triplog_history/ HTTP/1.1" 404 159 "-" "okhttp/4.9.2"
106.217.202.101 - - [10/Mar/2025:03:33:35 +0000] "GET /api/notification/all?limit=10&offset=130 HTTP/1.1" 301 0 "-" "okhttp/4.9.2"
106.206.195.225 - - [10/Mar/2025:03:33:35 +0000] "POST /api/clientStaff/triplog_history/ HTTP/1.1" 404 159 "-" "okhttp/4.9.2"
106.217.202.101 - - [10/Mar/2025:03:33:35 +0000] "GET /api/notification/all?limit=10&offset=140 HTTP/1.1" 301 0 "-" "okhttp/4.9.2"
106.217.202.101 - - [10/Mar/2025:03:33:35 +0000] "GET /api/notification/all/?limit=10&offset=130 HTTP/1.1" 200 2 "-" "okhttp/4.9.2"
106.217.202.101 - - [10/Mar/2025:03:33:35 +0000] "GET /api/notification/all/?limit=10&offset=140 HTTP/1.1" 200 2 "-" "okhttp/4.9.2"
223.187.69.104 - - [10/Mar/2025:03:33:35 +0000] "POST /api/clientStaff/triplog_history/ HTTP/1.1" 404 159 "-" "okhttp/4.9.2"
106.211.122.112 - - [10/Mar/2025:03:33:35 +0000] "POST /api/clientStaff/triplog_history/ HTTP/1.1" 404 159 "-" "okhttp/4.9.2"
152.59.216.143 - - [10/Mar/2025:03:33:35 +0000] "POST /api/clientStaff/triplog_history/ HTTP/1.1" 404 159 "-" "okhttp/4.9.2"
152.58.17.75 - - [10/Mar/2025:03:33:35 +0000] "POST /api/clientStaff/triplog_history/ HTTP/1.1" 404 159 "-" "okhttp/4.9.2"
171.60.236.116 - - [10/Mar/2025:03:33:35 +0000] "POST /api/clientStaff/triplog_history/ HTTP/1.1" 404 159 "-" "okhttp/4.9.2"
106.217.202.101 - - [10/Mar/2025:03:33:36 +0000] "GET /api/notification/all?limit=10&offset=150 HTTP/1.1" 301 0 "-" "okhttp/4.9.2"
152.59.202.33 - - [10/Mar/2025:03:33:36 +0000] "POST /api/clientStaff/triplog_history/ HTTP/1.1" 404 159 "-" "okhttp/4.9.2"
152.59.208.44 - - [10/Mar/2025:03:33:36 +0000] "POST /api/clientStaff/triplog_history/ HTTP/1.1" 404 159 "-" "okhttp/4.9.2"
152.59.205.142 - - [10/Mar/2025:03:33:36 +0000] "POST /api/clientStaff/triplog_history/ HTTP/1.1" 404 159 "-" "okhttp/4.9.2"
106.217.202.101 - - [10/Mar/2025:03:33:36 +0000] "GET /api/notification/all?limit=10&offset=160 HTTP/1.1" 301 0 "-" "okhttp/4.9.2"
106.217.202.101 - - [10/Mar/2025:03:33:36 +0000] "GET /api/notification/all/?limit=10&offset=150 HTTP/1.1" 200 2 "-" "okhttp/4.9.2"
117.99.239.163 - - [10/Mar/2025:03:33:36 +0000] "POST /api/clientStaff/triplog_history/ HTTP/1.1" 404 159 "-" "okhttp/4.9.2"
106.217.202.101 - - [10/Mar/2025:03:33:36 +0000] "GET /api/notification/all/?limit=10&offset=160 HTTP/1.1" 200 2 "-" "okhttp/4.9.2"
152.59.208.0 - - [10/Mar/2025:03:33:36 +0000] "POST /api/clientStaff/triplog_history/ HTTP/1.1" 404 159 "-" "okhttp/4.9.2"
106.217.202.101 - - [10/Mar/2025:03:33:36 +0000] "GET /api/notification/all?limit=10&offset=170 HTTP/1.1" 301 0 "-" "okhttp/4.9.2"
152.59.215.31 - - [10/Mar/2025:03:33:36 +0000] "POST /api/clientStaff/triplog_history/ HTTP/1.1" 404 159 "-" "okhttp/4.9.2"
