152.58.144.74 - - [10/Mar/2025:03:30:38 +0000] "POST /api/clientStaff/trip_logs/ HTTP/1.1" 201 319 "-" "okhttp/4.9.2"
106.195.64.101 - - [10/Mar/2025:03:30:38 +0000] "GET /api/clientCall/registerCall/?technician=2479&client=204&status=&limit=20&offset=0&start=&end= HTTP/1.1" 200 1281 "-" "okhttp/4.9.2"
152.59.228.124 - - [10/Mar/2025:03:30:38 +0000] "POST /api/Starlly/auth/login/ HTTP/1.1" 200 997 "-" "okhttp/4.9.2"
152.59.228.124 - - [10/Mar/2025:03:30:38 +0000] "POST /api/notification/store-token/ HTTP/1.1" 200 247 "-" "okhttp/4.9.2"
152.59.217.126 - - [10/Mar/2025:03:30:38 +0000] "POST /api/clientStaff/trip_logs/ HTTP/1.1" 201 332 "-" "okhttp/4.9.2"
152.59.228.124 - - [10/Mar/2025:03:30:38 +0000] "GET /api/clientCall/registerCall/?limit=1&offset=0&organisation=106&technician=5545 HTTP/1.1" 200 1292 "-" "okhttp/4.9.2"
152.59.228.190 - - [10/Mar/2025:03:30:38 +0000] "GET /api/Starlly/fetch-erp-data/?userId=5601 HTTP/1.1" 200 46 "-" "okhttp/4.9.2"
152.59.228.124 - - [10/Mar/2025:03:30:38 +0000] "GET /api/clientOrganisation/Organisation/106/?fields=address HTTP/1.1" 200 14 "-" "okhttp/4.9.2"
152.59.228.124 - - [10/Mar/2025:03:30:38 +0000] "GET /api/clientOrganisation/call_user_counts/?id=5545 HTTP/1.1" 200 198 "-" "okhttp/4.9.2"
152.58.2.121 - - [10/Mar/2025:03:30:38 +0000] "POST /api/notification/store-token/ HTTP/1.1" 400 55 "-" "okhttp/4.9.2"
152.58.2.121 - - [10/Mar/2025:03:30:38 +0000] "GET /api/clientOrganisation/Organisation/106/?fields=address HTTP/1.1" 200 14 "-" "okhttp/4.9.2"
150.107.20.147 - - [10/Mar/2025:03:30:38 +0000] "POST /api/clientStaff/trip_logs/ HTTP/1.1" 201 334 "-" "okhttp/4.9.2"
152.59.6.35 - - [10/Mar/2025:03:30:38 +0000] "POST /api/clientStaff/trip_logs/ HTTP/1.1" 201 319 "-" "okhttp/4.9.2"
152.59.228.124 - - [10/Mar/2025:03:30:38 +0000] "GET /api/clientOrganisation/call_user_counts/?id=5545 HTTP/1.1" 200 198 "-" "okhttp/4.9.2"
152.58.2.121 - - [10/Mar/2025:03:30:38 +0000] "GET /api/clientCall/registerCall/?limit=1&offset=0&organisation=106&technician=1616 HTTP/1.1" 200 1246 "-" "okhttp/4.9.2"
152.59.228.124 - - [10/Mar/2025:03:30:38 +0000] "GET /api/clientOrganisation/client_staff/?id=5545 HTTP/1.1" 200 445 "-" "okhttp/4.9.2"
106.78.88.177 - - [10/Mar/2025:03:30:39 +0000] "GET /api/Starlly/fetch-erp-data/?userId=2444 HTTP/1.1" 401 26 "-" "okhttp/4.9.2"
152.58.2.121 - - [10/Mar/2025:03:30:39 +0000] "GET /api/clientOrganisation/call_user_counts/?id=1616 HTTP/1.1" 200 198 "-" "okhttp/4.9.2"
152.58.2.121 - - [10/Mar/2025:03:30:39 +0000] "GET /api/clientOrganisation/client_staff/?id=1616 HTTP/1.1" 200 536 "-" "okhttp/4.9.2"
152.59.228.227 - - [10/Mar/2025:03:30:39 +0000] "POST /api/clientStaff/bulk-insert-triplog-history/ HTTP/1.1" 201 45 "-" "okhttp/4.9.2"
152.58.2.121 - - [10/Mar/2025:03:30:39 +0000] "GET /api/clientOrganisation/call_user_counts/?id=1616 HTTP/1.1" 200 198 "-" "okhttp/4.9.2"
106.206.200.238 - - [10/Mar/2025:03:30:39 +0000] "POST /api/clientStaff/trip_logs/ HTTP/1.1" 201 318 "-" "okhttp/4.9.2"
223.187.40.38 - - [10/Mar/2025:03:30:39 +0000] "GET /api/Starlly/fetch-erp-data/?userId=6374 HTTP/1.1" 200 46 "-" "okhttp/4.9.2"
171.48.95.107 - - [10/Mar/2025:03:30:39 +0000] "POST /api/clientStaff/trip_logs/ HTTP/1.1" 201 319 "-" "okhttp/4.9.2"
106.195.64.101 - - [10/Mar/2025:03:30:39 +0000] "GET /api/clientStaff/symptom_remark/?org=106 HTTP/1.1" 200 285 "-" "okhttp/4.9.2"
106.195.64.101 - - [10/Mar/2025:03:30:39 +0000] "GET /api/clientStaff/diagnostic_remarks/?register=30587 HTTP/1.1" 200 2 "-" "okhttp/4.9.2"
106.195.64.101 - - [10/Mar/2025:03:30:39 +0000] "GET /api/clientCall/callStatus/?register=30587 HTTP/1.1" 200 734 "-" "okhttp/4.9.2"
152.59.203.3 - - [10/Mar/2025:03:30:39 +0000] "GET /api/Starlly/fetch-erp-data/?userId=2572 HTTP/1.1" 401 26 "-" "okhttp/4.9.2"
106.195.64.101 - - [10/Mar/2025:03:30:39 +0000] "GET /api/inventory/technician_master/?user=2479 HTTP/1.1" 200 2 "-" "okhttp/4.9.2"
106.195.64.101 - - [10/Mar/2025:03:30:39 +0000] "GET /api/inventory/spare_transition/?user=2479&register=30587 HTTP/1.1" 200 2 "-" "okhttp/4.9.2"
106.195.64.101 - - [10/Mar/2025:03:30:39 +0000] "GET /api/part?organisation=106&fields=id,name HTTP/1.1" 301 0 "-" "okhttp/4.9.2"
106.195.64.101 - - [10/Mar/2025:03:30:40 +0000] "GET /api/Starlly/country-address-schema/IN/ HTTP/1.1" 200 779 "-" "okhttp/4.9.2"
106.195.64.101 - - [10/Mar/2025:03:30:40 +0000] "GET /api/clientCall/callStatusMaster/ HTTP/1.1" 200 495 "-" "okhttp/4.9.2"
106.195.64.101 - - [10/Mar/2025:03:30:40 +0000] "GET /api/part/?organisation=106&fields=id,name HTTP/1.1" 200 2 "-" "okhttp/4.9.2"
157.42.23.217 - - [10/Mar/2025:03:30:40 +0000] "POST /api/clientStaff/trip_logs/ HTTP/1.1" 201 334 "-" "okhttp/4.9.2"
152.59.228.124 - - [10/Mar/2025:03:30:41 +0000] "GET /api/Starlly/fetch-erp-data/?userId=5545 HTTP/1.1" 200 46 "-" "okhttp/4.9.2"
152.59.204.132 - - [10/Mar/2025:03:30:41 +0000] "GET /api/clientOrganisation/call_user_counts/?id=2524 HTTP/1.1" 200 198 "-" "okhttp/4.9.2"
152.59.204.132 - - [10/Mar/2025:03:30:41 +0000] "GET /api/clientOrganisation/client_staff/?id=2524 HTTP/1.1" 200 445 "-" "okhttp/4.9.2"
106.195.64.101 - - [10/Mar/2025:03:30:41 +0000] "POST /api/clientStaff/trip_logs/ HTTP/1.1" 201 358 "-" "okhttp/4.9.2"
157.48.112.89 - - [10/Mar/2025:03:30:42 +0000] "GET /api/clientOrganisation/call_user_counts/?id=9174 HTTP/1.1" 200 198 "-" "okhttp/4.9.2"
157.48.112.89 - - [10/Mar/2025:03:30:42 +0000] "GET /api/clientCall/registerCall/?limit=1&offset=0&organisation=106&technician=9174 HTTP/1.1" 200 1377 "-" "okhttp/4.9.2"
157.48.112.89 - - [10/Mar/2025:03:30:42 +0000] "GET /api/clientCall/registerCall/?limit=1&offset=0&organisation=106&technician=9174 HTTP/1.1" 200 1377 "-" "okhttp/4.9.2"
223.182.62.236 - - [10/Mar/2025:03:30:42 +0000] "GET /api/clientCall/registerCall/?limit=1&offset=0&organisation=106&technician=7868 HTTP/1.1" 200 1248 "-" "okhttp/4.9.2"
223.182.62.236 - - [10/Mar/2025:03:30:42 +0000] "GET /api/clientOrganisation/call_user_counts/?id=7868 HTTP/1.1" 200 198 "-" "okhttp/4.9.2"
157.48.112.89 - - [10/Mar/2025:03:30:42 +0000] "GET /api/clientOrganisation/call_user_counts/?id=9174 HTTP/1.1" 200 198 "-" "okhttp/4.9.2"
49.15.205.237 - - [10/Mar/2025:03:30:42 +0000] "POST /api/clientStaff/trip_logs/ HTTP/1.1" 201 333 "-" "okhttp/4.9.2"
223.182.62.236 - - [10/Mar/2025:03:30:42 +0000] "GET /api/clientCall/registerCall/?limit=1&offset=0&organisation=106&technician=7868 HTTP/1.1" 200 1248 "-" "okhttp/4.9.2"
223.182.62.236 - - [10/Mar/2025:03:30:42 +0000] "GET /api/clientOrganisation/call_user_counts/?id=7868 HTTP/1.1" 200 198 "-" "okhttp/4.9.2"
152.59.203.3 - - [10/Mar/2025:03:30:42 +0000] "GET /api/Starlly/fetch-erp-data/?userId=2572 HTTP/1.1" 401 26 "-" "okhttp/4.9.2"
152.59.231.225 - - [10/Mar/2025:03:30:42 +0000] "POST /api/clientStaff/trip_logs/ HTTP/1.1" 201 355 "-" "okhttp/4.9.2"
106.208.84.151 - - [10/Mar/2025:03:30:43 +0000] "GET /api/clientCall/registerCall/?limit=1&offset=0&organisation=106&technician=5906 HTTP/1.1" 200 1272 "-" "okhttp/4.9.2"
106.208.84.151 - - [10/Mar/2025:03:30:43 +0000] "GET /api/clientOrganisation/call_user_counts/?id=5906 HTTP/1.1" 200 198 "-" "okhttp/4.9.2"
106.208.84.151 - - [10/Mar/2025:03:30:43 +0000] "GET /api/clientCall/registerCall/?limit=1&offset=0&organisation=106&technician=5906 HTTP/1.1" 200 1272 "-" "okhttp/4.9.2"
106.208.84.151 - - [10/Mar/2025:03:30:44 +0000] "GET /api/clientOrganisation/call_user_counts/?id=5906 HTTP/1.1" 200 198 "-" "okhttp/4.9.2"
223.187.43.154 - - [10/Mar/2025:03:30:44 +0000] "GET /api/Starlly/fetch-erp-data/?userId=6245 HTTP/1.1" 401 26 "-" "okhttp/4.9.2"
223.187.40.38 - - [10/Mar/2025:03:30:44 +0000] "POST /api/clientStaff/trip_logs/ HTTP/1.1" 201 319 "-" "okhttp/4.9.2"
152.57.15.196 - - [10/Mar/2025:03:30:44 +0000] "POST /api/Starlly/auth/login/ HTTP/1.1" 200 981 "-" "okhttp/4.9.2"
152.57.15.196 - - [10/Mar/2025:03:30:44 +0000] "GET /api/clientOrganisation/Organisation/106/?fields=address HTTP/1.1" 200 14 "-" "okhttp/4.9.2"
152.57.15.196 - - [10/Mar/2025:03:30:44 +0000] "POST /api/notification/store-token/ HTTP/1.1" 400 55 "-" "okhttp/4.9.2"
49.15.231.115 - - [10/Mar/2025:03:30:44 +0000] "GET /api/clientCall/registerCall/?technician=undefined&fields=id,current_updated_date&search= HTTP/1.1" 401 26 "-" "okhttp/4.9.2"
171.48.95.107 - - [10/Mar/2025:03:30:44 +0000] "GET /api/Starlly/fetch-erp-data/?userId=1457 HTTP/1.1" 200 46 "-" "okhttp/4.9.2"
49.15.231.115 - - [10/Mar/2025:03:30:44 +0000] "GET /api/inventory/settings/?org=undefined HTTP/1.1" 401 26 "-" "okhttp/4.9.2"
152.57.15.196 - - [10/Mar/2025:03:30:44 +0000] "GET /api/clientCall/registerCall/?limit=1&offset=0&organisation=106&technician=3994 HTTP/1.1" 200 1255 "-" "okhttp/4.9.2"
152.57.15.196 - - [10/Mar/2025:03:30:44 +0000] "GET /api/clientOrganisation/call_user_counts/?id=3994 HTTP/1.1" 200 198 "-" "okhttp/4.9.2"
152.57.15.196 - - [10/Mar/2025:03:30:44 +0000] "GET /api/clientOrganisation/client_staff/?id=3994 HTTP/1.1" 200 435 "-" "okhttp/4.9.2"
152.59.205.65 - - [10/Mar/2025:03:30:45 +0000] "GET /api/clientCall/registerCall/?technician=8596&client=204&status=3&limit=20&offset=0&start=&end= HTTP/1.1" 200 1375 "-" "okhttp/4.9.2"
152.59.228.190 - - [10/Mar/2025:03:30:45 +0000] "POST /api/clientStaff/trip_logs/ HTTP/1.1" 201 317 "-" "okhttp/4.9.2"
106.221.255.185 - - [10/Mar/2025:03:30:45 +0000] "POST /api/clientStaff/triplog_history/ HTTP/1.1" 404 159 "-" "okhttp/4.9.2"
49.15.231.115 - - [10/Mar/2025:03:30:46 +0000] "GET /api/clientCall/registerCall/?to_technician=undefined&fields=id,current_updated_date&srch=2025-03-10 HTTP/1.1" 401 26 "-" "okhttp/4.9.2"
157.48.115.163 - - [10/Mar/2025:03:30:46 +0000] "GET /api/Starlly/fetch-erp-data/?userId=5490 HTTP/1.1" 200 46 "-" "okhttp/4.9.2"
223.185.65.155 - - [10/Mar/2025:03:30:46 +0000] "POST /api/Starlly/auth/login/ HTTP/1.1" 400 64 "-" "okhttp/4.9.2"
223.185.65.155 - - [10/Mar/2025:03:30:46 +0000] "POST /api/notification/store-token/ HTTP/1.1" 401 27 "-" "okhttp/4.9.2"
223.185.65.155 - - [10/Mar/2025:03:30:46 +0000] "GET /api/clientOrganisation/Organisation/undefined/?fields=address HTTP/1.1" 401 27 "-" "okhttp/4.9.2"
117.249.250.96 - - [10/Mar/2025:03:30:46 +0000] "GET /api/inventory/part_transitions/?user=8705&status=request,purchase&approval_status=Approved,PartiallyApproved,Pending&&tech_status=Pending,NA,&start=2024-03-10&end=2025-03-10&web=true&limit=10&offset=0 HTTP/1.1" 500 145 "-" "okhttp/4.9.2"
223.182.62.236 - - [10/Mar/2025:03:30:46 +0000] "GET /api/Starlly/fetch-erp-data/?userId=7868 HTTP/1.1" 200 46 "-" "okhttp/4.9.2"
223.185.65.155 - - [10/Mar/2025:03:30:46 +0000] "GET /api/clientOrganisation/call_user_counts/?id=undefined HTTP/1.1" 401 26 "-" "okhttp/4.9.2"
106.208.84.151 - - [10/Mar/2025:03:30:47 +0000] "GET /api/Starlly/fetch-erp-data/?userId=5906 HTTP/1.1" 200 46 "-" "okhttp/4.9.2"
106.195.72.250 - - [10/Mar/2025:03:30:47 +0000] "GET /api/clientStaff/diagnostic_remarks/?register=37333 HTTP/1.1" 200 2 "-" "okhttp/4.9.2"
106.195.72.250 - - [10/Mar/2025:03:30:47 +0000] "GET /api/clientCall/callStatus/?register=37333 HTTP/1.1" 200 260 "-" "okhttp/4.9.2"
152.59.203.3 - - [10/Mar/2025:03:30:47 +0000] "GET /api/Starlly/fetch-erp-data/?userId=2572 HTTP/1.1" 401 26 "-" "okhttp/4.9.2"
106.195.72.250 - - [10/Mar/2025:03:30:47 +0000] "GET /api/inventory/spare_transition/?user=8780&register=37333 HTTP/1.1" 200 2 "-" "okhttp/4.9.2"
106.195.72.250 - - [10/Mar/2025:03:30:47 +0000] "GET /api/inventory/technician_master/?user=8780 HTTP/1.1" 200 2 "-" "okhttp/4.9.2"
106.195.72.250 - - [10/Mar/2025:03:30:47 +0000] "GET /api/part?organisation=106&fields=id,name HTTP/1.1" 301 0 "-" "okhttp/4.9.2"
106.195.72.250 - - [10/Mar/2025:03:30:47 +0000] "GET /api/clientCall/callStatusMaster/ HTTP/1.1" 200 495 "-" "okhttp/4.9.2"
106.195.72.250 - - [10/Mar/2025:03:30:47 +0000] "GET /api/Starlly/country-address-schema/IN/ HTTP/1.1" 200 779 "-" "okhttp/4.9.2"
106.195.72.250 - - [10/Mar/2025:03:30:47 +0000] "GET /api/clientStaff/symptom_remark/?org=106 HTTP/1.1" 200 285 "-" "okhttp/4.9.2"
106.195.72.250 - - [10/Mar/2025:03:30:47 +0000] "GET /api/part/?organisation=106&fields=id,name HTTP/1.1" 200 2 "-" "okhttp/4.9.2"
117.249.250.96 - - [10/Mar/2025:03:30:47 +0000] "GET /api/inventory/spare_transition/?user=8705&status=consumed&limit=10&offset=0 HTTP/1.1" 200 2 "-" "okhttp/4.9.2"
152.59.204.132 - - [10/Mar/2025:03:30:48 +0000] "GET /api/clientStaff/user/2524/first_trip_log/ HTTP/1.1" 200 159 "-" "okhttp/4.9.2"
152.59.204.132 - - [10/Mar/2025:03:30:48 +0000] "GET /api/clientCall/registerCall/?limit=1&offset=0&organisation=106&technician=2524 HTTP/1.1" 200 1287 "-" "okhttp/4.9.2"
171.48.95.107 - - [10/Mar/2025:03:30:48 +0000] "POST /api/clientStaff/trip_logs/ HTTP/1.1" 201 320 "-" "okhttp/4.9.2"
152.59.204.132 - - [10/Mar/2025:03:30:48 +0000] "GET /api/clientOrganisation/call_user_counts/?id=2524 HTTP/1.1" 200 198 "-" "okhttp/4.9.2"
106.206.200.238 - - [10/Mar/2025:03:30:48 +0000] "POST /api/clientStaff/trip_logs/ HTTP/1.1" 201 333 "-" "okhttp/4.9.2"
27.59.60.116 - - [10/Mar/2025:03:30:48 +0000] "GET /api/Starlly/fetch-erp-data/?userId=5165 HTTP/1.1" 200 46 "-" "okhttp/4.9.2"
106.216.251.14 - - [10/Mar/2025:03:30:49 +0000] "GET /api/clientOrganisation/call_user_counts/?id=1993 HTTP/1.1" 200 198 "-" "okhttp/4.9.2"
106.216.251.14 - - [10/Mar/2025:03:30:49 +0000] "GET /api/clientOrganisation/client_staff/?id=1993 HTTP/1.1" 200 435 "-" "okhttp/4.9.2"
152.59.228.124 - - [10/Mar/2025:03:30:49 +0000] "POST /api/clientStaff/trip_logs/ HTTP/1.1" 201 319 "-" "okhttp/4.9.2"
117.249.250.96 - - [10/Mar/2025:03:30:49 +0000] "GET /api/inventory/part_transitions/?user=8705&status=request&approval_status=Approved,PartiallyApproved,Auto_approved,Rejected&store_status=PartiallyAllotted,Partially%20Allotted%20Ready,Allotted%20Ready,Partially%20Allotted%20Collected,Allotted%20Collected,Allotted%20Dispatched,Partially%20Allotted%20Dispatched&tech_status=Received,Disparity&web=true&start=2025-02-10&end=2025-03-10 HTTP/1.1" 500 145 "-" "okhttp/4.9.2"
223.187.23.201 - - [10/Mar/2025:03:30:49 +0000] "POST /api/clientStaff/trip_logs/ HTTP/1.1" 201 470 "-" "okhttp/4.9.2"
152.59.231.225 - - [10/Mar/2025:03:30:49 +0000] "POST /api/clientStaff/trip_logs/ HTTP/1.1" 201 334 "-" "okhttp/4.9.2"
4.186.63.245 - - [10/Mar/2025:03:30:49 +0000] "GET /api/clientStaff/trip-summary/?date=2025-03-10 HTTP/1.1" 200 407549 "-" "python-requests/2.32.3"
152.59.215.102 - - [10/Mar/2025:03:30:49 +0000] "GET /api/clientCall/registerCall/?limit=1&offset=0&organisation=106&technician=2816 HTTP/1.1" 200 1256 "-" "okhttp/4.9.2"
152.59.215.102 - - [10/Mar/2025:03:30:49 +0000] "GET /api/clientStaff/user/2816/first_trip_log/ HTTP/1.1" 200 217 "-" "okhttp/4.9.2"
152.59.215.102 - - [10/Mar/2025:03:30:49 +0000] "GET /api/clientOrganisation/call_user_counts/?id=2816 HTTP/1.1" 200 198 "-" "okhttp/4.9.2"
152.59.229.48 - - [10/Mar/2025:03:30:50 +0000] "GET /api/clientStaff/user/5127/first_trip_log/ HTTP/1.1" 200 205 "-" "okhttp/4.9.2"
152.59.229.48 - - [10/Mar/2025:03:30:50 +0000] "GET /api/clientOrganisation/call_user_counts/?id=5127 HTTP/1.1" 200 198 "-" "okhttp/4.9.2"
152.59.229.48 - - [10/Mar/2025:03:30:50 +0000] "GET /api/clientCall/registerCall/?limit=1&offset=0&organisation=106&technician=5127 HTTP/1.1" 200 1274 "-" "okhttp/4.9.2"
117.249.250.96 - - [10/Mar/2025:03:30:50 +0000] "GET /api/inventory/part_transitions/?user=8705&status=request&approval_status=Rejected&store_status=NA&tech_status=NA&web=true&start=2025-02-10&end=2025-03-10 HTTP/1.1" 500 145 "-" "okhttp/4.9.2"
152.59.229.48 - - [10/Mar/2025:03:30:50 +0000] "GET /api/clientCall/registerCall/?limit=1&offset=0&organisation=106&technician=5127 HTTP/1.1" 200 1274 "-" "okhttp/4.9.2"
152.59.229.48 - - [10/Mar/2025:03:30:50 +0000] "GET /api/clientOrganisation/call_user_counts/?id=5127 HTTP/1.1" 200 198 "-" "okhttp/4.9.2"
117.249.250.96 - - [10/Mar/2025:03:30:50 +0000] "GET /api/inventory/part_transitions/?user=8705&status=purchase&approval_status=Approved,PartiallyApproved,Auto_approved,Rejected&tech_status=Received,Disparity,NA&web=true&start=2025-02-10&end=2025-03-10 HTTP/1.1" 500 145 "-" "okhttp/4.9.2"
106.210.236.138 - - [10/Mar/2025:03:30:51 +0000] "POST /api/clientStaff/trip_logs/ HTTP/1.1" 201 319 "-" "okhttp/4.9.2"
152.59.142.92 - - [10/Mar/2025:03:30:51 +0000] "GET /api/clientStaff/user/693/first_trip_log/ HTTP/1.1" 200 181 "-" "okhttp/4.9.2"
152.59.142.92 - - [10/Mar/2025:03:30:51 +0000] "GET /api/clientCall/registerCall/?limit=1&offset=0&organisation=106&technician=693 HTTP/1.1" 200 1369 "-" "okhttp/4.9.2"
152.59.142.92 - - [10/Mar/2025:03:30:51 +0000] "GET /api/clientOrganisation/call_user_counts/?id=693 HTTP/1.1" 200 198 "-" "okhttp/4.9.2"
152.59.142.92 - - [10/Mar/2025:03:30:51 +0000] "GET /api/clientStaff/user/693/first_trip_log/ HTTP/1.1" 200 181 "-" "okhttp/4.9.2"
152.59.142.92 - - [10/Mar/2025:03:30:51 +0000] "GET /api/clientCall/registerCall/?limit=1&offset=0&organisation=106&technician=693 HTTP/1.1" 200 1369 "-" "okhttp/4.9.2"
152.59.142.92 - - [10/Mar/2025:03:30:51 +0000] "GET /api/clientOrganisation/call_user_counts/?id=693 HTTP/1.1" 200 198 "-" "okhttp/4.9.2"
152.57.15.196 - - [10/Mar/2025:03:30:52 +0000] "GET /api/Starlly/fetch-erp-data/?userId=3994 HTTP/1.1" 200 46 "-" "okhttp/4.9.2"
171.48.95.107 - - [10/Mar/2025:03:30:52 +0000] "POST /api/clientStaff/trip_logs/ HTTP/1.1" 400 35 "-" "okhttp/4.9.2"
223.187.40.38 - - [10/Mar/2025:03:30:52 +0000] "POST /api/clientStaff/trip_logs/ HTTP/1.1" 201 334 "-" "okhttp/4.9.2"
171.48.95.107 - - [10/Mar/2025:03:30:52 +0000] "POST /api/clientStaff/trip_logs/ HTTP/1.1" 400 35 "-" "okhttp/4.9.2"
106.216.254.86 - - [10/Mar/2025:03:30:52 +0000] "GET /api/clientOrganisation/call_user_counts/?id=4913 HTTP/1.1" 401 26 "-" "okhttp/4.9.2"
117.249.250.96 - - [10/Mar/2025:03:30:52 +0000] "GET /api/inventory/part_transitions/?user=8705&status=request,purchase&approval_status=Approved,PartiallyApproved,Pending&&tech_status=Pending,NA,&start=2024-03-10&end=2025-03-10&web=true&limit=10&offset=0 HTTP/1.1" 500 145 "-" "okhttp/4.9.2"
171.48.95.107 - - [10/Mar/2025:03:30:52 +0000] "POST /api/clientStaff/trip_logs/ HTTP/1.1" 400 35 "-" "okhttp/4.9.2"
106.216.254.86 - - [10/Mar/2025:03:30:52 +0000] "GET /api/clientOrganisation/call_user_counts/?id=4913 HTTP/1.1" 401 26 "-" "okhttp/4.9.2"
152.59.142.92 - - [10/Mar/2025:03:30:53 +0000] "GET /api/clientCall/registerCall/?technician=693&client=203&status=&limit=20&offset=0&start=&end= HTTP/1.1" 200 1369 "-" "okhttp/4.9.2"
152.59.229.48 - - [10/Mar/2025:03:30:53 +0000] "GET /api/Starlly/fetch-erp-data/?userId=5127 HTTP/1.1" 200 46 "-" "okhttp/4.9.2"
106.206.198.255 - - [10/Mar/2025:03:30:54 +0000] "GET /api/clientCall/registerCall/?limit=1&offset=0&organisation=106&technician=362 HTTP/1.1" 200 1379 "-" "okhttp/4.9.2"
106.206.198.255 - - [10/Mar/2025:03:30:54 +0000] "GET /api/clientOrganisation/call_user_counts/?id=362 HTTP/1.1" 200 198 "-" "okhttp/4.9.2"
223.182.62.236 - - [10/Mar/2025:03:30:54 +0000] "POST /api/clientStaff/trip_logs/ HTTP/1.1" 201 317 "-" "okhttp/4.9.2"
106.206.198.255 - - [10/Mar/2025:03:30:54 +0000] "GET /api/clientCall/registerCall/?limit=1&offset=0&organisation=106&technician=362 HTTP/1.1" 200 1379 "-" "okhttp/4.9.2"
106.206.198.255 - - [10/Mar/2025:03:30:54 +0000] "GET /api/clientOrganisation/call_user_counts/?id=362 HTTP/1.1" 200 198 "-" "okhttp/4.9.2"
152.59.142.92 - - [10/Mar/2025:03:30:54 +0000] "GET /api/clientStaff/diagnostic_remarks/?register=28740 HTTP/1.1" 200 2 "-" "okhttp/4.9.2"
152.59.142.92 - - [10/Mar/2025:03:30:54 +0000] "GET /api/clientStaff/symptom_remark/?org=106 HTTP/1.1" 200 285 "-" "okhttp/4.9.2"
152.59.142.92 - - [10/Mar/2025:03:30:54 +0000] "GET /api/clientCall/callStatus/?register=28740 HTTP/1.1" 200 238 "-" "okhttp/4.9.2"
152.59.142.92 - - [10/Mar/2025:03:30:54 +0000] "GET /api/Starlly/country-address-schema/IN/ HTTP/1.1" 200 779 "-" "okhttp/4.9.2"
152.59.142.92 - - [10/Mar/2025:03:30:54 +0000] "GET /api/inventory/spare_transition/?user=693&register=28740 HTTP/1.1" 200 2 "-" "okhttp/4.9.2"
152.59.142.92 - - [10/Mar/2025:03:30:54 +0000] "GET /api/inventory/technician_master/?user=693 HTTP/1.1" 200 2 "-" "okhttp/4.9.2"
152.59.142.92 - - [10/Mar/2025:03:30:54 +0000] "GET /api/part?organisation=106&fields=id,name HTTP/1.1" 301 0 "-" "okhttp/4.9.2"
152.59.142.92 - - [10/Mar/2025:03:30:54 +0000] "GET /api/clientCall/callStatusMaster/ HTTP/1.1" 200 495 "-" "okhttp/4.9.2"
152.59.6.35 - - [10/Mar/2025:03:30:54 +0000] "POST /api/clientStaff/trip_logs/ HTTP/1.1" 201 332 "-" "okhttp/4.9.2"
152.59.142.92 - - [10/Mar/2025:03:30:54 +0000] "GET /api/part/?organisation=106&fields=id,name HTTP/1.1" 200 2 "-" "okhttp/4.9.2"
106.208.84.151 - - [10/Mar/2025:03:30:54 +0000] "POST /api/clientStaff/trip_logs/ HTTP/1.1" 201 319 "-" "okhttp/4.9.2"
27.59.60.116 - - [10/Mar/2025:03:30:55 +0000] "POST /api/clientStaff/trip_logs/ HTTP/1.1" 201 318 "-" "okhttp/4.9.2"
152.59.231.225 - - [10/Mar/2025:03:30:55 +0000] "GET /api/Starlly/fetch-erp-data/?userId=5224 HTTP/1.1" 200 46 "-" "okhttp/4.9.2"
157.48.113.4 - - [10/Mar/2025:03:30:55 +0000] "GET /api/clientOrganisation/call_user_counts/?id=6087 HTTP/1.1" 401 26 "-" "okhttp/4.9.2"
106.193.87.4 - - [10/Mar/2025:03:30:55 +0000] "POST /api/clientStaff/trip_logs/ HTTP/1.1" 201 317 "-" "okhttp/4.9.2"
157.48.113.4 - - [10/Mar/2025:03:30:55 +0000] "GET /api/clientOrganisation/call_user_counts/?id=6087 HTTP/1.1" 401 26 "-" "okhttp/4.9.2"
106.206.198.255 - - [10/Mar/2025:03:30:56 +0000] "GET /api/Starlly/fetch-erp-data/?userId=362 HTTP/1.1" 200 46 "-" "okhttp/4.9.2"
152.59.142.92 - - [10/Mar/2025:03:30:57 +0000] "POST /api/clientStaff/trip_logs/ HTTP/1.1" 201 358 "-" "okhttp/4.9.2"
49.15.205.237 - - [10/Mar/2025:03:30:57 +0000] "GET /api/assets/sites/?technician=9432&fields=id,firstName,client__customer_name,product__product_name,lastName HTTP/1.1" 200 2 "-" "okhttp/4.9.2"
152.57.15.196 - - [10/Mar/2025:03:30:57 +0000] "POST /api/clientStaff/trip_logs/ HTTP/1.1" 201 319 "-" "okhttp/4.9.2"
152.59.228.190 - - [10/Mar/2025:03:30:57 +0000] "POST /api/clientStaff/trip_logs/ HTTP/1.1" 201 333 "-" "okhttp/4.9.2"
152.59.202.76 - - [10/Mar/2025:03:30:58 +0000] "GET /api/clientStaff/user/3019/first_trip_log/ HTTP/1.1" 200 159 "-" "okhttp/4.9.2"
152.59.202.76 - - [10/Mar/2025:03:30:58 +0000] "GET /api/clientOrganisation/call_user_counts/?id=3019 HTTP/1.1" 200 198 "-" "okhttp/4.9.2"
152.59.202.76 - - [10/Mar/2025:03:30:58 +0000] "GET /api/clientCall/registerCall/?limit=1&offset=0&organisation=106&technician=3019 HTTP/1.1" 200 1294 "-" "okhttp/4.9.2"
49.15.205.237 - - [10/Mar/2025:03:30:59 +0000] "GET /api/inventory/settings/?org=106 HTTP/1.1" 200 2 "-" "okhttp/4.9.2"
49.15.205.237 - - [10/Mar/2025:03:30:59 +0000] "GET /api/clientCall/trip_allowance/?technician=9432&indent_id=%22null%22 HTTP/1.1" 200 2 "-" "okhttp/4.9.2"
27.59.62.161 - - [10/Mar/2025:03:31:00 +0000] "GET /api/clientCall/registerCall/?limit=1&offset=0&organisation=106&technician=3416 HTTP/1.1" 200 1281 "-" "okhttp/4.9.2"
27.59.62.161 - - [10/Mar/2025:03:31:00 +0000] "GET /api/clientOrganisation/call_user_counts/?id=3416 HTTP/1.1" 200 198 "-" "okhttp/4.9.2"
49.37.155.52 - - [10/Mar/2025:03:31:00 +0000] "POST /api/Starlly/auth/login/ HTTP/1.1" 200 995 "-" "okhttp/4.9.2"
27.59.62.161 - - [10/Mar/2025:03:31:00 +0000] "GET /api/clientCall/registerCall/?limit=1&offset=0&organisation=106&technician=3416 HTTP/1.1" 200 1281 "-" "okhttp/4.9.2"
27.59.62.161 - - [10/Mar/2025:03:31:00 +0000] "GET /api/clientOrganisation/call_user_counts/?id=3416 HTTP/1.1" 200 198 "-" "okhttp/4.9.2"
223.185.65.89 - - [10/Mar/2025:03:31:00 +0000] "POST /api/Starlly/auth/login/ HTTP/1.1" 200 985 "-" "okhttp/4.9.2"
49.37.155.52 - - [10/Mar/2025:03:31:00 +0000] "POST /api/notification/store-token/ HTTP/1.1" 400 55 "-" "okhttp/4.9.2"
223.185.65.89 - - [10/Mar/2025:03:31:00 +0000] "POST /api/notification/store-token/ HTTP/1.1" 400 55 "-" "okhttp/4.9.2"
49.37.155.52 - - [10/Mar/2025:03:31:00 +0000] "GET /api/clientOrganisation/Organisation/106/?fields=address HTTP/1.1" 200 14 "-" "okhttp/4.9.2"
49.37.155.52 - - [10/Mar/2025:03:31:01 +0000] "GET /api/clientCall/registerCall/?limit=1&offset=0&organisation=106&technician=5412 HTTP/1.1" 200 1290 "-" "okhttp/4.9.2"
223.185.65.89 - - [10/Mar/2025:03:31:01 +0000] "GET /api/clientOrganisation/Organisation/106/?fields=address HTTP/1.1" 200 14 "-" "okhttp/4.9.2"
49.37.155.52 - - [10/Mar/2025:03:31:01 +0000] "GET /api/clientOrganisation/call_user_counts/?id=5412 HTTP/1.1" 200 198 "-" "okhttp/4.9.2"
49.37.155.52 - - [10/Mar/2025:03:31:01 +0000] "GET /api/clientOrganisation/client_staff/?id=5412 HTTP/1.1" 200 445 "-" "okhttp/4.9.2"
49.37.155.52 - - [10/Mar/2025:03:31:01 +0000] "GET /api/clientOrganisation/call_user_counts/?id=5412 HTTP/1.1" 200 198 "-" "okhttp/4.9.2"
223.185.65.89 - - [10/Mar/2025:03:31:01 +0000] "GET /api/clientOrganisation/call_user_counts/?id=3278 HTTP/1.1" 200 198 "-" "okhttp/4.9.2"
223.185.65.89 - - [10/Mar/2025:03:31:01 +0000] "GET /api/clientOrganisation/client_staff/?id=3278 HTTP/1.1" 200 445 "-" "okhttp/4.9.2"
152.59.7.147 - - [10/Mar/2025:03:31:01 +0000] "GET /api/clientCall/registerCall/?limit=1&offset=0&organisation=106&technician=3617 HTTP/1.1" 401 26 "-" "okhttp/4.9.2"
152.59.7.147 - - [10/Mar/2025:03:31:01 +0000] "GET /api/clientOrganisation/call_user_counts/?id=3617 HTTP/1.1" 401 26 "-" "okhttp/4.9.2"
152.59.228.124 - - [10/Mar/2025:03:31:01 +0000] "POST /api/clientStaff/trip_logs/ HTTP/1.1" 201 334 "-" "okhttp/4.9.2"
157.48.115.163 - - [10/Mar/2025:03:31:01 +0000] "POST /api/clientStaff/trip_logs/ HTTP/1.1" 201 318 "-" "okhttp/4.9.2"
223.185.65.89 - - [10/Mar/2025:03:31:02 +0000] "GET /api/clientOrganisation/call_user_counts/?id=3278 HTTP/1.1" 200 198 "-" "okhttp/4.9.2"
152.59.7.147 - - [10/Mar/2025:03:31:02 +0000] "GET /api/clientCall/registerCall/?limit=1&offset=0&organisation=106&technician=3617 HTTP/1.1" 401 26 "-" "okhttp/4.9.2"
152.59.7.147 - - [10/Mar/2025:03:31:02 +0000] "GET /api/clientOrganisation/call_user_counts/?id=3617 HTTP/1.1" 401 26 "-" "okhttp/4.9.2"
27.59.62.161 - - [10/Mar/2025:03:31:02 +0000] "GET /api/Starlly/fetch-erp-data/?userId=3416 HTTP/1.1" 200 46 "-" "okhttp/4.9.2"
152.59.231.225 - - [10/Mar/2025:03:31:02 +0000] "GET /api/clientOrganisation/call_user_counts/?id=5224 HTTP/1.1" 200 198 "-" "okhttp/4.9.2"
106.223.178.99 - - [10/Mar/2025:03:31:02 +0000] "GET /api/clientStaff/user/1218/first_trip_log/ HTTP/1.1" 200 171 "-" "okhttp/4.9.2"
152.59.231.225 - - [10/Mar/2025:03:31:02 +0000] "GET /api/clientOrganisation/client_staff/?id=5224 HTTP/1.1" 200 445 "-" "okhttp/4.9.2"
106.223.178.99 - - [10/Mar/2025:03:31:02 +0000] "GET /api/clientOrganisation/call_user_counts/?id=1218 HTTP/1.1" 200 198 "-" "okhttp/4.9.2"
106.223.178.99 - - [10/Mar/2025:03:31:02 +0000] "GET /api/clientCall/registerCall/?limit=1&offset=0&organisation=106&technician=1218 HTTP/1.1" 200 1356 "-" "okhttp/4.9.2"
27.59.60.116 - - [10/Mar/2025:03:31:02 +0000] "POST /api/clientStaff/trip_logs/ HTTP/1.1" 201 333 "-" "okhttp/4.9.2"
106.195.64.101 - - [10/Mar/2025:03:31:02 +0000] "POST /api/clientStaff/trip_logs/ HTTP/1.1" 201 469 "-" "okhttp/4.9.2"
106.223.178.99 - - [10/Mar/2025:03:31:02 +0000] "GET /api/clientCall/registerCall/?limit=1&offset=0&organisation=106&technician=1218 HTTP/1.1" 200 1356 "-" "okhttp/4.9.2"
106.223.178.99 - - [10/Mar/2025:03:31:02 +0000] "GET /api/clientOrganisation/call_user_counts/?id=1218 HTTP/1.1" 200 198 "-" "okhttp/4.9.2"
223.182.62.236 - - [10/Mar/2025:03:31:03 +0000] "POST /api/clientStaff/trip_logs/ HTTP/1.1" 201 332 "-" "okhttp/4.9.2"
49.15.205.237 - - [10/Mar/2025:03:31:03 +0000] "GET /api/inventory/technician_master/?user=9432&limit=10&offset=0 HTTP/1.1" 200 2 "-" "okhttp/4.9.2"
106.206.198.255 - - [10/Mar/2025:03:31:03 +0000] "POST /api/clientStaff/trip_logs/ HTTP/1.1" 201 318 "-" "okhttp/4.9.2"
223.185.65.155 - - [10/Mar/2025:03:31:04 +0000] "POST /api/Starlly/auth/login/ HTTP/1.1" 400 64 "-" "okhttp/4.9.2"
223.185.65.155 - - [10/Mar/2025:03:31:04 +0000] "GET /api/clientOrganisation/Organisation/undefined/?fields=address HTTP/1.1" 401 27 "-" "okhttp/4.9.2"
223.185.65.155 - - [10/Mar/2025:03:31:04 +0000] "POST /api/notification/store-token/ HTTP/1.1" 401 27 "-" "okhttp/4.9.2"
152.59.204.132 - - [10/Mar/2025:03:31:05 +0000] "POST /api/clientStaff/trip_logs/ HTTP/1.1" 201 317 "-" "okhttp/4.9.2"
106.223.178.99 - - [10/Mar/2025:03:31:05 +0000] "GET /api/Starlly/fetch-erp-data/?userId=1218 HTTP/1.1" 200 46 "-" "okhttp/4.9.2"
152.59.231.225 - - [10/Mar/2025:03:31:05 +0000] "GET /api/clientCall/registerCall/?technician=5224&client=&status=11&limit=20&offset=0&start=&end= HTTP/1.1" 200 2 "-" "okhttp/4.9.2"
152.58.67.182 - - [10/Mar/2025:03:31:05 +0000] "GET /api/clientCall/registerCall/?limit=1&offset=0&organisation=106&technician=1217 HTTP/1.1" 401 26 "-" "okhttp/4.9.2"
152.58.67.182 - - [10/Mar/2025:03:31:05 +0000] "GET /api/clientOrganisation/call_user_counts/?id=1217 HTTP/1.1" 401 26 "-" "okhttp/4.9.2"
152.59.229.48 - - [10/Mar/2025:03:31:05 +0000] "POST /api/clientStaff/trip_logs/ HTTP/1.1" 201 319 "-" "okhttp/4.9.2"
152.59.7.147 - - [10/Mar/2025:03:31:05 +0000] "GET /api/Starlly/fetch-erp-data/?userId=3617 HTTP/1.1" 401 26 "-" "okhttp/4.9.2"
152.58.67.182 - - [10/Mar/2025:03:31:06 +0000] "GET /api/clientCall/registerCall/?limit=1&offset=0&organisation=106&technician=1217 HTTP/1.1" 401 26 "-" "okhttp/4.9.2"
152.58.67.182 - - [10/Mar/2025:03:31:06 +0000] "GET /api/clientOrganisation/call_user_counts/?id=1217 HTTP/1.1" 401 26 "-" "okhttp/4.9.2"
152.59.210.222 - - [10/Mar/2025:03:31:06 +0000] "GET /api/clientCall/registerCall/?limit=1&offset=0&organisation=106&technician=5405 HTTP/1.1" 200 1275 "-" "okhttp/4.9.2"
152.59.210.222 - - [10/Mar/2025:03:31:06 +0000] "GET /api/clientOrganisation/call_user_counts/?id=5405 HTTP/1.1" 200 198 "-" "okhttp/4.9.2"
152.59.210.222 - - [10/Mar/2025:03:31:06 +0000] "GET /api/clientCall/registerCall/?limit=1&offset=0&organisation=106&technician=5405 HTTP/1.1" 200 1275 "-" "okhttp/4.9.2"
152.59.210.222 - - [10/Mar/2025:03:31:06 +0000] "GET /api/clientOrganisation/call_user_counts/?id=5405 HTTP/1.1" 200 198 "-" "okhttp/4.9.2"
49.37.155.52 - - [10/Mar/2025:03:31:06 +0000] "GET /api/Starlly/fetch-erp-data/?userId=5412 HTTP/1.1" 200 46 "-" "okhttp/4.9.2"
157.48.185.116 - - [10/Mar/2025:03:31:07 +0000] "GET /api/clientOrganisation/call_user_counts/?id=7853 HTTP/1.1" 200 198 "-" "okhttp/4.9.2"
157.48.185.116 - - [10/Mar/2025:03:31:07 +0000] "GET /api/clientCall/registerCall/?limit=1&offset=0&organisation=106&technician=7853 HTTP/1.1" 200 1298 "-" "okhttp/4.9.2"
27.59.62.161 - - [10/Mar/2025:03:31:08 +0000] "POST /api/clientStaff/trip_logs/ HTTP/1.1" 201 319 "-" "okhttp/4.9.2"
157.48.185.116 - - [10/Mar/2025:03:31:08 +0000] "GET /api/clientCall/registerCall/?limit=1&offset=0&organisation=106&technician=7853 HTTP/1.1" 200 1298 "-" "okhttp/4.9.2"
157.48.185.116 - - [10/Mar/2025:03:31:08 +0000] "GET /api/clientOrganisation/call_user_counts/?id=7853 HTTP/1.1" 200 198 "-" "okhttp/4.9.2"
106.221.187.63 - - [10/Mar/2025:03:31:08 +0000] "GET /api/clientOrganisation/call_user_counts/?id=3023 HTTP/1.1" 401 26 "-" "okhttp/4.9.2"
152.59.205.65 - - [10/Mar/2025:03:31:09 +0000] "GET /api/clientStaff/diagnostic_remarks/?register=37149 HTTP/1.1" 200 2 "-" "okhttp/4.9.2"
152.59.205.65 - - [10/Mar/2025:03:31:09 +0000] "GET /api/inventory/technician_master/?user=8596 HTTP/1.1" 200 2 "-" "okhttp/4.9.2"
106.221.187.63 - - [10/Mar/2025:03:31:09 +0000] "GET /api/clientOrganisation/call_user_counts/?id=3023 HTTP/1.1" 401 26 "-" "okhttp/4.9.2"
152.59.205.65 - - [10/Mar/2025:03:31:09 +0000] "GET /api/part?organisation=106&fields=id,name HTTP/1.1" 301 0 "-" "okhttp/4.9.2"
152.59.205.65 - - [10/Mar/2025:03:31:09 +0000] "GET /api/clientStaff/symptom_remark/?org=106 HTTP/1.1" 200 285 "-" "okhttp/4.9.2"
152.59.205.65 - - [10/Mar/2025:03:31:09 +0000] "GET /api/clientCall/callStatusMaster/ HTTP/1.1" 200 495 "-" "okhttp/4.9.2"
152.59.205.65 - - [10/Mar/2025:03:31:09 +0000] "GET /api/inventory/spare_transition/?user=8596&register=37149 HTTP/1.1" 200 2 "-" "okhttp/4.9.2"
152.59.205.65 - - [10/Mar/2025:03:31:09 +0000] "GET /api/clientCall/callStatus/?register=37149 HTTP/1.1" 200 236 "-" "okhttp/4.9.2"
152.59.205.65 - - [10/Mar/2025:03:31:09 +0000] "GET /api/Starlly/country-address-schema/IN/ HTTP/1.1" 200 779 "-" "okhttp/4.9.2"
152.59.205.65 - - [10/Mar/2025:03:31:09 +0000] "GET /api/part/?organisation=106&fields=id,name HTTP/1.1" 200 2 "-" "okhttp/4.9.2"
106.208.84.151 - - [10/Mar/2025:03:31:09 +0000] "POST /api/clientStaff/trip_logs/ HTTP/1.1" 201 334 "-" "okhttp/4.9.2"
152.57.198.118 - - [10/Mar/2025:03:31:09 +0000] "GET /api/clientOrganisation/call_user_counts/?id=1759 HTTP/1.1" 200 198 "-" "okhttp/4.9.2"
152.57.198.118 - - [10/Mar/2025:03:31:09 +0000] "GET /api/clientCall/registerCall/?limit=1&offset=0&organisation=106&technician=1759 HTTP/1.1" 200 1280 "-" "okhttp/4.9.2"
152.59.204.132 - - [10/Mar/2025:03:31:09 +0000] "POST /api/clientStaff/trip_logs/ HTTP/1.1" 201 317 "-" "okhttp/4.9.2"
157.48.113.246 - - [10/Mar/2025:03:31:09 +0000] "POST /api/clientStaff/trip_logs/ HTTP/1.1" 201 333 "-" "okhttp/4.9.2"
157.33.245.255 - - [10/Mar/2025:03:31:09 +0000] "GET /api/clientOrganisation/call_user_counts/?id=1723 HTTP/1.1" 200 198 "-" "okhttp/4.9.2"
157.33.245.255 - - [10/Mar/2025:03:31:09 +0000] "GET /api/clientCall/registerCall/?limit=1&offset=0&organisation=106&technician=1723 HTTP/1.1" 200 1274 "-" "okhttp/4.9.2"
152.57.198.118 - - [10/Mar/2025:03:31:09 +0000] "GET /api/clientCall/registerCall/?limit=1&offset=0&organisation=106&technician=1759 HTTP/1.1" 200 1280 "-" "okhttp/4.9.2"
152.57.198.118 - - [10/Mar/2025:03:31:09 +0000] "GET /api/clientOrganisation/call_user_counts/?id=1759 HTTP/1.1" 200 198 "-" "okhttp/4.9.2"
157.33.245.255 - - [10/Mar/2025:03:31:10 +0000] "GET /api/clientCall/registerCall/?limit=1&offset=0&organisation=106&technician=1723 HTTP/1.1" 200 1274 "-" "okhttp/4.9.2"
157.33.245.255 - - [10/Mar/2025:03:31:10 +0000] "GET /api/clientOrganisation/call_user_counts/?id=1723 HTTP/1.1" 200 198 "-" "okhttp/4.9.2"
152.59.228.190 - - [10/Mar/2025:03:31:10 +0000] "GET /api/clientStaff/user/5601/first_trip_log/ HTTP/1.1" 200 151 "-" "okhttp/4.9.2"
152.59.228.190 - - [10/Mar/2025:03:31:10 +0000] "GET /api/clientCall/registerCall/?limit=1&offset=0&organisation=106&technician=5601 HTTP/1.1" 200 1276 "-" "okhttp/4.9.2"
152.59.228.190 - - [10/Mar/2025:03:31:10 +0000] "GET /api/clientOrganisation/call_user_counts/?id=5601 HTTP/1.1" 200 198 "-" "okhttp/4.9.2"
152.59.239.15 - - [10/Mar/2025:03:31:10 +0000] "POST /api/clientStaff/bulk-insert-triplog-history/ HTTP/1.1" 201 45 "-" "okhttp/4.9.2"
223.185.65.155 - - [10/Mar/2025:03:31:11 +0000] "POST /api/Starlly/auth/login/ HTTP/1.1" 200 991 "-" "okhttp/4.9.2"
223.185.65.155 - - [10/Mar/2025:03:31:11 +0000] "POST /api/notification/store-token/ HTTP/1.1" 400 55 "-" "okhttp/4.9.2"
223.185.65.155 - - [10/Mar/2025:03:31:11 +0000] "GET /api/clientOrganisation/Organisation/106/?fields=address HTTP/1.1" 200 14 "-" "okhttp/4.9.2"
223.185.65.155 - - [10/Mar/2025:03:31:11 +0000] "GET /api/clientCall/registerCall/?limit=1&offset=0&organisation=106&technician=2532 HTTP/1.1" 200 1283 "-" "okhttp/4.9.2"
223.185.65.155 - - [10/Mar/2025:03:31:11 +0000] "GET /api/clientOrganisation/call_user_counts/?id=2532 HTTP/1.1" 200 198 "-" "okhttp/4.9.2"
223.185.65.155 - - [10/Mar/2025:03:31:11 +0000] "GET /api/clientOrganisation/client_staff/?id=2532 HTTP/1.1" 200 445 "-" "okhttp/4.9.2"
223.227.98.111 - - [10/Mar/2025:03:31:13 +0000] "GET /api/clientOrganisation/call_user_counts/?id=3310 HTTP/1.1" 200 198 "-" "okhttp/4.9.2"
223.227.98.111 - - [10/Mar/2025:03:31:13 +0000] "GET /api/clientCall/registerCall/?limit=1&offset=0&organisation=106&technician=3310 HTTP/1.1" 200 1256 "-" "okhttp/4.9.2"
152.59.142.92 - - [10/Mar/2025:03:31:13 +0000] "POST /api/clientStaff/trip_logs/ HTTP/1.1" 201 468 "-" "okhttp/4.9.2"
49.37.155.52 - - [10/Mar/2025:03:31:13 +0000] "POST /api/clientStaff/trip_logs/ HTTP/1.1" 201 319 "-" "okhttp/4.9.2"
152.59.204.132 - - [10/Mar/2025:03:31:13 +0000] "POST /api/clientStaff/trip_logs/ HTTP/1.1" 201 311 "-" "okhttp/4.9.2"
152.59.204.132 - - [10/Mar/2025:03:31:13 +0000] "POST /api/clientStaff/bulk-insert-triplog-history/ HTTP/1.1" 201 45 "-" "okhttp/4.9.2"
223.227.98.111 - - [10/Mar/2025:03:31:13 +0000] "GET /api/clientCall/registerCall/?limit=1&offset=0&organisation=106&technician=3310 HTTP/1.1" 200 1256 "-" "okhttp/4.9.2"
223.227.98.111 - - [10/Mar/2025:03:31:13 +0000] "GET /api/clientOrganisation/call_user_counts/?id=3310 HTTP/1.1" 200 198 "-" "okhttp/4.9.2"
27.59.60.55 - - [10/Mar/2025:03:31:13 +0000] "POST /api/clientStaff/bulk-insert-triplog-history/ HTTP/1.1" 201 45 "-" "okhttp/4.9.2"
152.59.204.132 - - [10/Mar/2025:03:31:13 +0000] "POST /api/clientStaff/trip_logs/ HTTP/1.1" 499 0 "-" "okhttp/4.9.2"
157.47.49.94 - - [10/Mar/2025:03:31:14 +0000] "GET /api/clientOrganisation/call_user_counts/?id=5344 HTTP/1.1" 200 198 "-" "okhttp/4.9.2"
152.59.202.76 - - [10/Mar/2025:03:31:14 +0000] "POST /api/clientStaff/trip_logs/ HTTP/1.1" 201 353 "-" "okhttp/4.9.2"
152.59.230.78 - - [10/Mar/2025:03:31:14 +0000] "GET /api/clientOrganisation/call_user_counts/?id=5578 HTTP/1.1" 200 198 "-" "okhttp/4.9.2"
152.59.230.78 - - [10/Mar/2025:03:31:14 +0000] "GET /api/clientCall/registerCall/?limit=1&offset=0&organisation=106&technician=5578 HTTP/1.1" 200 1281 "-" "okhttp/4.9.2"
157.47.49.94 - - [10/Mar/2025:03:31:14 +0000] "GET /api/clientCall/registerCall/?limit=1&offset=0&organisation=106&technician=5344 HTTP/1.1" 200 1295 "-" "okhttp/4.9.2"
152.59.230.78 - - [10/Mar/2025:03:31:15 +0000] "GET /api/clientCall/registerCall/?limit=1&offset=0&organisation=106&technician=5578 HTTP/1.1" 200 1281 "-" "okhttp/4.9.2"
152.59.230.78 - - [10/Mar/2025:03:31:15 +0000] "GET /api/clientOrganisation/call_user_counts/?id=5578 HTTP/1.1" 200 198 "-" "okhttp/4.9.2"
106.223.178.99 - - [10/Mar/2025:03:31:15 +0000] "POST /api/clientStaff/trip_logs/ HTTP/1.1" 201 319 "-" "okhttp/4.9.2"
157.47.49.94 - - [10/Mar/2025:03:31:15 +0000] "GET /api/clientStaff/user/5344/first_trip_log/ HTTP/1.1" 200 170 "-" "okhttp/4.9.2"
157.47.49.94 - - [10/Mar/2025:03:31:15 +0000] "GET /api/clientStaff/user/5344/first_trip_log/ HTTP/1.1" 200 170 "-" "okhttp/4.9.2"
152.59.210.222 - - [10/Mar/2025:03:31:15 +0000] "GET /api/Starlly/fetch-erp-data/?userId=5405 HTTP/1.1" 200 46 "-" "okhttp/4.9.2"
223.237.138.19 - - [10/Mar/2025:03:31:15 +0000] "GET /api/clientCall/registerCall/?limit=1&offset=0&organisation=106&technician=964 HTTP/1.1" 200 1368 "-" "okhttp/4.9.2"
223.237.138.19 - - [10/Mar/2025:03:31:15 +0000] "GET /api/clientOrganisation/call_user_counts/?id=964 HTTP/1.1" 200 198 "-" "okhttp/4.9.2"
223.237.138.19 - - [10/Mar/2025:03:31:15 +0000] "GET /api/clientCall/registerCall/?limit=1&offset=0&organisation=106&technician=964 HTTP/1.1" 200 1368 "-" "okhttp/4.9.2"
223.237.138.19 - - [10/Mar/2025:03:31:15 +0000] "GET /api/clientOrganisation/call_user_counts/?id=964 HTTP/1.1" 200 198 "-" "okhttp/4.9.2"
157.47.49.94 - - [10/Mar/2025:03:31:15 +0000] "GET /api/clientCall/registerCall/?limit=1&offset=0&organisation=106&technician=5344 HTTP/1.1" 200 1295 "-" "okhttp/4.9.2"
157.47.49.94 - - [10/Mar/2025:03:31:15 +0000] "GET /api/clientOrganisation/call_user_counts/?id=5344 HTTP/1.1" 200 198 "-" "okhttp/4.9.2"
152.56.135.253 - - [10/Mar/2025:03:31:15 +0000] "GET /api/clientCall/registerCall/?limit=1&offset=0&organisation=106&technician=900 HTTP/1.1" 200 1378 "-" "okhttp/4.9.2"
152.56.135.253 - - [10/Mar/2025:03:31:15 +0000] "GET /api/clientOrganisation/call_user_counts/?id=900 HTTP/1.1" 200 198 "-" "okhttp/4.9.2"
152.58.32.188 - - [10/Mar/2025:03:31:16 +0000] "GET /api/clientCall/registerCall/?limit=1&offset=0&organisation=106&technician=2153 HTTP/1.1" 200 1272 "-" "okhttp/4.9.2"
152.58.32.188 - - [10/Mar/2025:03:31:16 +0000] "GET /api/clientOrganisation/call_user_counts/?id=2153 HTTP/1.1" 200 198 "-" "okhttp/4.9.2"
152.58.32.188 - - [10/Mar/2025:03:31:16 +0000] "GET /api/clientCall/registerCall/?limit=1&offset=0&organisation=106&technician=2153 HTTP/1.1" 200 1272 "-" "okhttp/4.9.2"
152.56.135.253 - - [10/Mar/2025:03:31:16 +0000] "GET /api/clientCall/registerCall/?limit=1&offset=0&organisation=106&technician=900 HTTP/1.1" 200 1378 "-" "okhttp/4.9.2"
152.58.32.188 - - [10/Mar/2025:03:31:16 +0000] "GET /api/clientOrganisation/call_user_counts/?id=2153 HTTP/1.1" 200 198 "-" "okhttp/4.9.2"
152.56.135.253 - - [10/Mar/2025:03:31:16 +0000] "GET /api/clientOrganisation/call_user_counts/?id=900 HTTP/1.1" 200 198 "-" "okhttp/4.9.2"
152.59.204.147 - - [10/Mar/2025:03:31:16 +0000] "POST /api/clientStaff/trip_logs/ HTTP/1.1" 201 359 "-" "okhttp/4.9.2"
152.59.208.44 - - [10/Mar/2025:03:31:16 +0000] "GET /api/clientCall/registerCall/?limit=1&offset=0&organisation=106&technician=5167 HTTP/1.1" 200 1316 "-" "okhttp/4.9.2"
152.59.208.44 - - [10/Mar/2025:03:31:16 +0000] "GET /api/clientOrganisation/call_user_counts/?id=5167 HTTP/1.1" 200 198 "-" "okhttp/4.9.2"
152.59.230.113 - - [10/Mar/2025:03:31:16 +0000] "GET /api/clientStaff/user/5657/first_trip_log/ HTTP/1.1" 200 170 "-" "okhttp/4.9.2"
152.59.230.113 - - [10/Mar/2025:03:31:16 +0000] "GET /api/clientCall/registerCall/?limit=1&offset=0&organisation=106&technician=5657 HTTP/1.1" 200 1260 "-" "okhttp/4.9.2"
152.59.230.113 - - [10/Mar/2025:03:31:16 +0000] "GET /api/clientOrganisation/call_user_counts/?id=5657 HTTP/1.1" 200 198 "-" "okhttp/4.9.2"
152.59.208.44 - - [10/Mar/2025:03:31:16 +0000] "GET /api/clientCall/registerCall/?limit=1&offset=0&organisation=106&technician=5167 HTTP/1.1" 200 1316 "-" "okhttp/4.9.2"
152.59.208.44 - - [10/Mar/2025:03:31:16 +0000] "GET /api/clientOrganisation/call_user_counts/?id=5167 HTTP/1.1" 200 198 "-" "okhttp/4.9.2"
157.48.185.116 - - [10/Mar/2025:03:31:16 +0000] "GET /api/Starlly/fetch-erp-data/?userId=7853 HTTP/1.1" 200 46 "-" "okhttp/4.9.2"
152.59.230.113 - - [10/Mar/2025:03:31:17 +0000] "GET /api/clientOrganisation/call_user_counts/?id=5657 HTTP/1.1" 200 198 "-" "okhttp/4.9.2"
152.59.230.113 - - [10/Mar/2025:03:31:17 +0000] "GET /api/clientCall/registerCall/?limit=1&offset=0&organisation=106&technician=5657 HTTP/1.1" 200 1260 "-" "okhttp/4.9.2"
106.217.136.142 - - [10/Mar/2025:03:31:17 +0000] "POST /api/clientStaff/triplog_history/ HTTP/1.1" 404 159 "-" "okhttp/4.9.2"
106.217.136.142 - - [10/Mar/2025:03:31:17 +0000] "POST /api/clientStaff/triplog_history/ HTTP/1.1" 404 159 "-" "okhttp/4.9.2"
106.217.136.142 - - [10/Mar/2025:03:31:17 +0000] "POST /api/clientStaff/triplog_history/ HTTP/1.1" 404 159 "-" "okhttp/4.9.2"
106.217.136.142 - - [10/Mar/2025:03:31:17 +0000] "POST /api/clientStaff/triplog_history/ HTTP/1.1" 404 159 "-" "okhttp/4.9.2"
152.58.33.222 - - [10/Mar/2025:03:31:17 +0000] "POST /api/Starlly/auth/login/ HTTP/1.1" 200 1001 "-" "okhttp/4.9.2"
152.58.33.222 - - [10/Mar/2025:03:31:17 +0000] "POST /api/notification/store-token/ HTTP/1.1" 200 247 "-" "okhttp/4.9.2"
152.58.33.222 - - [10/Mar/2025:03:31:18 +0000] "GET /api/clientOrganisation/Organisation/106/?fields=address HTTP/1.1" 200 14 "-" "okhttp/4.9.2"
152.58.33.222 - - [10/Mar/2025:03:31:18 +0000] "GET /api/clientCall/registerCall/?limit=1&offset=0&organisation=106&technician=2176 HTTP/1.1" 200 1299 "-" "okhttp/4.9.2"
152.58.33.222 - - [10/Mar/2025:03:31:18 +0000] "GET /api/clientOrganisation/call_user_counts/?id=2176 HTTP/1.1" 200 198 "-" "okhttp/4.9.2"
152.58.33.222 - - [10/Mar/2025:03:31:18 +0000] "GET /api/clientOrganisation/call_user_counts/?id=2176 HTTP/1.1" 200 198 "-" "okhttp/4.9.2"
152.58.33.222 - - [10/Mar/2025:03:31:18 +0000] "GET /api/clientOrganisation/client_staff/?id=2176 HTTP/1.1" 200 435 "-" "okhttp/4.9.2"
106.217.136.142 - - [10/Mar/2025:03:31:18 +0000] "POST /api/clientStaff/triplog_history/ HTTP/1.1" 404 159 "-" "okhttp/4.9.2"
117.99.205.5 - - [10/Mar/2025:03:31:18 +0000] "GET /api/clientCall/registerCall/?limit=1&offset=0&organisation=106&technician=8072 HTTP/1.1" 200 1374 "-" "okhttp/4.9.2"
117.99.205.5 - - [10/Mar/2025:03:31:18 +0000] "GET /api/clientOrganisation/call_user_counts/?id=8072 HTTP/1.1" 200 198 "-" "okhttp/4.9.2"
223.185.65.155 - - [10/Mar/2025:03:31:18 +0000] "GET /api/Starlly/fetch-erp-data/?userId=2532 HTTP/1.1" 200 46 "-" "okhttp/4.9.2"
117.99.205.5 - - [10/Mar/2025:03:31:19 +0000] "GET /api/clientCall/registerCall/?limit=1&offset=0&organisation=106&technician=8072 HTTP/1.1" 200 1374 "-" "okhttp/4.9.2"
117.99.205.5 - - [10/Mar/2025:03:31:19 +0000] "GET /api/clientOrganisation/call_user_counts/?id=8072 HTTP/1.1" 200 198 "-" "okhttp/4.9.2"
152.59.208.44 - - [10/Mar/2025:03:31:19 +0000] "GET /api/Starlly/fetch-erp-data/?userId=5167 HTTP/1.1" 200 46 "-" "okhttp/4.9.2"
106.221.188.226 - - [10/Mar/2025:03:31:19 +0000] "GET /api/clientCall/registerCall/?limit=1&offset=0&organisation=106&technician=3322 HTTP/1.1" 200 1267 "-" "okhttp/4.9.2"
106.221.188.226 - - [10/Mar/2025:03:31:19 +0000] "GET /api/clientOrganisation/call_user_counts/?id=3322 HTTP/1.1" 200 198 "-" "okhttp/4.9.2"
106.221.188.226 - - [10/Mar/2025:03:31:19 +0000] "GET /api/clientCall/registerCall/?limit=1&offset=0&organisation=106&technician=3322 HTTP/1.1" 200 1267 "-" "okhttp/4.9.2"
106.221.188.226 - - [10/Mar/2025:03:31:19 +0000] "GET /api/clientOrganisation/call_user_counts/?id=3322 HTTP/1.1" 200 198 "-" "okhttp/4.9.2"
223.237.138.19 - - [10/Mar/2025:03:31:19 +0000] "GET /api/Starlly/fetch-erp-data/?userId=964 HTTP/1.1" 200 46 "-" "okhttp/4.9.2"
106.66.45.169 - - [10/Mar/2025:03:31:20 +0000] "POST /api/clientStaff/trip_logs/ HTTP/1.1" 201 332 "-" "okhttp/4.9.2"
106.221.215.15 - - [10/Mar/2025:03:31:20 +0000] "GET /api/Starlly/fetch-erp-data/?userId=4462 HTTP/1.1" 200 46 "-" "okhttp/4.9.2"
152.59.210.222 - - [10/Mar/2025:03:31:20 +0000] "POST /api/clientStaff/trip_logs/ HTTP/1.1" 201 319 "-" "okhttp/4.9.2"
152.59.230.78 - - [10/Mar/2025:03:31:21 +0000] "GET /api/Starlly/fetch-erp-data/?userId=5578 HTTP/1.1" 200 46 "-" "okhttp/4.9.2"
152.59.230.113 - - [10/Mar/2025:03:31:21 +0000] "GET /api/Starlly/fetch-erp-data/?userId=5657 HTTP/1.1" 200 46 "-" "okhttp/4.9.2"
106.66.44.146 - - [10/Mar/2025:03:31:22 +0000] "POST /api/Starlly/auth/login/ HTTP/1.1" 200 915 "-" "okhttp/4.9.2"
152.57.15.196 - - [10/Mar/2025:03:31:22 +0000] "GET /api/clientStaff/user/3994/first_trip_log/ HTTP/1.1" 200 154 "-" "okhttp/4.9.2"
152.57.15.196 - - [10/Mar/2025:03:31:22 +0000] "GET /api/clientCall/registerCall/?limit=1&offset=0&organisation=106&technician=3994 HTTP/1.1" 200 1255 "-" "okhttp/4.9.2"
152.57.15.196 - - [10/Mar/2025:03:31:22 +0000] "GET /api/clientOrganisation/call_user_counts/?id=3994 HTTP/1.1" 200 198 "-" "okhttp/4.9.2"
152.59.210.225 - - [10/Mar/2025:03:31:22 +0000] "GET /api/clientCall/registerCall/?limit=1&offset=0&organisation=106&technician=6011 HTTP/1.1" 200 1266 "-" "okhttp/4.9.2"
152.59.210.225 - - [10/Mar/2025:03:31:22 +0000] "GET /api/clientOrganisation/call_user_counts/?id=6011 HTTP/1.1" 200 198 "-" "okhttp/4.9.2"
106.66.44.146 - - [10/Mar/2025:03:31:22 +0000] "POST /api/notification/store-token/ HTTP/1.1" 400 55 "-" "okhttp/4.9.2"
152.59.214.103 - - [10/Mar/2025:03:31:22 +0000] "GET /api/clientCall/registerCall/?limit=1&offset=0&organisation=106&technician=2987 HTTP/1.1" 200 1311 "-" "okhttp/4.9.2"
152.59.214.103 - - [10/Mar/2025:03:31:22 +0000] "GET /api/clientOrganisation/call_user_counts/?id=2987 HTTP/1.1" 200 198 "-" "okhttp/4.9.2"
106.221.188.226 - - [10/Mar/2025:03:31:22 +0000] "GET /api/Starlly/fetch-erp-data/?userId=3322 HTTP/1.1" 200 46 "-" "okhttp/4.9.2"
152.59.214.103 - - [10/Mar/2025:03:31:23 +0000] "GET /api/clientCall/registerCall/?limit=1&offset=0&organisation=106&technician=2987 HTTP/1.1" 200 1311 "-" "okhttp/4.9.2"
152.59.214.103 - - [10/Mar/2025:03:31:23 +0000] "GET /api/clientOrganisation/call_user_counts/?id=2987 HTTP/1.1" 200 198 "-" "okhttp/4.9.2"
106.66.44.146 - - [10/Mar/2025:03:31:23 +0000] "GET /api/clientOrganisation/call_user_counts/?id=6803 HTTP/1.1" 200 198 "-" "okhttp/4.9.2"
157.48.132.208 - - [10/Mar/2025:03:31:23 +0000] "GET /api/clientOrganisation/call_user_counts/?id=5702 HTTP/1.1" 200 198 "-" "okhttp/4.9.2"
157.48.132.208 - - [10/Mar/2025:03:31:23 +0000] "GET /api/clientStaff/user/5702/first_trip_log/ HTTP/1.1" 200 171 "-" "okhttp/4.9.2"
157.48.132.208 - - [10/Mar/2025:03:31:23 +0000] "GET /api/clientCall/registerCall/?limit=1&offset=0&organisation=106&technician=5702 HTTP/1.1" 200 1271 "-" "okhttp/4.9.2"
106.66.44.146 - - [10/Mar/2025:03:31:23 +0000] "GET /api/clientOrganisation/Organisation/106/?fields=address HTTP/1.1" 200 14 "-" "okhttp/4.9.2"
152.59.210.225 - - [10/Mar/2025:03:31:23 +0000] "GET /api/clientCall/registerCall/?limit=1&offset=0&organisation=106&technician=6011 HTTP/1.1" 200 1266 "-" "okhttp/4.9.2"
152.59.210.225 - - [10/Mar/2025:03:31:23 +0000] "GET /api/clientOrganisation/call_user_counts/?id=6011 HTTP/1.1" 200 198 "-" "okhttp/4.9.2"
106.66.44.146 - - [10/Mar/2025:03:31:23 +0000] "GET /api/clientCall/registerCall/?limit=1&offset=0&organisation=106&technician=6803 HTTP/1.1" 200 1246 "-" "okhttp/4.9.2"
152.59.231.225 - - [10/Mar/2025:03:31:23 +0000] "GET /api/clientCall/registerCall/?technician=5224&client=&status=10&limit=20&offset=0&start=&end= HTTP/1.1" 200 2 "-" "okhttp/4.9.2"
152.59.208.44 - - [10/Mar/2025:03:31:23 +0000] "POST /api/clientStaff/trip_logs/ HTTP/1.1" 201 319 "-" "okhttp/4.9.2"
106.66.44.146 - - [10/Mar/2025:03:31:23 +0000] "GET /api/clientOrganisation/client_staff/?id=6803 HTTP/1.1" 200 445 "-" "okhttp/4.9.2"
106.66.44.146 - - [10/Mar/2025:03:31:23 +0000] "GET /api/clientOrganisation/call_user_counts/?id=6803 HTTP/1.1" 200 198 "-" "okhttp/4.9.2"
157.48.132.208 - - [10/Mar/2025:03:31:23 +0000] "GET /api/clientStaff/user/5702/first_trip_log/ HTTP/1.1" 200 171 "-" "okhttp/4.9.2"
157.48.132.208 - - [10/Mar/2025:03:31:23 +0000] "GET /api/clientCall/registerCall/?limit=1&offset=0&organisation=106&technician=5702 HTTP/1.1" 200 1271 "-" "okhttp/4.9.2"
157.48.132.208 - - [10/Mar/2025:03:31:24 +0000] "GET /api/clientOrganisation/call_user_counts/?id=5702 HTTP/1.1" 200 198 "-" "okhttp/4.9.2"
