223.187.43.154 - - [10/Mar/2025:03:30:14 +0000] "GET /api/notification/all/?limit=10&offset=1710 HTTP/1.1" 401 27 "-" "okhttp/4.9.2"
223.187.43.154 - - [10/Mar/2025:03:30:14 +0000] "GET /api/notification/all?limit=10&offset=1720 HTTP/1.1" 301 0 "-" "okhttp/4.9.2"
152.59.6.34 - - [10/Mar/2025:03:30:14 +0000] "GET /api/clientCall/registerCall/?limit=1&offset=0&organisation=106&technician=1850 HTTP/1.1" 200 1266 "-" "okhttp/4.9.2"
223.187.43.154 - - [10/Mar/2025:03:30:14 +0000] "GET /api/notification/all/?limit=10&offset=1720 HTTP/1.1" 401 27 "-" "okhttp/4.9.2"
152.59.6.34 - - [10/Mar/2025:03:30:14 +0000] "GET /api/clientOrganisation/call_user_counts/?id=1850 HTTP/1.1" 200 198 "-" "okhttp/4.9.2"
223.187.43.154 - - [10/Mar/2025:03:30:14 +0000] "GET /api/notification/all?limit=10&offset=1730 HTTP/1.1" 301 0 "-" "okhttp/4.9.2"
152.56.10.134 - - [10/Mar/2025:03:30:14 +0000] "POST /api/clientStaff/trip_logs/ HTTP/1.1" 201 319 "-" "okhttp/4.9.2"
223.187.43.154 - - [10/Mar/2025:03:30:14 +0000] "GET /api/notification/all/?limit=10&offset=1730 HTTP/1.1" 401 27 "-" "okhttp/4.9.2"
152.58.159.157 - - [10/Mar/2025:03:30:14 +0000] "GET /api/Starlly/fetch-erp-data/?userId=616 HTTP/1.1" 200 46 "-" "okhttp/4.9.2"
223.187.43.154 - - [10/Mar/2025:03:30:14 +0000] "GET /api/notification/all?limit=10&offset=1740 HTTP/1.1" 301 0 "-" "okhttp/4.9.2"
110.226.224.206 - - [10/Mar/2025:03:30:14 +0000] "POST /api/clientStaff/trip_logs/ HTTP/1.1" 201 317 "-" "okhttp/4.9.2"
223.187.43.154 - - [10/Mar/2025:03:30:14 +0000] "GET /api/notification/all/?limit=10&offset=1740 HTTP/1.1" 401 27 "-" "okhttp/4.9.2"
223.187.43.154 - - [10/Mar/2025:03:30:15 +0000] "GET /api/notification/all?limit=10&offset=1750 HTTP/1.1" 301 0 "-" "okhttp/4.9.2"
157.48.113.246 - - [10/Mar/2025:03:30:15 +0000] "POST /api/clientStaff/trip_logs/ HTTP/1.1" 201 312 "-" "okhttp/4.9.2"
223.187.43.154 - - [10/Mar/2025:03:30:15 +0000] "GET /api/notification/all/?limit=10&offset=1750 HTTP/1.1" 401 27 "-" "okhttp/4.9.2"
223.187.43.154 - - [10/Mar/2025:03:30:15 +0000] "GET /api/notification/all?limit=10&offset=1760 HTTP/1.1" 301 0 "-" "okhttp/4.9.2"
223.187.43.154 - - [10/Mar/2025:03:30:15 +0000] "GET /api/notification/all/?limit=10&offset=1760 HTTP/1.1" 401 27 "-" "okhttp/4.9.2"
157.48.113.246 - - [10/Mar/2025:03:30:15 +0000] "POST /api/clientStaff/bulk-insert-triplog-history/ HTTP/1.1" 201 45 "-" "okhttp/4.9.2"
223.187.43.154 - - [10/Mar/2025:03:30:15 +0000] "GET /api/notification/all?limit=10&offset=1770 HTTP/1.1" 301 0 "-" "okhttp/4.9.2"
152.59.211.217 - - [10/Mar/2025:03:30:15 +0000] "POST /api/clientStaff/trip_logs/ HTTP/1.1" 201 319 "-" "okhttp/4.9.2"
223.187.43.154 - - [10/Mar/2025:03:30:15 +0000] "GET /api/notification/all/?limit=10&offset=1770 HTTP/1.1" 401 27 "-" "okhttp/4.9.2"
223.187.43.154 - - [10/Mar/2025:03:30:15 +0000] "GET /api/notification/all?limit=10&offset=1780 HTTP/1.1" 301 0 "-" "okhttp/4.9.2"
223.187.43.154 - - [10/Mar/2025:03:30:15 +0000] "GET /api/notification/all/?limit=10&offset=1780 HTTP/1.1" 401 27 "-" "okhttp/4.9.2"
223.187.43.154 - - [10/Mar/2025:03:30:15 +0000] "GET /api/notification/all?limit=10&offset=1790 HTTP/1.1" 301 0 "-" "okhttp/4.9.2"
223.187.43.154 - - [10/Mar/2025:03:30:15 +0000] "GET /api/notification/all/?limit=10&offset=1790 HTTP/1.1" 401 27 "-" "okhttp/4.9.2"
223.187.43.154 - - [10/Mar/2025:03:30:15 +0000] "GET /api/notification/all?limit=10&offset=1800 HTTP/1.1" 301 0 "-" "okhttp/4.9.2"
223.187.43.154 - - [10/Mar/2025:03:30:15 +0000] "GET /api/notification/all/?limit=10&offset=1800 HTTP/1.1" 401 27 "-" "okhttp/4.9.2"
223.187.43.154 - - [10/Mar/2025:03:30:15 +0000] "GET /api/notification/all?limit=10&offset=1810 HTTP/1.1" 301 0 "-" "okhttp/4.9.2"
223.187.43.154 - - [10/Mar/2025:03:30:15 +0000] "GET /api/notification/all/?limit=10&offset=1810 HTTP/1.1" 401 27 "-" "okhttp/4.9.2"
223.187.43.154 - - [10/Mar/2025:03:30:15 +0000] "GET /api/notification/all?limit=10&offset=1820 HTTP/1.1" 301 0 "-" "okhttp/4.9.2"
223.187.43.154 - - [10/Mar/2025:03:30:15 +0000] "GET /api/notification/all/?limit=10&offset=1820 HTTP/1.1" 401 27 "-" "okhttp/4.9.2"
223.187.43.154 - - [10/Mar/2025:03:30:15 +0000] "GET /api/notification/all?limit=10&offset=1830 HTTP/1.1" 301 0 "-" "okhttp/4.9.2"
223.187.43.154 - - [10/Mar/2025:03:30:15 +0000] "GET /api/notification/all/?limit=10&offset=1830 HTTP/1.1" 401 27 "-" "okhttp/4.9.2"
223.187.43.154 - - [10/Mar/2025:03:30:15 +0000] "GET /api/notification/all?limit=10&offset=1840 HTTP/1.1" 301 0 "-" "okhttp/4.9.2"
223.187.43.154 - - [10/Mar/2025:03:30:16 +0000] "GET /api/notification/all?limit=10&offset=1850 HTTP/1.1" 301 0 "-" "okhttp/4.9.2"
223.187.43.154 - - [10/Mar/2025:03:30:16 +0000] "GET /api/notification/all/?limit=10&offset=1840 HTTP/1.1" 401 27 "-" "okhttp/4.9.2"
223.187.43.154 - - [10/Mar/2025:03:30:16 +0000] "GET /api/notification/all/?limit=10&offset=1850 HTTP/1.1" 401 27 "-" "okhttp/4.9.2"
223.187.43.154 - - [10/Mar/2025:03:30:16 +0000] "GET /api/notification/all?limit=10&offset=1860 HTTP/1.1" 301 0 "-" "okhttp/4.9.2"
223.187.43.154 - - [10/Mar/2025:03:30:16 +0000] "GET /api/notification/all/?limit=10&offset=1860 HTTP/1.1" 401 27 "-" "okhttp/4.9.2"
223.187.43.154 - - [10/Mar/2025:03:30:16 +0000] "GET /api/notification/all?limit=10&offset=1870 HTTP/1.1" 301 0 "-" "okhttp/4.9.2"
223.187.43.154 - - [10/Mar/2025:03:30:16 +0000] "GET /api/notification/all/?limit=10&offset=1870 HTTP/1.1" 401 27 "-" "okhttp/4.9.2"
223.187.43.154 - - [10/Mar/2025:03:30:16 +0000] "GET /api/notification/all?limit=10&offset=1880 HTTP/1.1" 301 0 "-" "okhttp/4.9.2"
223.187.43.154 - - [10/Mar/2025:03:30:16 +0000] "GET /api/notification/all?limit=10&offset=1890 HTTP/1.1" 301 0 "-" "okhttp/4.9.2"
223.187.43.154 - - [10/Mar/2025:03:30:16 +0000] "GET /api/notification/all/?limit=10&offset=1880 HTTP/1.1" 401 27 "-" "okhttp/4.9.2"
223.187.43.154 - - [10/Mar/2025:03:30:16 +0000] "GET /api/notification/all?limit=10&offset=1900 HTTP/1.1" 301 0 "-" "okhttp/4.9.2"
223.238.56.61 - - [10/Mar/2025:03:30:16 +0000] "POST /api/clientStaff/trip_logs/ HTTP/1.1" 201 319 "-" "okhttp/4.9.2"
223.187.43.154 - - [10/Mar/2025:03:30:16 +0000] "GET /api/notification/all/?limit=10&offset=1890 HTTP/1.1" 401 27 "-" "okhttp/4.9.2"
223.187.43.154 - - [10/Mar/2025:03:30:16 +0000] "GET /api/notification/all/?limit=10&offset=1900 HTTP/1.1" 401 27 "-" "okhttp/4.9.2"
106.208.22.111 - - [10/Mar/2025:03:30:16 +0000] "GET /api/Starlly/fetch-erp-data/?userId=5850 HTTP/1.1" 200 46 "-" "okhttp/4.9.2"
223.187.43.154 - - [10/Mar/2025:03:30:16 +0000] "GET /api/notification/all?limit=10&offset=1910 HTTP/1.1" 301 0 "-" "okhttp/4.9.2"
223.187.43.154 - - [10/Mar/2025:03:30:16 +0000] "GET /api/notification/all?limit=10&offset=1920 HTTP/1.1" 301 0 "-" "okhttp/4.9.2"
223.187.43.154 - - [10/Mar/2025:03:30:16 +0000] "GET /api/notification/all/?limit=10&offset=1910 HTTP/1.1" 401 27 "-" "okhttp/4.9.2"
223.187.43.154 - - [10/Mar/2025:03:30:16 +0000] "GET /api/notification/all/?limit=10&offset=1920 HTTP/1.1" 401 27 "-" "okhttp/4.9.2"
223.187.43.154 - - [10/Mar/2025:03:30:17 +0000] "GET /api/notification/all?limit=10&offset=1930 HTTP/1.1" 301 0 "-" "okhttp/4.9.2"
223.187.43.154 - - [10/Mar/2025:03:30:17 +0000] "GET /api/notification/all?limit=10&offset=1940 HTTP/1.1" 301 0 "-" "okhttp/4.9.2"
223.187.43.154 - - [10/Mar/2025:03:30:17 +0000] "GET /api/notification/all/?limit=10&offset=1930 HTTP/1.1" 401 27 "-" "okhttp/4.9.2"
223.187.43.154 - - [10/Mar/2025:03:30:17 +0000] "GET /api/notification/all/?limit=10&offset=1940 HTTP/1.1" 401 27 "-" "okhttp/4.9.2"
223.187.43.154 - - [10/Mar/2025:03:30:17 +0000] "GET /api/notification/all?limit=10&offset=1950 HTTP/1.1" 301 0 "-" "okhttp/4.9.2"
223.187.43.154 - - [10/Mar/2025:03:30:17 +0000] "GET /api/notification/all/?limit=10&offset=1950 HTTP/1.1" 401 27 "-" "okhttp/4.9.2"
223.187.43.154 - - [10/Mar/2025:03:30:17 +0000] "GET /api/notification/all?limit=10&offset=1960 HTTP/1.1" 301 0 "-" "okhttp/4.9.2"
223.187.43.154 - - [10/Mar/2025:03:30:17 +0000] "GET /api/notification/all/?limit=10&offset=1960 HTTP/1.1" 401 27 "-" "okhttp/4.9.2"
223.187.43.154 - - [10/Mar/2025:03:30:17 +0000] "GET /api/notification/all?limit=10&offset=1970 HTTP/1.1" 301 0 "-" "okhttp/4.9.2"
223.187.43.154 - - [10/Mar/2025:03:30:17 +0000] "GET /api/notification/all/?limit=10&offset=1970 HTTP/1.1" 401 27 "-" "okhttp/4.9.2"
223.187.43.154 - - [10/Mar/2025:03:30:17 +0000] "GET /api/notification/all?limit=10&offset=1980 HTTP/1.1" 301 0 "-" "okhttp/4.9.2"
223.187.43.154 - - [10/Mar/2025:03:30:17 +0000] "GET /api/notification/all/?limit=10&offset=1980 HTTP/1.1" 401 27 "-" "okhttp/4.9.2"
223.187.43.154 - - [10/Mar/2025:03:30:17 +0000] "GET /api/notification/all?limit=10&offset=1990 HTTP/1.1" 301 0 "-" "okhttp/4.9.2"
223.187.43.154 - - [10/Mar/2025:03:30:17 +0000] "GET /api/notification/all/?limit=10&offset=1990 HTTP/1.1" 401 27 "-" "okhttp/4.9.2"
223.187.43.154 - - [10/Mar/2025:03:30:18 +0000] "GET /api/notification/all?limit=10&offset=2000 HTTP/1.1" 301 0 "-" "okhttp/4.9.2"
223.187.43.154 - - [10/Mar/2025:03:30:18 +0000] "GET /api/notification/all?limit=10&offset=2010 HTTP/1.1" 301 0 "-" "okhttp/4.9.2"
223.187.43.154 - - [10/Mar/2025:03:30:18 +0000] "GET /api/notification/all/?limit=10&offset=2000 HTTP/1.1" 401 27 "-" "okhttp/4.9.2"
223.187.43.154 - - [10/Mar/2025:03:30:18 +0000] "GET /api/notification/all/?limit=10&offset=2010 HTTP/1.1" 401 27 "-" "okhttp/4.9.2"
152.57.15.196 - - [10/Mar/2025:03:30:18 +0000] "POST /api/Starlly/auth/login/ HTTP/1.1" 400 64 "-" "okhttp/4.9.2"
152.59.212.172 - - [10/Mar/2025:03:30:18 +0000] "POST /api/clientStaff/trip_logs/ HTTP/1.1" 201 334 "-" "okhttp/4.9.2"
223.187.43.154 - - [10/Mar/2025:03:30:18 +0000] "GET /api/notification/all?limit=10&offset=2020 HTTP/1.1" 301 0 "-" "okhttp/4.9.2"
152.57.15.196 - - [10/Mar/2025:03:30:18 +0000] "POST /api/notification/store-token/ HTTP/1.1" 401 27 "-" "okhttp/4.9.2"
223.187.43.154 - - [10/Mar/2025:03:30:18 +0000] "GET /api/notification/all?limit=10&offset=2030 HTTP/1.1" 301 0 "-" "okhttp/4.9.2"
223.187.43.154 - - [10/Mar/2025:03:30:18 +0000] "GET /api/notification/all/?limit=10&offset=2020 HTTP/1.1" 401 27 "-" "okhttp/4.9.2"
223.187.43.154 - - [10/Mar/2025:03:30:18 +0000] "GET /api/notification/all?limit=10&offset=2040 HTTP/1.1" 301 0 "-" "okhttp/4.9.2"
223.187.43.154 - - [10/Mar/2025:03:30:18 +0000] "GET /api/notification/all/?limit=10&offset=2030 HTTP/1.1" 401 27 "-" "okhttp/4.9.2"
223.187.43.154 - - [10/Mar/2025:03:30:18 +0000] "GET /api/notification/all/?limit=10&offset=2040 HTTP/1.1" 401 27 "-" "okhttp/4.9.2"
152.57.15.196 - - [10/Mar/2025:03:30:18 +0000] "GET /api/clientOrganisation/Organisation/undefined/?fields=address HTTP/1.1" 401 27 "-" "okhttp/4.9.2"
106.220.206.39 - - [10/Mar/2025:03:30:18 +0000] "GET /api/clientOrganisation/call_user_counts/?id=4777 HTTP/1.1" 401 26 "-" "okhttp/4.9.2"
223.187.43.154 - - [10/Mar/2025:03:30:18 +0000] "GET /api/notification/all?limit=10&offset=2050 HTTP/1.1" 301 0 "-" "okhttp/4.9.2"
223.187.43.154 - - [10/Mar/2025:03:30:18 +0000] "GET /api/notification/all/?limit=10&offset=2050 HTTP/1.1" 401 27 "-" "okhttp/4.9.2"
223.187.43.154 - - [10/Mar/2025:03:30:18 +0000] "GET /api/notification/all?limit=10&offset=2060 HTTP/1.1" 301 0 "-" "okhttp/4.9.2"
157.33.194.140 - - [10/Mar/2025:03:30:18 +0000] "GET /api/Starlly/fetch-erp-data/?userId=8408 HTTP/1.1" 200 46 "-" "okhttp/4.9.2"
223.187.43.154 - - [10/Mar/2025:03:30:18 +0000] "GET /api/notification/all/?limit=10&offset=2060 HTTP/1.1" 401 27 "-" "okhttp/4.9.2"
152.59.217.126 - - [10/Mar/2025:03:30:18 +0000] "GET /api/clientOrganisation/call_user_counts/?id=3388 HTTP/1.1" 200 198 "-" "okhttp/4.9.2"
152.59.217.126 - - [10/Mar/2025:03:30:18 +0000] "GET /api/clientCall/registerCall/?limit=1&offset=0&organisation=106&technician=3388 HTTP/1.1" 200 1268 "-" "okhttp/4.9.2"
223.187.43.154 - - [10/Mar/2025:03:30:18 +0000] "GET /api/notification/all?limit=10&offset=2070 HTTP/1.1" 301 0 "-" "okhttp/4.9.2"
152.57.15.196 - - [10/Mar/2025:03:30:18 +0000] "GET /api/clientOrganisation/call_user_counts/?id=undefined HTTP/1.1" 401 26 "-" "okhttp/4.9.2"
223.187.43.154 - - [10/Mar/2025:03:30:18 +0000] "GET /api/notification/all/?limit=10&offset=2070 HTTP/1.1" 401 27 "-" "okhttp/4.9.2"
223.187.43.154 - - [10/Mar/2025:03:30:19 +0000] "GET /api/notification/all?limit=10&offset=2080 HTTP/1.1" 301 0 "-" "okhttp/4.9.2"
223.187.43.154 - - [10/Mar/2025:03:30:19 +0000] "GET /api/notification/all/?limit=10&offset=2080 HTTP/1.1" 401 27 "-" "okhttp/4.9.2"
152.59.217.126 - - [10/Mar/2025:03:30:19 +0000] "GET /api/clientCall/registerCall/?limit=1&offset=0&organisation=106&technician=3388 HTTP/1.1" 200 1268 "-" "okhttp/4.9.2"
223.187.43.154 - - [10/Mar/2025:03:30:19 +0000] "GET /api/notification/all?limit=10&offset=2090 HTTP/1.1" 301 0 "-" "okhttp/4.9.2"
152.59.217.126 - - [10/Mar/2025:03:30:19 +0000] "GET /api/clientOrganisation/call_user_counts/?id=3388 HTTP/1.1" 200 198 "-" "okhttp/4.9.2"
152.59.228.156 - - [10/Mar/2025:03:30:19 +0000] "POST /api/clientStaff/trip_logs/ HTTP/1.1" 201 319 "-" "okhttp/4.9.2"
152.59.6.35 - - [10/Mar/2025:03:30:19 +0000] "GET /api/Starlly/fetch-erp-data/?userId=1817 HTTP/1.1" 200 46 "-" "okhttp/4.9.2"
223.228.98.234 - - [10/Mar/2025:03:30:19 +0000] "POST /api/clientStaff/bulk-insert-triplog-history/ HTTP/1.1" 201 45 "-" "okhttp/4.9.2"
223.187.43.154 - - [10/Mar/2025:03:30:19 +0000] "GET /api/notification/all/?limit=10&offset=2090 HTTP/1.1" 401 27 "-" "okhttp/4.9.2"
223.187.43.154 - - [10/Mar/2025:03:30:19 +0000] "GET /api/notification/all?limit=10&offset=2100 HTTP/1.1" 301 0 "-" "okhttp/4.9.2"
157.48.186.180 - - [10/Mar/2025:03:30:19 +0000] "GET /api/clientOrganisation/call_user_counts/?id=5811 HTTP/1.1" 401 26 "-" "okhttp/4.9.2"
157.48.186.180 - - [10/Mar/2025:03:30:19 +0000] "GET /api/clientCall/registerCall/?limit=1&offset=0&organisation=106&technician=5811 HTTP/1.1" 401 26 "-" "okhttp/4.9.2"
223.187.43.154 - - [10/Mar/2025:03:30:19 +0000] "GET /api/notification/all?limit=10&offset=2110 HTTP/1.1" 301 0 "-" "okhttp/4.9.2"
223.187.43.154 - - [10/Mar/2025:03:30:19 +0000] "GET /api/notification/all/?limit=10&offset=2100 HTTP/1.1" 401 27 "-" "okhttp/4.9.2"
106.220.206.39 - - [10/Mar/2025:03:30:19 +0000] "GET /api/clientOrganisation/call_user_counts/?id=4777 HTTP/1.1" 401 26 "-" "okhttp/4.9.2"
223.187.43.154 - - [10/Mar/2025:03:30:19 +0000] "GET /api/notification/all/?limit=10&offset=2110 HTTP/1.1" 401 27 "-" "okhttp/4.9.2"
223.187.43.154 - - [10/Mar/2025:03:30:19 +0000] "GET /api/notification/all?limit=10&offset=2120 HTTP/1.1" 301 0 "-" "okhttp/4.9.2"
223.187.43.154 - - [10/Mar/2025:03:30:19 +0000] "GET /api/notification/all/?limit=10&offset=2120 HTTP/1.1" 401 27 "-" "okhttp/4.9.2"
157.48.186.180 - - [10/Mar/2025:03:30:19 +0000] "GET /api/clientCall/registerCall/?limit=1&offset=0&organisation=106&technician=5811 HTTP/1.1" 401 26 "-" "okhttp/4.9.2"
223.187.43.154 - - [10/Mar/2025:03:30:19 +0000] "GET /api/notification/all?limit=10&offset=2130 HTTP/1.1" 301 0 "-" "okhttp/4.9.2"
223.187.43.154 - - [10/Mar/2025:03:30:19 +0000] "GET /api/notification/all?limit=10&offset=2140 HTTP/1.1" 301 0 "-" "okhttp/4.9.2"
223.187.43.154 - - [10/Mar/2025:03:30:19 +0000] "GET /api/notification/all/?limit=10&offset=2130 HTTP/1.1" 401 27 "-" "okhttp/4.9.2"
157.48.186.180 - - [10/Mar/2025:03:30:19 +0000] "GET /api/clientOrganisation/call_user_counts/?id=5811 HTTP/1.1" 401 26 "-" "okhttp/4.9.2"
223.187.43.154 - - [10/Mar/2025:03:30:19 +0000] "GET /api/notification/all/?limit=10&offset=2140 HTTP/1.1" 401 27 "-" "okhttp/4.9.2"
223.187.43.154 - - [10/Mar/2025:03:30:19 +0000] "GET /api/notification/all?limit=10&offset=2150 HTTP/1.1" 301 0 "-" "okhttp/4.9.2"
152.59.6.34 - - [10/Mar/2025:03:30:20 +0000] "GET /api/Starlly/fetch-erp-data/?userId=1850 HTTP/1.1" 200 46 "-" "okhttp/4.9.2"
223.187.43.154 - - [10/Mar/2025:03:30:20 +0000] "GET /api/notification/all?limit=10&offset=2160 HTTP/1.1" 301 0 "-" "okhttp/4.9.2"
223.187.43.154 - - [10/Mar/2025:03:30:20 +0000] "GET /api/notification/all/?limit=10&offset=2150 HTTP/1.1" 401 27 "-" "okhttp/4.9.2"
223.185.113.141 - - [10/Mar/2025:03:30:20 +0000] "POST /api/clientStaff/trip_logs/ HTTP/1.1" 201 334 "-" "okhttp/4.9.2"
152.58.159.157 - - [10/Mar/2025:03:30:20 +0000] "POST /api/clientStaff/trip_logs/ HTTP/1.1" 201 318 "-" "okhttp/4.9.2"
223.187.43.154 - - [10/Mar/2025:03:30:20 +0000] "GET /api/notification/all/?limit=10&offset=2160 HTTP/1.1" 401 27 "-" "okhttp/4.9.2"
1.187.61.147 - - [10/Mar/2025:03:30:20 +0000] "POST /api/clientStaff/trip_logs/ HTTP/1.1" 201 319 "-" "okhttp/4.9.2"
157.47.97.133 - - [10/Mar/2025:03:30:20 +0000] "GET /api/clientCall/registerCall/?limit=1&offset=0&organisation=106&technician=5393 HTTP/1.1" 200 1299 "-" "okhttp/4.9.2"
223.187.43.154 - - [10/Mar/2025:03:30:20 +0000] "GET /api/notification/all?limit=10&offset=2170 HTTP/1.1" 301 0 "-" "okhttp/4.9.2"
157.47.97.133 - - [10/Mar/2025:03:30:20 +0000] "GET /api/clientOrganisation/call_user_counts/?id=5393 HTTP/1.1" 200 198 "-" "okhttp/4.9.2"
223.187.43.154 - - [10/Mar/2025:03:30:20 +0000] "GET /api/notification/all?limit=10&offset=2180 HTTP/1.1" 301 0 "-" "okhttp/4.9.2"
223.187.43.154 - - [10/Mar/2025:03:30:20 +0000] "GET /api/notification/all/?limit=10&offset=2170 HTTP/1.1" 401 27 "-" "okhttp/4.9.2"
106.208.22.111 - - [10/Mar/2025:03:30:20 +0000] "POST /api/clientStaff/trip_logs/ HTTP/1.1" 201 316 "-" "okhttp/4.9.2"
223.187.43.154 - - [10/Mar/2025:03:30:20 +0000] "GET /api/notification/all/?limit=10&offset=2180 HTTP/1.1" 401 27 "-" "okhttp/4.9.2"
157.47.97.133 - - [10/Mar/2025:03:30:20 +0000] "GET /api/clientCall/registerCall/?limit=1&offset=0&organisation=106&technician=5393 HTTP/1.1" 200 1299 "-" "okhttp/4.9.2"
223.187.43.154 - - [10/Mar/2025:03:30:20 +0000] "GET /api/notification/all?limit=10&offset=2190 HTTP/1.1" 301 0 "-" "okhttp/4.9.2"
157.47.97.133 - - [10/Mar/2025:03:30:20 +0000] "GET /api/clientOrganisation/call_user_counts/?id=5393 HTTP/1.1" 200 198 "-" "okhttp/4.9.2"
223.187.43.154 - - [10/Mar/2025:03:30:20 +0000] "GET /api/notification/all/?limit=10&offset=2190 HTTP/1.1" 401 27 "-" "okhttp/4.9.2"
223.187.43.154 - - [10/Mar/2025:03:30:20 +0000] "GET /api/notification/all?limit=10&offset=2200 HTTP/1.1" 301 0 "-" "okhttp/4.9.2"
223.187.43.154 - - [10/Mar/2025:03:30:20 +0000] "GET /api/notification/all/?limit=10&offset=2200 HTTP/1.1" 401 27 "-" "okhttp/4.9.2"
157.48.130.7 - - [10/Mar/2025:03:30:20 +0000] "GET /api/clientCall/registerCall/?technician=9378&client=204&status=&limit=20&offset=0&start=&end= HTTP/1.1" 200 1417 "-" "okhttp/4.9.2"
106.216.251.14 - - [10/Mar/2025:03:30:20 +0000] "GET /api/Starlly/fetch-erp-data/?userId=1993 HTTP/1.1" 200 46 "-" "okhttp/4.9.2"
223.187.43.154 - - [10/Mar/2025:03:30:20 +0000] "GET /api/notification/all?limit=10&offset=2210 HTTP/1.1" 301 0 "-" "okhttp/4.9.2"
223.187.43.154 - - [10/Mar/2025:03:30:20 +0000] "GET /api/notification/all/?limit=10&offset=2210 HTTP/1.1" 401 27 "-" "okhttp/4.9.2"
223.187.43.154 - - [10/Mar/2025:03:30:20 +0000] "GET /api/notification/all?limit=10&offset=2220 HTTP/1.1" 301 0 "-" "okhttp/4.9.2"
49.15.205.237 - - [10/Mar/2025:03:30:20 +0000] "POST /api/clientStaff/trip_logs/ HTTP/1.1" 201 319 "-" "okhttp/4.9.2"
223.187.43.154 - - [10/Mar/2025:03:30:21 +0000] "GET /api/notification/all/?limit=10&offset=2220 HTTP/1.1" 401 27 "-" "okhttp/4.9.2"
223.187.43.154 - - [10/Mar/2025:03:30:21 +0000] "GET /api/notification/all?limit=10&offset=2230 HTTP/1.1" 301 0 "-" "okhttp/4.9.2"
223.187.43.154 - - [10/Mar/2025:03:30:21 +0000] "GET /api/notification/all/?limit=10&offset=2230 HTTP/1.1" 401 27 "-" "okhttp/4.9.2"
223.187.43.154 - - [10/Mar/2025:03:30:21 +0000] "GET /api/notification/all?limit=10&offset=2240 HTTP/1.1" 301 0 "-" "okhttp/4.9.2"
223.187.43.154 - - [10/Mar/2025:03:30:21 +0000] "GET /api/notification/all?limit=10&offset=2250 HTTP/1.1" 301 0 "-" "okhttp/4.9.2"
223.187.43.154 - - [10/Mar/2025:03:30:21 +0000] "GET /api/notification/all/?limit=10&offset=2240 HTTP/1.1" 401 27 "-" "okhttp/4.9.2"
223.187.43.154 - - [10/Mar/2025:03:30:21 +0000] "GET /api/notification/all/?limit=10&offset=2250 HTTP/1.1" 401 27 "-" "okhttp/4.9.2"
223.187.43.154 - - [10/Mar/2025:03:30:21 +0000] "GET /api/notification/all?limit=10&offset=2260 HTTP/1.1" 301 0 "-" "okhttp/4.9.2"
223.187.43.154 - - [10/Mar/2025:03:30:21 +0000] "GET /api/notification/all/?limit=10&offset=2260 HTTP/1.1" 401 27 "-" "okhttp/4.9.2"
223.187.43.154 - - [10/Mar/2025:03:30:21 +0000] "GET /api/notification/all?limit=10&offset=2270 HTTP/1.1" 301 0 "-" "okhttp/4.9.2"
223.187.43.154 - - [10/Mar/2025:03:30:21 +0000] "GET /api/notification/all/?limit=10&offset=2270 HTTP/1.1" 401 27 "-" "okhttp/4.9.2"
223.187.43.154 - - [10/Mar/2025:03:30:21 +0000] "GET /api/notification/all?limit=10&offset=2280 HTTP/1.1" 301 0 "-" "okhttp/4.9.2"
223.187.43.154 - - [10/Mar/2025:03:30:21 +0000] "GET /api/notification/all/?limit=10&offset=2280 HTTP/1.1" 401 27 "-" "okhttp/4.9.2"
223.187.43.154 - - [10/Mar/2025:03:30:21 +0000] "GET /api/notification/all?limit=10&offset=2290 HTTP/1.1" 301 0 "-" "okhttp/4.9.2"
110.226.224.206 - - [10/Mar/2025:03:30:21 +0000] "POST /api/clientStaff/trip_logs/ HTTP/1.1" 201 318 "-" "okhttp/4.9.2"
223.187.43.154 - - [10/Mar/2025:03:30:21 +0000] "GET /api/notification/all/?limit=10&offset=2290 HTTP/1.1" 401 27 "-" "okhttp/4.9.2"
223.187.43.154 - - [10/Mar/2025:03:30:21 +0000] "GET /api/notification/all?limit=10&offset=2300 HTTP/1.1" 301 0 "-" "okhttp/4.9.2"
223.187.43.154 - - [10/Mar/2025:03:30:21 +0000] "GET /api/notification/all?limit=10&offset=2310 HTTP/1.1" 301 0 "-" "okhttp/4.9.2"
223.187.43.154 - - [10/Mar/2025:03:30:21 +0000] "GET /api/notification/all/?limit=10&offset=2300 HTTP/1.1" 401 27 "-" "okhttp/4.9.2"
223.187.43.154 - - [10/Mar/2025:03:30:21 +0000] "GET /api/notification/all/?limit=10&offset=2310 HTTP/1.1" 401 27 "-" "okhttp/4.9.2"
150.107.20.147 - - [10/Mar/2025:03:30:21 +0000] "GET /api/clientOrganisation/call_user_counts/?id=4975 HTTP/1.1" 200 198 "-" "okhttp/4.9.2"
150.107.20.147 - - [10/Mar/2025:03:30:21 +0000] "GET /api/clientCall/registerCall/?limit=1&offset=0&organisation=106&technician=4975 HTTP/1.1" 200 1282 "-" "okhttp/4.9.2"
171.48.95.107 - - [10/Mar/2025:03:30:21 +0000] "POST /api/Starlly/auth/login/ HTTP/1.1" 200 993 "-" "okhttp/4.9.2"
223.187.43.154 - - [10/Mar/2025:03:30:21 +0000] "GET /api/notification/all?limit=10&offset=2320 HTTP/1.1" 301 0 "-" "okhttp/4.9.2"
223.187.43.154 - - [10/Mar/2025:03:30:22 +0000] "GET /api/notification/all/?limit=10&offset=2320 HTTP/1.1" 401 27 "-" "okhttp/4.9.2"
150.107.20.147 - - [10/Mar/2025:03:30:22 +0000] "GET /api/clientCall/registerCall/?limit=1&offset=0&organisation=106&technician=4975 HTTP/1.1" 200 1282 "-" "okhttp/4.9.2"
150.107.20.147 - - [10/Mar/2025:03:30:22 +0000] "GET /api/clientOrganisation/call_user_counts/?id=4975 HTTP/1.1" 200 198 "-" "okhttp/4.9.2"
171.48.95.107 - - [10/Mar/2025:03:30:22 +0000] "POST /api/notification/store-token/ HTTP/1.1" 200 247 "-" "okhttp/4.9.2"
223.187.43.154 - - [10/Mar/2025:03:30:22 +0000] "GET /api/notification/all?limit=10&offset=2330 HTTP/1.1" 301 0 "-" "okhttp/4.9.2"
223.187.43.154 - - [10/Mar/2025:03:30:22 +0000] "GET /api/notification/all/?limit=10&offset=2330 HTTP/1.1" 401 27 "-" "okhttp/4.9.2"
223.187.43.154 - - [10/Mar/2025:03:30:22 +0000] "GET /api/notification/all?limit=10&offset=2340 HTTP/1.1" 301 0 "-" "okhttp/4.9.2"
171.48.95.107 - - [10/Mar/2025:03:30:22 +0000] "GET /api/clientStaff/user/undefined/first_trip_log/ HTTP/1.1" 500 145 "-" "okhttp/4.9.2"
223.187.43.154 - - [10/Mar/2025:03:30:22 +0000] "GET /api/notification/all/?limit=10&offset=2340 HTTP/1.1" 401 27 "-" "okhttp/4.9.2"
223.187.43.154 - - [10/Mar/2025:03:30:22 +0000] "GET /api/notification/all?limit=10&offset=2350 HTTP/1.1" 301 0 "-" "okhttp/4.9.2"
106.217.145.114 - - [10/Mar/2025:03:30:22 +0000] "POST /api/Starlly/auth/login/ HTTP/1.1" 200 941 "-" "okhttp/4.9.2"
157.48.130.7 - - [10/Mar/2025:03:30:22 +0000] "GET /api/clientCall/callStatusMaster/ HTTP/1.1" 200 495 "-" "okhttp/4.9.2"
157.48.130.7 - - [10/Mar/2025:03:30:22 +0000] "GET /api/clientCall/callStatus/?register=37931 HTTP/1.1" 200 260 "-" "okhttp/4.9.2"
157.48.130.7 - - [10/Mar/2025:03:30:22 +0000] "GET /api/clientStaff/diagnostic_remarks/?register=37931 HTTP/1.1" 200 2 "-" "okhttp/4.9.2"
157.48.130.7 - - [10/Mar/2025:03:30:22 +0000] "GET /api/clientStaff/symptom_remark/?org=106 HTTP/1.1" 200 285 "-" "okhttp/4.9.2"
171.48.95.107 - - [10/Mar/2025:03:30:22 +0000] "GET /api/clientOrganisation/Organisation/106/?fields=address HTTP/1.1" 200 14 "-" "okhttp/4.9.2"
157.48.130.7 - - [10/Mar/2025:03:30:22 +0000] "GET /api/part?organisation=106&fields=id,name HTTP/1.1" 301 0 "-" "okhttp/4.9.2"
223.187.43.154 - - [10/Mar/2025:03:30:22 +0000] "GET /api/notification/all?limit=10&offset=2360 HTTP/1.1" 301 0 "-" "okhttp/4.9.2"
223.187.43.154 - - [10/Mar/2025:03:30:22 +0000] "GET /api/notification/all/?limit=10&offset=2350 HTTP/1.1" 401 27 "-" "okhttp/4.9.2"
171.48.95.107 - - [10/Mar/2025:03:30:22 +0000] "GET /api/clientOrganisation/client_staff/?id=1457 HTTP/1.1" 200 427 "-" "okhttp/4.9.2"
157.48.130.7 - - [10/Mar/2025:03:30:22 +0000] "GET /api/inventory/technician_master/?user=9378 HTTP/1.1" 200 2 "-" "okhttp/4.9.2"
157.48.130.7 - - [10/Mar/2025:03:30:22 +0000] "GET /api/inventory/spare_transition/?user=9378&register=37931 HTTP/1.1" 200 2 "-" "okhttp/4.9.2"
223.187.43.154 - - [10/Mar/2025:03:30:22 +0000] "GET /api/notification/all/?limit=10&offset=2360 HTTP/1.1" 401 27 "-" "okhttp/4.9.2"
157.48.130.7 - - [10/Mar/2025:03:30:22 +0000] "GET /api/part/?organisation=106&fields=id,name HTTP/1.1" 200 2 "-" "okhttp/4.9.2"
106.217.145.114 - - [10/Mar/2025:03:30:22 +0000] "POST /api/notification/store-token/ HTTP/1.1" 200 247 "-" "okhttp/4.9.2"
157.48.130.7 - - [10/Mar/2025:03:30:22 +0000] "GET /api/Starlly/country-address-schema/IN/ HTTP/1.1" 200 779 "-" "okhttp/4.9.2"
223.187.23.201 - - [10/Mar/2025:03:30:22 +0000] "GET /api/clientCall/registerCall/?technician=5440&client=204&status=&limit=20&offset=0&start=&end= HTTP/1.1" 200 1312 "-" "okhttp/4.9.2"
171.48.95.107 - - [10/Mar/2025:03:30:22 +0000] "GET /api/clientCall/registerCall/?limit=1&offset=0&organisation=106&technician=1457 HTTP/1.1" 200 1269 "-" "okhttp/4.9.2"
223.187.43.154 - - [10/Mar/2025:03:30:22 +0000] "GET /api/notification/all?limit=10&offset=2370 HTTP/1.1" 301 0 "-" "okhttp/4.9.2"
171.48.95.107 - - [10/Mar/2025:03:30:22 +0000] "GET /api/clientOrganisation/call_user_counts/?id=1457 HTTP/1.1" 200 198 "-" "okhttp/4.9.2"
223.187.43.154 - - [10/Mar/2025:03:30:22 +0000] "GET /api/notification/all?limit=10&offset=2380 HTTP/1.1" 301 0 "-" "okhttp/4.9.2"
223.187.43.154 - - [10/Mar/2025:03:30:22 +0000] "GET /api/notification/all/?limit=10&offset=2370 HTTP/1.1" 401 27 "-" "okhttp/4.9.2"
171.48.95.107 - - [10/Mar/2025:03:30:22 +0000] "GET /api/clientOrganisation/call_user_counts/?id=1457 HTTP/1.1" 200 198 "-" "okhttp/4.9.2"
106.217.145.114 - - [10/Mar/2025:03:30:22 +0000] "GET /api/clientOrganisation/Organisation/106/?fields=address HTTP/1.1" 200 14 "-" "okhttp/4.9.2"
103.38.69.177 - - [10/Mar/2025:03:30:22 +0000] "GET /api/Starlly/fetch-erp-data/?userId=4496 HTTP/1.1" 200 46 "-" "okhttp/4.9.2"
223.187.43.154 - - [10/Mar/2025:03:30:22 +0000] "GET /api/notification/all/?limit=10&offset=2380 HTTP/1.1" 401 27 "-" "okhttp/4.9.2"
223.187.43.154 - - [10/Mar/2025:03:30:22 +0000] "GET /api/notification/all?limit=10&offset=2390 HTTP/1.1" 301 0 "-" "okhttp/4.9.2"
223.187.43.154 - - [10/Mar/2025:03:30:22 +0000] "GET /api/notification/all?limit=10&offset=2400 HTTP/1.1" 301 0 "-" "okhttp/4.9.2"
223.187.43.154 - - [10/Mar/2025:03:30:22 +0000] "GET /api/notification/all/?limit=10&offset=2390 HTTP/1.1" 401 27 "-" "okhttp/4.9.2"
171.48.95.107 - - [10/Mar/2025:03:30:22 +0000] "POST /api/clientStaff/trip_logs/ HTTP/1.1" 400 35 "-" "okhttp/4.9.2"
223.187.43.154 - - [10/Mar/2025:03:30:23 +0000] "GET /api/notification/all/?limit=10&offset=2400 HTTP/1.1" 401 27 "-" "okhttp/4.9.2"
171.48.95.107 - - [10/Mar/2025:03:30:23 +0000] "POST /api/clientStaff/trip_logs/ HTTP/1.1" 400 35 "-" "okhttp/4.9.2"
106.217.145.114 - - [10/Mar/2025:03:30:23 +0000] "GET /api/clientCall/registerCall/?limit=1&offset=0&organisation=106&technician=8928 HTTP/1.1" 200 1407 "-" "okhttp/4.9.2"
223.187.43.154 - - [10/Mar/2025:03:30:23 +0000] "GET /api/notification/all?limit=10&offset=2410 HTTP/1.1" 301 0 "-" "okhttp/4.9.2"
152.59.217.126 - - [10/Mar/2025:03:30:23 +0000] "GET /api/Starlly/fetch-erp-data/?userId=3388 HTTP/1.1" 200 46 "-" "okhttp/4.9.2"
171.48.95.107 - - [10/Mar/2025:03:30:23 +0000] "POST /api/clientStaff/trip_logs/ HTTP/1.1" 400 35 "-" "okhttp/4.9.2"
106.78.88.177 - - [10/Mar/2025:03:30:23 +0000] "GET /api/Starlly/fetch-erp-data/?userId=2444 HTTP/1.1" 401 26 "-" "okhttp/4.9.2"
157.47.97.133 - - [10/Mar/2025:03:30:23 +0000] "GET /api/Starlly/fetch-erp-data/?userId=5393 HTTP/1.1" 200 46 "-" "okhttp/4.9.2"
223.187.43.154 - - [10/Mar/2025:03:30:23 +0000] "GET /api/notification/all/?limit=10&offset=2410 HTTP/1.1" 401 27 "-" "okhttp/4.9.2"
106.217.145.114 - - [10/Mar/2025:03:30:23 +0000] "GET /api/clientOrganisation/call_user_counts/?id=8928 HTTP/1.1" 200 198 "-" "okhttp/4.9.2"
106.217.145.114 - - [10/Mar/2025:03:30:23 +0000] "GET /api/clientOrganisation/client_staff/?id=8928 HTTP/1.1" 200 445 "-" "okhttp/4.9.2"
106.217.145.114 - - [10/Mar/2025:03:30:23 +0000] "GET /api/clientOrganisation/call_user_counts/?id=8928 HTTP/1.1" 200 198 "-" "okhttp/4.9.2"
106.211.107.179 - - [10/Mar/2025:03:30:23 +0000] "POST /api/clientStaff/trip_logs/ HTTP/1.1" 201 334 "-" "okhttp/4.9.2"
223.187.23.201 - - [10/Mar/2025:03:30:23 +0000] "GET /api/clientStaff/diagnostic_remarks/?register=33550 HTTP/1.1" 200 2 "-" "okhttp/4.9.2"
223.187.23.201 - - [10/Mar/2025:03:30:23 +0000] "GET /api/inventory/technician_master/?user=5440 HTTP/1.1" 200 2 "-" "okhttp/4.9.2"
223.187.23.201 - - [10/Mar/2025:03:30:23 +0000] "GET /api/inventory/spare_transition/?user=5440&register=33550 HTTP/1.1" 200 2 "-" "okhttp/4.9.2"
223.187.23.201 - - [10/Mar/2025:03:30:23 +0000] "GET /api/part?organisation=106&fields=id,name HTTP/1.1" 301 0 "-" "okhttp/4.9.2"
223.187.23.201 - - [10/Mar/2025:03:30:23 +0000] "GET /api/clientCall/callStatusMaster/ HTTP/1.1" 200 495 "-" "okhttp/4.9.2"
223.187.23.201 - - [10/Mar/2025:03:30:23 +0000] "GET /api/clientCall/callStatus/?register=33550 HTTP/1.1" 200 266 "-" "okhttp/4.9.2"
223.187.23.201 - - [10/Mar/2025:03:30:23 +0000] "GET /api/clientStaff/symptom_remark/?org=106 HTTP/1.1" 200 285 "-" "okhttp/4.9.2"
223.187.23.201 - - [10/Mar/2025:03:30:24 +0000] "GET /api/Starlly/country-address-schema/IN/ HTTP/1.1" 200 779 "-" "okhttp/4.9.2"
223.187.23.201 - - [10/Mar/2025:03:30:24 +0000] "GET /api/part/?organisation=106&fields=id,name HTTP/1.1" 200 2 "-" "okhttp/4.9.2"
223.187.43.154 - - [10/Mar/2025:03:30:24 +0000] "GET /api/notification/all?limit=10&offset=2420 HTTP/1.1" 301 0 "-" "okhttp/4.9.2"
223.187.43.154 - - [10/Mar/2025:03:30:24 +0000] "GET /api/notification/all/?limit=10&offset=2420 HTTP/1.1" 401 27 "-" "okhttp/4.9.2"
223.187.23.47 - - [10/Mar/2025:03:30:24 +0000] "POST /api/clientStaff/trip_logs/ HTTP/1.1" 201 319 "-" "okhttp/4.9.2"
223.187.43.154 - - [10/Mar/2025:03:30:24 +0000] "GET /api/notification/all?limit=10&offset=2430 HTTP/1.1" 301 0 "-" "okhttp/4.9.2"
223.187.43.154 - - [10/Mar/2025:03:30:24 +0000] "GET /api/notification/all/?limit=10&offset=2430 HTTP/1.1" 401 27 "-" "okhttp/4.9.2"
150.107.20.147 - - [10/Mar/2025:03:30:24 +0000] "GET /api/Starlly/fetch-erp-data/?userId=4975 HTTP/1.1" 200 46 "-" "okhttp/4.9.2"
157.33.194.140 - - [10/Mar/2025:03:30:24 +0000] "POST /api/clientStaff/trip_logs/ HTTP/1.1" 201 317 "-" "okhttp/4.9.2"
223.187.43.154 - - [10/Mar/2025:03:30:25 +0000] "GET /api/notification/all?limit=10&offset=2440 HTTP/1.1" 301 0 "-" "okhttp/4.9.2"
106.216.251.14 - - [10/Mar/2025:03:30:25 +0000] "POST /api/clientStaff/trip_logs/ HTTP/1.1" 201 319 "-" "okhttp/4.9.2"
223.187.43.154 - - [10/Mar/2025:03:30:25 +0000] "GET /api/notification/all/?limit=10&offset=2440 HTTP/1.1" 401 27 "-" "okhttp/4.9.2"
223.187.43.154 - - [10/Mar/2025:03:30:25 +0000] "GET /api/notification/all?limit=10&offset=2450 HTTP/1.1" 301 0 "-" "okhttp/4.9.2"
223.187.43.154 - - [10/Mar/2025:03:30:25 +0000] "GET /api/notification/all/?limit=10&offset=2450 HTTP/1.1" 401 27 "-" "okhttp/4.9.2"
223.187.43.154 - - [10/Mar/2025:03:30:25 +0000] "GET /api/notification/all?limit=10&offset=2460 HTTP/1.1" 301 0 "-" "okhttp/4.9.2"
106.217.202.101 - - [10/Mar/2025:03:30:25 +0000] "GET /api/clientCall/registerCall/?technician=8992&client=&status=3&limit=20&offset=0&start=&end= HTTP/1.1" 200 1381 "-" "okhttp/4.9.2"
223.187.43.154 - - [10/Mar/2025:03:30:25 +0000] "GET /api/notification/all/?limit=10&offset=2460 HTTP/1.1" 401 27 "-" "okhttp/4.9.2"
223.187.43.154 - - [10/Mar/2025:03:30:25 +0000] "GET /api/notification/all?limit=10&offset=2470 HTTP/1.1" 301 0 "-" "okhttp/4.9.2"
223.187.23.201 - - [10/Mar/2025:03:30:25 +0000] "POST /api/clientStaff/trip_logs/ HTTP/1.1" 201 359 "-" "okhttp/4.9.2"
223.187.43.154 - - [10/Mar/2025:03:30:25 +0000] "GET /api/notification/all/?limit=10&offset=2470 HTTP/1.1" 401 27 "-" "okhttp/4.9.2"
223.187.43.154 - - [10/Mar/2025:03:30:25 +0000] "GET /api/notification/all?limit=10&offset=2480 HTTP/1.1" 301 0 "-" "okhttp/4.9.2"
223.187.43.154 - - [10/Mar/2025:03:30:25 +0000] "GET /api/notification/all/?limit=10&offset=2480 HTTP/1.1" 401 27 "-" "okhttp/4.9.2"
223.238.56.61 - - [10/Mar/2025:03:30:25 +0000] "POST /api/clientStaff/trip_logs/ HTTP/1.1" 201 334 "-" "okhttp/4.9.2"
223.187.43.154 - - [10/Mar/2025:03:30:25 +0000] "GET /api/notification/all?limit=10&offset=2490 HTTP/1.1" 301 0 "-" "okhttp/4.9.2"
117.249.250.96 - - [10/Mar/2025:03:30:25 +0000] "GET /api/inventory/technician_master/?user=8705&limit=10&offset=0 HTTP/1.1" 200 2 "-" "okhttp/4.9.2"
223.187.43.154 - - [10/Mar/2025:03:30:25 +0000] "GET /api/notification/all/?limit=10&offset=2490 HTTP/1.1" 401 27 "-" "okhttp/4.9.2"
223.187.43.154 - - [10/Mar/2025:03:30:25 +0000] "GET /api/notification/all?limit=10&offset=2500 HTTP/1.1" 301 0 "-" "okhttp/4.9.2"
223.187.43.154 - - [10/Mar/2025:03:30:25 +0000] "GET /api/notification/all/?limit=10&offset=2500 HTTP/1.1" 401 27 "-" "okhttp/4.9.2"
223.187.43.154 - - [10/Mar/2025:03:30:25 +0000] "GET /api/notification/all?limit=10&offset=2510 HTTP/1.1" 301 0 "-" "okhttp/4.9.2"
152.59.203.3 - - [10/Mar/2025:03:30:25 +0000] "GET /api/Starlly/fetch-erp-data/?userId=2572 HTTP/1.1" 401 26 "-" "okhttp/4.9.2"
223.187.43.154 - - [10/Mar/2025:03:30:25 +0000] "GET /api/notification/all/?limit=10&offset=2510 HTTP/1.1" 401 27 "-" "okhttp/4.9.2"
106.216.115.9 - - [10/Mar/2025:03:30:26 +0000] "GET /api/clientOrganisation/product/?org=106 HTTP/1.1" 200 1511 "-" "okhttp/4.9.2"
223.187.43.154 - - [10/Mar/2025:03:30:26 +0000] "GET /api/notification/all?limit=10&offset=2520 HTTP/1.1" 301 0 "-" "okhttp/4.9.2"
223.187.43.154 - - [10/Mar/2025:03:30:26 +0000] "GET /api/notification/all/?limit=10&offset=2520 HTTP/1.1" 401 27 "-" "okhttp/4.9.2"
223.187.43.154 - - [10/Mar/2025:03:30:26 +0000] "GET /api/notification/all?limit=10&offset=2530 HTTP/1.1" 301 0 "-" "okhttp/4.9.2"
223.187.43.154 - - [10/Mar/2025:03:30:26 +0000] "GET /api/notification/all/?limit=10&offset=2530 HTTP/1.1" 401 27 "-" "okhttp/4.9.2"
223.187.43.154 - - [10/Mar/2025:03:30:26 +0000] "GET /api/notification/all?limit=10&offset=2540 HTTP/1.1" 301 0 "-" "okhttp/4.9.2"
223.187.43.154 - - [10/Mar/2025:03:30:26 +0000] "GET /api/notification/all/?limit=10&offset=2540 HTTP/1.1" 401 27 "-" "okhttp/4.9.2"
223.187.43.154 - - [10/Mar/2025:03:30:26 +0000] "GET /api/notification/all?limit=10&offset=2550 HTTP/1.1" 301 0 "-" "okhttp/4.9.2"
152.59.6.34 - - [10/Mar/2025:03:30:26 +0000] "POST /api/clientStaff/trip_logs/ HTTP/1.1" 201 319 "-" "okhttp/4.9.2"
223.187.43.154 - - [10/Mar/2025:03:30:26 +0000] "GET /api/notification/all/?limit=10&offset=2550 HTTP/1.1" 401 27 "-" "okhttp/4.9.2"
223.187.43.154 - - [10/Mar/2025:03:30:26 +0000] "GET /api/notification/all?limit=10&offset=2560 HTTP/1.1" 301 0 "-" "okhttp/4.9.2"
157.47.62.95 - - [10/Mar/2025:03:30:26 +0000] "GET /api/clientStaff/user/3081/first_trip_log/ HTTP/1.1" 200 161 "-" "okhttp/4.9.2"
157.47.62.95 - - [10/Mar/2025:03:30:26 +0000] "GET /api/clientCall/registerCall/?limit=1&offset=0&organisation=106&technician=3081 HTTP/1.1" 200 1273 "-" "okhttp/4.9.2"
223.187.43.154 - - [10/Mar/2025:03:30:26 +0000] "GET /api/notification/all/?limit=10&offset=2560 HTTP/1.1" 401 27 "-" "okhttp/4.9.2"
223.187.43.154 - - [10/Mar/2025:03:30:26 +0000] "GET /api/notification/all?limit=10&offset=2570 HTTP/1.1" 301 0 "-" "okhttp/4.9.2"
223.187.43.154 - - [10/Mar/2025:03:30:26 +0000] "GET /api/notification/all/?limit=10&offset=2570 HTTP/1.1" 401 27 "-" "okhttp/4.9.2"
223.187.43.154 - - [10/Mar/2025:03:30:26 +0000] "GET /api/notification/all?limit=10&offset=2580 HTTP/1.1" 301 0 "-" "okhttp/4.9.2"
157.47.62.95 - - [10/Mar/2025:03:30:26 +0000] "GET /api/clientOrganisation/call_user_counts/?id=3081 HTTP/1.1" 200 198 "-" "okhttp/4.9.2"
223.187.43.154 - - [10/Mar/2025:03:30:26 +0000] "GET /api/notification/all/?limit=10&offset=2580 HTTP/1.1" 401 27 "-" "okhttp/4.9.2"
223.187.43.154 - - [10/Mar/2025:03:30:26 +0000] "GET /api/notification/all?limit=10&offset=2590 HTTP/1.1" 301 0 "-" "okhttp/4.9.2"
223.187.43.154 - - [10/Mar/2025:03:30:26 +0000] "GET /api/notification/all/?limit=10&offset=2590 HTTP/1.1" 401 27 "-" "okhttp/4.9.2"
223.187.43.154 - - [10/Mar/2025:03:30:26 +0000] "GET /api/notification/all?limit=10&offset=2600 HTTP/1.1" 301 0 "-" "okhttp/4.9.2"
223.187.43.154 - - [10/Mar/2025:03:30:27 +0000] "GET /api/notification/all/?limit=10&offset=2600 HTTP/1.1" 401 27 "-" "okhttp/4.9.2"
223.187.43.154 - - [10/Mar/2025:03:30:27 +0000] "GET /api/notification/all?limit=10&offset=2610 HTTP/1.1" 301 0 "-" "okhttp/4.9.2"
223.187.43.154 - - [10/Mar/2025:03:30:27 +0000] "GET /api/notification/all/?limit=10&offset=2610 HTTP/1.1" 401 27 "-" "okhttp/4.9.2"
223.187.43.154 - - [10/Mar/2025:03:30:27 +0000] "GET /api/notification/all?limit=10&offset=2620 HTTP/1.1" 301 0 "-" "okhttp/4.9.2"
223.187.43.154 - - [10/Mar/2025:03:30:27 +0000] "GET /api/notification/all/?limit=10&offset=2620 HTTP/1.1" 401 27 "-" "okhttp/4.9.2"
223.187.43.154 - - [10/Mar/2025:03:30:27 +0000] "GET /api/notification/all?limit=10&offset=2630 HTTP/1.1" 301 0 "-" "okhttp/4.9.2"
152.59.231.225 - - [10/Mar/2025:03:30:27 +0000] "GET /api/part/?organisation=106&fields=id,name,ipn HTTP/1.1" 200 2 "-" "okhttp/4.9.2"
223.187.43.154 - - [10/Mar/2025:03:30:27 +0000] "GET /api/notification/all/?limit=10&offset=2630 HTTP/1.1" 401 27 "-" "okhttp/4.9.2"
223.187.43.154 - - [10/Mar/2025:03:30:27 +0000] "GET /api/notification/all?limit=10&offset=2640 HTTP/1.1" 301 0 "-" "okhttp/4.9.2"
223.187.43.154 - - [10/Mar/2025:03:30:27 +0000] "GET /api/notification/all/?limit=10&offset=2640 HTTP/1.1" 401 27 "-" "okhttp/4.9.2"
106.206.200.238 - - [10/Mar/2025:03:30:27 +0000] "GET /api/clientCall/registerCall/?limit=1&offset=0&organisation=106&technician=863 HTTP/1.1" 200 1372 "-" "okhttp/4.9.2"
106.206.200.238 - - [10/Mar/2025:03:30:27 +0000] "GET /api/clientOrganisation/call_user_counts/?id=863 HTTP/1.1" 200 198 "-" "okhttp/4.9.2"
223.187.43.154 - - [10/Mar/2025:03:30:27 +0000] "GET /api/notification/all?limit=10&offset=2650 HTTP/1.1" 301 0 "-" "okhttp/4.9.2"
223.187.43.154 - - [10/Mar/2025:03:30:27 +0000] "GET /api/notification/all/?limit=10&offset=2650 HTTP/1.1" 401 27 "-" "okhttp/4.9.2"
223.187.43.154 - - [10/Mar/2025:03:30:27 +0000] "GET /api/notification/all?limit=10&offset=2660 HTTP/1.1" 301 0 "-" "okhttp/4.9.2"
103.38.69.177 - - [10/Mar/2025:03:30:27 +0000] "POST /api/clientStaff/trip_logs/ HTTP/1.1" 201 319 "-" "okhttp/4.9.2"
106.208.22.111 - - [10/Mar/2025:03:30:27 +0000] "POST /api/clientStaff/trip_logs/ HTTP/1.1" 201 331 "-" "okhttp/4.9.2"
223.187.43.154 - - [10/Mar/2025:03:30:27 +0000] "GET /api/notification/all/?limit=10&offset=2660 HTTP/1.1" 401 27 "-" "okhttp/4.9.2"
106.206.200.238 - - [10/Mar/2025:03:30:27 +0000] "GET /api/clientCall/registerCall/?limit=1&offset=0&organisation=106&technician=863 HTTP/1.1" 200 1372 "-" "okhttp/4.9.2"
223.187.43.154 - - [10/Mar/2025:03:30:27 +0000] "GET /api/notification/all?limit=10&offset=2670 HTTP/1.1" 301 0 "-" "okhttp/4.9.2"
106.206.200.238 - - [10/Mar/2025:03:30:27 +0000] "GET /api/clientOrganisation/call_user_counts/?id=863 HTTP/1.1" 200 198 "-" "okhttp/4.9.2"
223.187.43.154 - - [10/Mar/2025:03:30:27 +0000] "GET /api/notification/all/?limit=10&offset=2670 HTTP/1.1" 401 27 "-" "okhttp/4.9.2"
223.187.43.154 - - [10/Mar/2025:03:30:27 +0000] "GET /api/notification/all?limit=10&offset=2680 HTTP/1.1" 301 0 "-" "okhttp/4.9.2"
223.187.43.154 - - [10/Mar/2025:03:30:28 +0000] "GET /api/notification/all/?limit=10&offset=2680 HTTP/1.1" 401 27 "-" "okhttp/4.9.2"
223.187.43.154 - - [10/Mar/2025:03:30:28 +0000] "GET /api/notification/all?limit=10&offset=2690 HTTP/1.1" 301 0 "-" "okhttp/4.9.2"
152.58.159.157 - - [10/Mar/2025:03:30:28 +0000] "POST /api/clientStaff/trip_logs/ HTTP/1.1" 201 333 "-" "okhttp/4.9.2"
223.187.43.154 - - [10/Mar/2025:03:30:28 +0000] "GET /api/notification/all/?limit=10&offset=2690 HTTP/1.1" 401 27 "-" "okhttp/4.9.2"
223.187.43.154 - - [10/Mar/2025:03:30:28 +0000] "GET /api/notification/all?limit=10&offset=2700 HTTP/1.1" 301 0 "-" "okhttp/4.9.2"
223.187.43.154 - - [10/Mar/2025:03:30:28 +0000] "GET /api/notification/all/?limit=10&offset=2700 HTTP/1.1" 401 27 "-" "okhttp/4.9.2"
223.187.43.154 - - [10/Mar/2025:03:30:28 +0000] "GET /api/notification/all?limit=10&offset=2710 HTTP/1.1" 301 0 "-" "okhttp/4.9.2"
223.187.43.154 - - [10/Mar/2025:03:30:28 +0000] "GET /api/notification/all/?limit=10&offset=2710 HTTP/1.1" 401 27 "-" "okhttp/4.9.2"
106.210.236.138 - - [10/Mar/2025:03:30:28 +0000] "GET /api/clientOrganisation/call_user_counts/?id=3630 HTTP/1.1" 200 198 "-" "okhttp/4.9.2"
106.210.236.138 - - [10/Mar/2025:03:30:28 +0000] "GET /api/clientCall/registerCall/?limit=1&offset=0&organisation=106&technician=3630 HTTP/1.1" 200 1233 "-" "okhttp/4.9.2"
106.210.236.138 - - [10/Mar/2025:03:30:29 +0000] "GET /api/clientCall/registerCall/?limit=1&offset=0&organisation=106&technician=3630 HTTP/1.1" 200 1233 "-" "okhttp/4.9.2"
106.210.236.138 - - [10/Mar/2025:03:30:29 +0000] "GET /api/clientOrganisation/call_user_counts/?id=3630 HTTP/1.1" 200 198 "-" "okhttp/4.9.2"
157.47.97.133 - - [10/Mar/2025:03:30:29 +0000] "POST /api/clientStaff/trip_logs/ HTTP/1.1" 201 319 "-" "okhttp/4.9.2"
152.59.208.63 - - [10/Mar/2025:03:30:30 +0000] "GET /api/Starlly/fetch-erp-data/?userId=9160 HTTP/1.1" 200 46 "-" "okhttp/4.9.2"
152.59.217.126 - - [10/Mar/2025:03:30:30 +0000] "POST /api/clientStaff/trip_logs/ HTTP/1.1" 201 317 "-" "okhttp/4.9.2"
106.206.200.238 - - [10/Mar/2025:03:30:30 +0000] "GET /api/Starlly/fetch-erp-data/?userId=863 HTTP/1.1" 200 46 "-" "okhttp/4.9.2"
171.48.95.107 - - [10/Mar/2025:03:30:30 +0000] "GET /api/Starlly/fetch-erp-data/?userId=1457 HTTP/1.1" 200 46 "-" "okhttp/4.9.2"
152.59.231.225 - - [10/Mar/2025:03:30:30 +0000] "GET /api/inventory/spare_transition/?user=5224&status=consumed&limit=10&offset=0 HTTP/1.1" 200 2 "-" "okhttp/4.9.2"
117.249.250.96 - - [10/Mar/2025:03:30:30 +0000] "GET /api/part/?organisation=106&fields=id,name,ipn HTTP/1.1" 200 2 "-" "okhttp/4.9.2"
150.107.20.147 - - [10/Mar/2025:03:30:31 +0000] "POST /api/clientStaff/trip_logs/ HTTP/1.1" 201 317 "-" "okhttp/4.9.2"
27.60.30.137 - - [10/Mar/2025:03:30:31 +0000] "POST /api/clientStaff/triplog_history/ HTTP/1.1" 404 159 "-" "okhttp/4.9.2"
152.59.203.3 - - [10/Mar/2025:03:30:31 +0000] "GET /api/Starlly/fetch-erp-data/?userId=2572 HTTP/1.1" 401 26 "-" "okhttp/4.9.2"
152.59.231.225 - - [10/Mar/2025:03:30:31 +0000] "GET /api/inventory/part_transitions/?user=5224&status=request&approval_status=Approved,PartiallyApproved,Auto_approved,Rejected&store_status=PartiallyAllotted,Partially%20Allotted%20Ready,Allotted%20Ready,Partially%20Allotted%20Collected,Allotted%20Collected,Allotted%20Dispatched,Partially%20Allotted%20Dispatched&tech_status=Received,Disparity&web=true&start=2025-02-10&end=2025-03-10 HTTP/1.1" 500 145 "-" "okhttp/4.9.2"
152.59.228.156 - - [10/Mar/2025:03:30:31 +0000] "POST /api/clientStaff/trip_logs/ HTTP/1.1" 201 334 "-" "okhttp/4.9.2"
152.57.198.118 - - [10/Mar/2025:03:30:32 +0000] "GET /api/clientCall/registerCall/?limit=1&offset=0&organisation=106&technician=1759 HTTP/1.1" 200 1280 "-" "okhttp/4.9.2"
152.57.198.118 - - [10/Mar/2025:03:30:32 +0000] "GET /api/clientOrganisation/call_user_counts/?id=1759 HTTP/1.1" 200 198 "-" "okhttp/4.9.2"
152.59.231.225 - - [10/Mar/2025:03:30:32 +0000] "GET /api/inventory/part_transitions/?user=5224&status=request&approval_status=Rejected&store_status=NA&tech_status=NA&web=true&start=2025-02-10&end=2025-03-10 HTTP/1.1" 500 145 "-" "okhttp/4.9.2"
152.57.198.118 - - [10/Mar/2025:03:30:32 +0000] "GET /api/clientCall/registerCall/?limit=1&offset=0&organisation=106&technician=1759 HTTP/1.1" 200 1280 "-" "okhttp/4.9.2"
152.57.198.118 - - [10/Mar/2025:03:30:32 +0000] "GET /api/clientOrganisation/call_user_counts/?id=1759 HTTP/1.1" 200 198 "-" "okhttp/4.9.2"
223.176.58.39 - - [10/Mar/2025:03:30:32 +0000] "POST /api/clientStaff/triplog_history/ HTTP/1.1" 404 159 "-" "okhttp/4.9.2"
152.59.8.131 - - [10/Mar/2025:03:30:32 +0000] "POST /api/clientStaff/triplog_history/ HTTP/1.1" 404 159 "-" "okhttp/4.9.2"
106.78.88.177 - - [10/Mar/2025:03:30:32 +0000] "GET /api/Starlly/fetch-erp-data/?userId=2444 HTTP/1.1" 401 26 "-" "okhttp/4.9.2"
152.59.231.225 - - [10/Mar/2025:03:30:33 +0000] "GET /api/inventory/part_transitions/?user=5224&status=purchase&approval_status=Approved,PartiallyApproved,Auto_approved,Rejected&tech_status=Received,Disparity,NA&web=true&start=2025-02-10&end=2025-03-10 HTTP/1.1" 500 145 "-" "okhttp/4.9.2"
152.59.231.225 - - [10/Mar/2025:03:30:33 +0000] "GET /api/inventory/part_transitions/?user=5224&status=request,purchase&approval_status=Approved,PartiallyApproved,Pending&&tech_status=Pending,NA,&start=2024-03-10&end=2025-03-10&web=true&limit=10&offset=0 HTTP/1.1" 500 145 "-" "okhttp/4.9.2"
152.59.208.63 - - [10/Mar/2025:03:30:34 +0000] "POST /api/clientStaff/trip_logs/ HTTP/1.1" 201 319 "-" "okhttp/4.9.2"
223.185.100.215 - - [10/Mar/2025:03:30:34 +0000] "POST /api/clientStaff/trip_logs/ HTTP/1.1" 201 359 "-" "okhttp/4.9.2"
110.226.224.206 - - [10/Mar/2025:03:30:34 +0000] "POST /api/clientStaff/trip_logs/ HTTP/1.1" 201 332 "-" "okhttp/4.9.2"
152.59.228.190 - - [10/Mar/2025:03:30:34 +0000] "GET /api/clientStaff/user/5601/first_trip_log/ HTTP/1.1" 200 185 "-" "okhttp/4.9.2"
152.59.228.190 - - [10/Mar/2025:03:30:34 +0000] "GET /api/clientCall/registerCall/?limit=1&offset=0&organisation=106&technician=5601 HTTP/1.1" 200 1276 "-" "okhttp/4.9.2"
152.59.228.190 - - [10/Mar/2025:03:30:34 +0000] "GET /api/clientOrganisation/call_user_counts/?id=5601 HTTP/1.1" 200 198 "-" "okhttp/4.9.2"
152.59.228.190 - - [10/Mar/2025:03:30:35 +0000] "GET /api/clientCall/registerCall/?limit=1&offset=0&organisation=106&technician=5601 HTTP/1.1" 200 1276 "-" "okhttp/4.9.2"
152.59.228.190 - - [10/Mar/2025:03:30:35 +0000] "GET /api/clientOrganisation/call_user_counts/?id=5601 HTTP/1.1" 200 198 "-" "okhttp/4.9.2"
152.59.228.190 - - [10/Mar/2025:03:30:35 +0000] "POST /api/clientStaff/bulk-insert-triplog-history/ HTTP/1.1" 201 45 "-" "okhttp/4.9.2"
152.59.143.37 - - [10/Mar/2025:03:30:35 +0000] "POST /api/clientStaff/triplog_history/ HTTP/1.1" 404 159 "-" "okhttp/4.9.2"
157.48.113.246 - - [10/Mar/2025:03:30:35 +0000] "POST /api/clientStaff/trip_logs/ HTTP/1.1" 201 318 "-" "okhttp/4.9.2"
106.78.88.177 - - [10/Mar/2025:03:30:36 +0000] "GET /api/Starlly/fetch-erp-data/?userId=2444 HTTP/1.1" 401 26 "-" "okhttp/4.9.2"
223.187.40.38 - - [10/Mar/2025:03:30:36 +0000] "GET /api/clientOrganisation/call_user_counts/?id=6374 HTTP/1.1" 200 198 "-" "okhttp/4.9.2"
223.187.40.38 - - [10/Mar/2025:03:30:36 +0000] "GET /api/clientCall/registerCall/?limit=1&offset=0&organisation=106&technician=6374 HTTP/1.1" 200 1292 "-" "okhttp/4.9.2"
223.187.40.38 - - [10/Mar/2025:03:30:36 +0000] "GET /api/clientCall/registerCall/?limit=1&offset=0&organisation=106&technician=6374 HTTP/1.1" 200 1292 "-" "okhttp/4.9.2"
223.187.40.38 - - [10/Mar/2025:03:30:36 +0000] "GET /api/clientOrganisation/call_user_counts/?id=6374 HTTP/1.1" 200 198 "-" "okhttp/4.9.2"
106.195.64.101 - - [10/Mar/2025:03:30:36 +0000] "GET /api/clientCall/registerCall/?limit=1&offset=0&organisation=106&technician=2479 HTTP/1.1" 200 1281 "-" "okhttp/4.9.2"
106.195.64.101 - - [10/Mar/2025:03:30:36 +0000] "GET /api/clientOrganisation/call_user_counts/?id=2479 HTTP/1.1" 200 198 "-" "okhttp/4.9.2"
106.195.64.101 - - [10/Mar/2025:03:30:36 +0000] "GET /api/clientStaff/user/2479/first_trip_log/ HTTP/1.1" 200 157 "-" "okhttp/4.9.2"
106.210.236.138 - - [10/Mar/2025:03:30:37 +0000] "GET /api/Starlly/fetch-erp-data/?userId=3630 HTTP/1.1" 200 46 "-" "okhttp/4.9.2"
171.48.95.107 - - [10/Mar/2025:03:30:37 +0000] "POST /api/clientStaff/trip_logs/ HTTP/1.1" 400 35 "-" "okhttp/4.9.2"
171.48.95.107 - - [10/Mar/2025:03:30:37 +0000] "POST /api/clientStaff/trip_logs/ HTTP/1.1" 400 35 "-" "okhttp/4.9.2"
106.195.72.250 - - [10/Mar/2025:03:30:37 +0000] "GET /api/clientCall/registerCall/?technician=8780&client=204&status=3&limit=20&offset=0&start=&end= HTTP/1.1" 200 1408 "-" "okhttp/4.9.2"
171.48.95.107 - - [10/Mar/2025:03:30:37 +0000] "POST /api/clientStaff/trip_logs/ HTTP/1.1" 400 35 "-" "okhttp/4.9.2"
27.59.60.116 - - [10/Mar/2025:03:30:37 +0000] "GET /api/clientCall/registerCall/?limit=1&offset=0&organisation=106&technician=5165 HTTP/1.1" 200 1279 "-" "okhttp/4.9.2"
27.59.60.116 - - [10/Mar/2025:03:30:37 +0000] "GET /api/clientOrganisation/call_user_counts/?id=5165 HTTP/1.1" 200 198 "-" "okhttp/4.9.2"
27.59.60.116 - - [10/Mar/2025:03:30:37 +0000] "GET /api/clientCall/registerCall/?limit=1&offset=0&organisation=106&technician=5165 HTTP/1.1" 200 1279 "-" "okhttp/4.9.2"
27.59.60.116 - - [10/Mar/2025:03:30:37 +0000] "GET /api/clientOrganisation/call_user_counts/?id=5165 HTTP/1.1" 200 198 "-" "okhttp/4.9.2"
152.59.205.214 - - [10/Mar/2025:03:30:37 +0000] "POST /api/clientStaff/trip_logs/ HTTP/1.1" 201 359 "-" "okhttp/4.9.2"
