106.221.177.53 - - [10/Mar/2025:03:32:13 +0000] "GET /api/clientOrganisation/call_user_counts/?id=2284 HTTP/1.1" 200 198 "-" "okhttp/4.9.2"
49.37.155.52 - - [10/Mar/2025:03:32:13 +0000] "POST /api/clientStaff/trip_logs/ HTTP/1.1" 201 319 "-" "okhttp/4.9.2"
106.221.177.53 - - [10/Mar/2025:03:32:13 +0000] "GET /api/clientCall/registerCall/?limit=1&offset=0&organisation=106&technician=2284 HTTP/1.1" 200 1291 "-" "okhttp/4.9.2"
106.221.177.53 - - [10/Mar/2025:03:32:13 +0000] "GET /api/clientOrganisation/call_user_counts/?id=2284 HTTP/1.1" 200 198 "-" "okhttp/4.9.2"
157.33.245.255 - - [10/Mar/2025:03:32:13 +0000] "POST /api/clientStaff/trip_logs/ HTTP/1.1" 201 319 "-" "okhttp/4.9.2"
27.59.110.125 - - [10/Mar/2025:03:32:13 +0000] "GET /api/Starlly/fetch-erp-data/?userId=1978 HTTP/1.1" 200 46 "-" "okhttp/4.9.2"
152.59.215.31 - - [10/Mar/2025:03:32:13 +0000] "POST /api/clientStaff/trip_logs/ HTTP/1.1" 201 334 "-" "okhttp/4.9.2"
152.59.204.57 - - [10/Mar/2025:03:32:13 +0000] "POST /api/clientStaff/trip_logs/ HTTP/1.1" 201 333 "-" "okhttp/4.9.2"
223.228.110.140 - - [10/Mar/2025:03:32:14 +0000] "GET /api/clientCall/registerCall/?limit=1&offset=0&organisation=106&technician=5645 HTTP/1.1" 200 1276 "-" "okhttp/4.9.2"
223.228.110.140 - - [10/Mar/2025:03:32:14 +0000] "GET /api/clientStaff/user/5645/first_trip_log/ HTTP/1.1" 200 171 "-" "okhttp/4.9.2"
223.228.110.140 - - [10/Mar/2025:03:32:14 +0000] "GET /api/clientOrganisation/call_user_counts/?id=5645 HTTP/1.1" 200 198 "-" "okhttp/4.9.2"
223.228.110.140 - - [10/Mar/2025:03:32:14 +0000] "GET /api/clientCall/registerCall/?limit=1&offset=0&organisation=106&technician=5645 HTTP/1.1" 200 1276 "-" "okhttp/4.9.2"
223.228.110.140 - - [10/Mar/2025:03:32:14 +0000] "GET /api/clientOrganisation/call_user_counts/?id=5645 HTTP/1.1" 200 198 "-" "okhttp/4.9.2"
27.59.62.176 - - [10/Mar/2025:03:32:14 +0000] "GET /api/clientOrganisation/call_user_counts/?id=5402 HTTP/1.1" 200 198 "-" "okhttp/4.9.2"
27.59.62.176 - - [10/Mar/2025:03:32:14 +0000] "GET /api/clientCall/registerCall/?limit=1&offset=0&organisation=106&technician=5402 HTTP/1.1" 200 1297 "-" "okhttp/4.9.2"
157.48.124.49 - - [10/Mar/2025:03:32:15 +0000] "POST /api/clientStaff/trip_logs/ HTTP/1.1" 201 319 "-" "okhttp/4.9.2"
27.59.62.176 - - [10/Mar/2025:03:32:15 +0000] "GET /api/clientOrganisation/call_user_counts/?id=5402 HTTP/1.1" 200 198 "-" "okhttp/4.9.2"
27.59.62.176 - - [10/Mar/2025:03:32:15 +0000] "GET /api/clientCall/registerCall/?limit=1&offset=0&organisation=106&technician=5402 HTTP/1.1" 200 1297 "-" "okhttp/4.9.2"
157.48.186.180 - - [10/Mar/2025:03:32:15 +0000] "POST /api/Starlly/auth/login/ HTTP/1.1" 200 994 "-" "okhttp/4.9.2"
152.59.215.247 - - [10/Mar/2025:03:32:15 +0000] "GET /api/clientOrganisation/call_user_counts/?id=3527 HTTP/1.1" 200 198 "-" "okhttp/4.9.2"
152.59.215.247 - - [10/Mar/2025:03:32:15 +0000] "GET /api/clientCall/registerCall/?limit=1&offset=0&organisation=106&technician=3527 HTTP/1.1" 200 1321 "-" "okhttp/4.9.2"
152.59.215.247 - - [10/Mar/2025:03:32:15 +0000] "GET /api/clientCall/registerCall/?limit=1&offset=0&organisation=106&technician=3527 HTTP/1.1" 200 1321 "-" "okhttp/4.9.2"
152.59.215.247 - - [10/Mar/2025:03:32:16 +0000] "GET /api/clientOrganisation/call_user_counts/?id=3527 HTTP/1.1" 200 198 "-" "okhttp/4.9.2"
157.48.186.180 - - [10/Mar/2025:03:32:16 +0000] "POST /api/notification/store-token/ HTTP/1.1" 400 55 "-" "okhttp/4.9.2"
157.48.186.180 - - [10/Mar/2025:03:32:16 +0000] "GET /api/clientOrganisation/call_user_counts/?id=5811 HTTP/1.1" 200 198 "-" "okhttp/4.9.2"
157.48.186.180 - - [10/Mar/2025:03:32:16 +0000] "GET /api/clientOrganisation/Organisation/106/?fields=address HTTP/1.1" 200 14 "-" "okhttp/4.9.2"
157.48.186.180 - - [10/Mar/2025:03:32:16 +0000] "GET /api/clientOrganisation/call_user_counts/?id=5811 HTTP/1.1" 200 198 "-" "okhttp/4.9.2"
157.48.186.180 - - [10/Mar/2025:03:32:16 +0000] "GET /api/clientCall/registerCall/?limit=1&offset=0&organisation=106&technician=5811 HTTP/1.1" 200 1289 "-" "okhttp/4.9.2"
157.48.186.180 - - [10/Mar/2025:03:32:16 +0000] "GET /api/clientOrganisation/client_staff/?id=5811 HTTP/1.1" 200 445 "-" "okhttp/4.9.2"
152.59.212.181 - - [10/Mar/2025:03:32:16 +0000] "POST /api/Starlly/auth/login/ HTTP/1.1" 200 994 "-" "okhttp/4.9.2"
27.59.62.176 - - [10/Mar/2025:03:32:16 +0000] "GET /api/Starlly/fetch-erp-data/?userId=5402 HTTP/1.1" 200 46 "-" "okhttp/4.9.2"
152.59.212.181 - - [10/Mar/2025:03:32:16 +0000] "POST /api/notification/store-token/ HTTP/1.1" 400 55 "-" "okhttp/4.9.2"
223.187.14.147 - - [10/Mar/2025:03:32:16 +0000] "GET /api/Starlly/fetch-erp-data/?userId=2638 HTTP/1.1" 200 46 "-" "okhttp/4.9.2"
152.59.212.181 - - [10/Mar/2025:03:32:17 +0000] "GET /api/clientOrganisation/Organisation/106/?fields=address HTTP/1.1" 200 14 "-" "okhttp/4.9.2"
152.59.212.181 - - [10/Mar/2025:03:32:17 +0000] "GET /api/clientCall/registerCall/?limit=1&offset=0&organisation=106&technician=5872 HTTP/1.1" 200 1285 "-" "okhttp/4.9.2"
152.59.212.181 - - [10/Mar/2025:03:32:17 +0000] "GET /api/clientOrganisation/call_user_counts/?id=5872 HTTP/1.1" 200 198 "-" "okhttp/4.9.2"
152.59.212.181 - - [10/Mar/2025:03:32:17 +0000] "GET /api/clientOrganisation/client_staff/?id=5872 HTTP/1.1" 200 445 "-" "okhttp/4.9.2"
152.59.212.181 - - [10/Mar/2025:03:32:17 +0000] "GET /api/clientOrganisation/call_user_counts/?id=5872 HTTP/1.1" 200 198 "-" "okhttp/4.9.2"
106.221.177.53 - - [10/Mar/2025:03:32:17 +0000] "GET /api/Starlly/fetch-erp-data/?userId=2284 HTTP/1.1" 200 46 "-" "okhttp/4.9.2"
152.59.212.181 - - [10/Mar/2025:03:32:17 +0000] "POST /api/clientStaff/bulk-insert-triplog-history/ HTTP/1.1" 201 45 "-" "okhttp/4.9.2"
49.205.105.16 - - [10/Mar/2025:03:32:18 +0000] "POST /api/clientStaff/trip_logs/ HTTP/1.1" 201 319 "-" "okhttp/4.9.2"
157.48.124.49 - - [10/Mar/2025:03:32:18 +0000] "POST /api/clientStaff/trip_logs/ HTTP/1.1" 201 316 "-" "okhttp/4.9.2"
157.35.41.89 - - [10/Mar/2025:03:32:18 +0000] "POST /api/clientStaff/trip_logs/ HTTP/1.1" 201 333 "-" "okhttp/4.9.2"
49.37.155.52 - - [10/Mar/2025:03:32:18 +0000] "GET /api/clientCall/registerCall/?limit=1&offset=0&organisation=106&technician=5915 HTTP/1.1" 200 1292 "-" "okhttp/4.9.2"
49.37.155.52 - - [10/Mar/2025:03:32:18 +0000] "GET /api/clientOrganisation/call_user_counts/?id=5915 HTTP/1.1" 200 198 "-" "okhttp/4.9.2"
157.48.124.49 - - [10/Mar/2025:03:32:18 +0000] "POST /api/clientStaff/bulk-insert-triplog-history/ HTTP/1.1" 201 45 "-" "okhttp/4.9.2"
49.37.155.52 - - [10/Mar/2025:03:32:18 +0000] "GET /api/clientCall/registerCall/?limit=1&offset=0&organisation=106&technician=5915 HTTP/1.1" 200 1292 "-" "okhttp/4.9.2"
223.228.110.140 - - [10/Mar/2025:03:32:18 +0000] "GET /api/Starlly/fetch-erp-data/?userId=5645 HTTP/1.1" 200 46 "-" "okhttp/4.9.2"
49.37.155.52 - - [10/Mar/2025:03:32:18 +0000] "GET /api/clientOrganisation/call_user_counts/?id=5915 HTTP/1.1" 200 198 "-" "okhttp/4.9.2"
152.59.208.228 - - [10/Mar/2025:03:32:19 +0000] "GET /api/clientOrganisation/call_user_counts/?id=3286 HTTP/1.1" 200 198 "-" "okhttp/4.9.2"
152.58.235.97 - - [10/Mar/2025:03:32:19 +0000] "POST /api/Starlly/auth/login/ HTTP/1.1" 200 989 "-" "okhttp/4.9.2"
152.59.208.228 - - [10/Mar/2025:03:32:19 +0000] "GET /api/clientStaff/user/3286/first_trip_log/ HTTP/1.1" 200 187 "-" "okhttp/4.9.2"
152.58.235.97 - - [10/Mar/2025:03:32:19 +0000] "POST /api/notification/store-token/ HTTP/1.1" 400 55 "-" "okhttp/4.9.2"
152.59.208.228 - - [10/Mar/2025:03:32:19 +0000] "GET /api/clientCall/registerCall/?limit=1&offset=0&organisation=106&technician=3286 HTTP/1.1" 200 1262 "-" "okhttp/4.9.2"
152.59.208.228 - - [10/Mar/2025:03:32:19 +0000] "GET /api/clientStaff/user/3286/first_trip_log/ HTTP/1.1" 200 187 "-" "okhttp/4.9.2"
152.58.235.97 - - [10/Mar/2025:03:32:19 +0000] "GET /api/clientOrganisation/Organisation/106/?fields=address HTTP/1.1" 200 14 "-" "okhttp/4.9.2"
152.58.235.97 - - [10/Mar/2025:03:32:19 +0000] "GET /api/clientCall/registerCall/?limit=1&offset=0&organisation=106&technician=5558 HTTP/1.1" 200 1276 "-" "okhttp/4.9.2"
152.59.205.178 - - [10/Mar/2025:03:32:19 +0000] "GET /api/Starlly/fetch-erp-data/?userId=8112 HTTP/1.1" 401 26 "-" "okhttp/4.9.2"
157.48.132.208 - - [10/Mar/2025:03:32:19 +0000] "POST /api/clientStaff/trip_logs/ HTTP/1.1" 201 334 "-" "okhttp/4.9.2"
152.58.235.97 - - [10/Mar/2025:03:32:19 +0000] "GET /api/clientOrganisation/call_user_counts/?id=5558 HTTP/1.1" 200 198 "-" "okhttp/4.9.2"
152.59.208.228 - - [10/Mar/2025:03:32:19 +0000] "GET /api/clientCall/registerCall/?limit=1&offset=0&organisation=106&technician=3286 HTTP/1.1" 200 1262 "-" "okhttp/4.9.2"
152.59.215.247 - - [10/Mar/2025:03:32:19 +0000] "GET /api/Starlly/fetch-erp-data/?userId=3527 HTTP/1.1" 200 46 "-" "okhttp/4.9.2"
152.58.235.97 - - [10/Mar/2025:03:32:19 +0000] "GET /api/clientOrganisation/call_user_counts/?id=5558 HTTP/1.1" 200 198 "-" "okhttp/4.9.2"
152.59.208.228 - - [10/Mar/2025:03:32:19 +0000] "GET /api/clientOrganisation/call_user_counts/?id=3286 HTTP/1.1" 200 198 "-" "okhttp/4.9.2"
152.58.235.97 - - [10/Mar/2025:03:32:19 +0000] "GET /api/clientOrganisation/client_staff/?id=5558 HTTP/1.1" 200 445 "-" "okhttp/4.9.2"
152.59.208.228 - - [10/Mar/2025:03:32:20 +0000] "GET /api/clientCall/registerCall/?technician=3286&client=204&status=&limit=20&offset=0&start=&end= HTTP/1.1" 200 1262 "-" "okhttp/4.9.2"
117.213.159.198 - - [10/Mar/2025:03:32:20 +0000] "POST /api/clientStaff/trip_logs/ HTTP/1.1" 201 319 "-" "okhttp/4.9.2"
27.59.110.125 - - [10/Mar/2025:03:32:20 +0000] "POST /api/clientStaff/trip_logs/ HTTP/1.1" 201 318 "-" "okhttp/4.9.2"
152.59.208.228 - - [10/Mar/2025:03:32:20 +0000] "GET /api/clientCall/registerCall/?technician=3286&client=204&status=&limit=20&offset=0&start=&end= HTTP/1.1" 200 1262 "-" "okhttp/4.9.2"
152.59.205.62 - - [10/Mar/2025:03:32:20 +0000] "GET /api/Starlly/fetch-erp-data/?userId=8909 HTTP/1.1" 200 46 "-" "okhttp/4.9.2"
152.59.205.62 - - [10/Mar/2025:03:32:20 +0000] "GET /api/Starlly/fetch-erp-data/?userId=8909 HTTP/1.1" 200 46 "-" "okhttp/4.9.2"
157.48.186.180 - - [10/Mar/2025:03:32:20 +0000] "GET /api/Starlly/fetch-erp-data/?userId=5811 HTTP/1.1" 200 46 "-" "okhttp/4.9.2"
49.37.155.52 - - [10/Mar/2025:03:32:21 +0000] "GET /api/Starlly/fetch-erp-data/?userId=5915 HTTP/1.1" 200 46 "-" "okhttp/4.9.2"
106.216.254.86 - - [10/Mar/2025:03:32:21 +0000] "GET /api/Starlly/forgot-username/?mobile=7028032324 HTTP/1.1" 200 148 "-" "okhttp/4.9.2"
152.59.153.116 - - [10/Mar/2025:03:32:21 +0000] "GET /api/clientStaff/user/1379/first_trip_log/ HTTP/1.1" 200 178 "-" "okhttp/4.9.2"
152.59.153.116 - - [10/Mar/2025:03:32:21 +0000] "GET /api/clientOrganisation/call_user_counts/?id=1379 HTTP/1.1" 200 198 "-" "okhttp/4.9.2"
152.59.153.116 - - [10/Mar/2025:03:32:21 +0000] "GET /api/clientCall/registerCall/?limit=1&offset=0&organisation=106&technician=1379 HTTP/1.1" 200 1246 "-" "okhttp/4.9.2"
106.216.254.86 - - [10/Mar/2025:03:32:21 +0000] "POST /api/Starlly/v2/reset-password-request/ HTTP/1.1" 200 34 "-" "okhttp/4.9.2"
152.59.208.228 - - [10/Mar/2025:03:32:21 +0000] "GET /api/clientStaff/diagnostic_remarks/?register=31395 HTTP/1.1" 200 2 "-" "okhttp/4.9.2"
152.59.208.228 - - [10/Mar/2025:03:32:21 +0000] "GET /api/clientCall/callStatus/?register=31395 HTTP/1.1" 200 236 "-" "okhttp/4.9.2"
223.187.72.127 - - [10/Mar/2025:03:32:21 +0000] "GET /api/clientCall/registerCall/?limit=1&offset=0&organisation=106&technician=2314 HTTP/1.1" 200 1268 "-" "okhttp/4.9.2"
152.59.208.228 - - [10/Mar/2025:03:32:21 +0000] "GET /api/clientStaff/symptom_remark/?org=106 HTTP/1.1" 200 285 "-" "okhttp/4.9.2"
152.59.153.116 - - [10/Mar/2025:03:32:21 +0000] "POST /api/clientStaff/bulk-insert-triplog-history/ HTTP/1.1" 201 45 "-" "okhttp/4.9.2"
223.187.72.127 - - [10/Mar/2025:03:32:21 +0000] "GET /api/clientOrganisation/call_user_counts/?id=2314 HTTP/1.1" 200 198 "-" "okhttp/4.9.2"
152.59.153.116 - - [10/Mar/2025:03:32:21 +0000] "GET /api/clientCall/registerCall/?limit=1&offset=0&organisation=106&technician=1379 HTTP/1.1" 200 1246 "-" "okhttp/4.9.2"
152.59.153.116 - - [10/Mar/2025:03:32:21 +0000] "GET /api/clientOrganisation/call_user_counts/?id=1379 HTTP/1.1" 200 198 "-" "okhttp/4.9.2"
152.59.208.228 - - [10/Mar/2025:03:32:21 +0000] "GET /api/inventory/technician_master/?user=3286 HTTP/1.1" 200 2 "-" "okhttp/4.9.2"
152.59.208.228 - - [10/Mar/2025:03:32:21 +0000] "GET /api/inventory/spare_transition/?user=3286&register=31395 HTTP/1.1" 200 2 "-" "okhttp/4.9.2"
223.227.108.186 - - [10/Mar/2025:03:32:21 +0000] "POST /api/clientStaff/trip_logs/ HTTP/1.1" 201 334 "-" "okhttp/4.9.2"
223.187.72.127 - - [10/Mar/2025:03:32:21 +0000] "GET /api/clientCall/registerCall/?limit=1&offset=0&organisation=106&technician=2314 HTTP/1.1" 200 1268 "-" "okhttp/4.9.2"
223.187.72.127 - - [10/Mar/2025:03:32:21 +0000] "GET /api/clientOrganisation/call_user_counts/?id=2314 HTTP/1.1" 200 198 "-" "okhttp/4.9.2"
152.59.208.228 - - [10/Mar/2025:03:32:21 +0000] "GET /api/Starlly/country-address-schema/IN/ HTTP/1.1" 200 779 "-" "okhttp/4.9.2"
152.59.208.228 - - [10/Mar/2025:03:32:22 +0000] "GET /api/part?organisation=106&fields=id,name HTTP/1.1" 301 0 "-" "okhttp/4.9.2"
152.59.208.228 - - [10/Mar/2025:03:32:22 +0000] "GET /api/clientCall/callStatusMaster/ HTTP/1.1" 200 495 "-" "okhttp/4.9.2"
152.59.208.228 - - [10/Mar/2025:03:32:22 +0000] "GET /api/part/?organisation=106&fields=id,name HTTP/1.1" 200 2 "-" "okhttp/4.9.2"
152.59.205.178 - - [10/Mar/2025:03:32:22 +0000] "GET /api/Starlly/fetch-erp-data/?userId=8112 HTTP/1.1" 401 26 "-" "okhttp/4.9.2"
223.187.14.147 - - [10/Mar/2025:03:32:22 +0000] "POST /api/clientStaff/trip_logs/ HTTP/1.1" 201 319 "-" "okhttp/4.9.2"
152.58.235.97 - - [10/Mar/2025:03:32:22 +0000] "GET /api/Starlly/fetch-erp-data/?userId=5558 HTTP/1.1" 200 46 "-" "okhttp/4.9.2"
152.59.208.228 - - [10/Mar/2025:03:32:23 +0000] "POST /api/clientStaff/trip_logs/ HTTP/1.1" 201 358 "-" "okhttp/4.9.2"
152.59.210.44 - - [10/Mar/2025:03:32:23 +0000] "POST /api/clientStaff/triplog_history/ HTTP/1.1" 404 159 "-" "okhttp/4.9.2"
223.187.72.127 - - [10/Mar/2025:03:32:23 +0000] "GET /api/Starlly/fetch-erp-data/?userId=2314 HTTP/1.1" 200 46 "-" "okhttp/4.9.2"
152.58.197.4 - - [10/Mar/2025:03:32:23 +0000] "POST /api/Starlly/auth/login/ HTTP/1.1" 200 962 "-" "okhttp/4.9.2"
152.58.197.4 - - [10/Mar/2025:03:32:24 +0000] "GET /api/clientOrganisation/Organisation/106/?fields=address HTTP/1.1" 200 14 "-" "okhttp/4.9.2"
152.58.197.4 - - [10/Mar/2025:03:32:24 +0000] "POST /api/notification/store-token/ HTTP/1.1" 400 55 "-" "okhttp/4.9.2"
152.58.197.4 - - [10/Mar/2025:03:32:24 +0000] "GET /api/clientOrganisation/call_user_counts/?id=7793 HTTP/1.1" 200 198 "-" "okhttp/4.9.2"
152.58.197.4 - - [10/Mar/2025:03:32:24 +0000] "GET /api/clientOrganisation/client_staff/?id=7793 HTTP/1.1" 200 445 "-" "okhttp/4.9.2"
152.58.197.4 - - [10/Mar/2025:03:32:24 +0000] "GET /api/clientCall/registerCall/?limit=1&offset=0&organisation=106&technician=7793 HTTP/1.1" 200 1339 "-" "okhttp/4.9.2"
152.59.202.90 - - [10/Mar/2025:03:32:24 +0000] "GET /api/clientStaff/user/6266/first_trip_log/ HTTP/1.1" 200 169 "-" "okhttp/4.9.2"
152.59.202.90 - - [10/Mar/2025:03:32:24 +0000] "GET /api/clientOrganisation/call_user_counts/?id=6266 HTTP/1.1" 200 198 "-" "okhttp/4.9.2"
152.59.202.90 - - [10/Mar/2025:03:32:24 +0000] "GET /api/clientCall/registerCall/?limit=1&offset=0&organisation=106&technician=6266 HTTP/1.1" 200 1325 "-" "okhttp/4.9.2"
157.48.142.203 - - [10/Mar/2025:03:32:24 +0000] "POST /api/clientStaff/bulk-insert-triplog-history/ HTTP/1.1" 201 45 "-" "okhttp/4.9.2"
152.59.202.90 - - [10/Mar/2025:03:32:24 +0000] "GET /api/clientCall/registerCall/?limit=1&offset=0&organisation=106&technician=6266 HTTP/1.1" 200 1325 "-" "okhttp/4.9.2"
152.59.202.90 - - [10/Mar/2025:03:32:24 +0000] "GET /api/clientOrganisation/call_user_counts/?id=6266 HTTP/1.1" 200 198 "-" "okhttp/4.9.2"
106.195.72.250 - - [10/Mar/2025:03:32:24 +0000] "GET /api/inventory/spare_transition/?user=8780&status=consumed&limit=10&offset=0 HTTP/1.1" 200 2 "-" "okhttp/4.9.2"
106.219.241.150 - - [10/Mar/2025:03:32:25 +0000] "POST /api/Starlly/auth/login/ HTTP/1.1" 400 64 "-" "okhttp/4.9.2"
157.47.13.251 - - [10/Mar/2025:03:32:25 +0000] "POST /api/Starlly/auth/login/ HTTP/1.1" 200 994 "-" "okhttp/4.9.2"
223.228.110.140 - - [10/Mar/2025:03:32:25 +0000] "POST /api/clientStaff/trip_logs/ HTTP/1.1" 201 319 "-" "okhttp/4.9.2"
106.219.241.150 - - [10/Mar/2025:03:32:25 +0000] "POST /api/notification/store-token/ HTTP/1.1" 401 27 "-" "okhttp/4.9.2"
157.47.13.251 - - [10/Mar/2025:03:32:25 +0000] "POST /api/notification/store-token/ HTTP/1.1" 400 55 "-" "okhttp/4.9.2"
106.219.241.150 - - [10/Mar/2025:03:32:25 +0000] "GET /api/clientOrganisation/Organisation/undefined/?fields=address HTTP/1.1" 401 27 "-" "okhttp/4.9.2"
106.195.72.250 - - [10/Mar/2025:03:32:25 +0000] "GET /api/inventory/part_transitions/?user=8780&status=request&approval_status=Approved,PartiallyApproved,Auto_approved,Rejected&store_status=PartiallyAllotted,Partially%20Allotted%20Ready,Allotted%20Ready,Partially%20Allotted%20Collected,Allotted%20Collected,Allotted%20Dispatched,Partially%20Allotted%20Dispatched&tech_status=Received,Disparity&web=true&start=2025-02-10&end=2025-03-10 HTTP/1.1" 500 145 "-" "okhttp/4.9.2"
106.219.241.150 - - [10/Mar/2025:03:32:25 +0000] "GET /api/clientOrganisation/call_user_counts/?id=undefined HTTP/1.1" 401 26 "-" "okhttp/4.9.2"
157.47.13.251 - - [10/Mar/2025:03:32:25 +0000] "GET /api/clientOrganisation/Organisation/106/?fields=address HTTP/1.1" 200 14 "-" "okhttp/4.9.2"
223.190.141.119 - - [10/Mar/2025:03:32:25 +0000] "POST /api/clientStaff/bulk-insert-triplog-history/ HTTP/1.1" 201 45 "-" "okhttp/4.9.2"
157.47.13.251 - - [10/Mar/2025:03:32:26 +0000] "GET /api/clientCall/registerCall/?limit=1&offset=0&organisation=106&technician=2410 HTTP/1.1" 200 1265 "-" "okhttp/4.9.2"
157.47.13.251 - - [10/Mar/2025:03:32:26 +0000] "GET /api/clientOrganisation/call_user_counts/?id=2410 HTTP/1.1" 200 198 "-" "okhttp/4.9.2"
157.47.13.251 - - [10/Mar/2025:03:32:26 +0000] "GET /api/clientOrganisation/client_staff/?id=2410 HTTP/1.1" 200 445 "-" "okhttp/4.9.2"
157.47.13.251 - - [10/Mar/2025:03:32:26 +0000] "GET /api/clientOrganisation/call_user_counts/?id=2410 HTTP/1.1" 200 198 "-" "okhttp/4.9.2"
106.195.72.250 - - [10/Mar/2025:03:32:26 +0000] "GET /api/inventory/part_transitions/?user=8780&status=request&approval_status=Rejected&store_status=NA&tech_status=NA&web=true&start=2025-02-10&end=2025-03-10 HTTP/1.1" 500 145 "-" "okhttp/4.9.2"
106.195.72.250 - - [10/Mar/2025:03:32:26 +0000] "GET /api/inventory/spare_transition/?user=8780&status=consumed&limit=10&offset=0 HTTP/1.1" 200 2 "-" "okhttp/4.9.2"
106.216.198.145 - - [10/Mar/2025:03:32:27 +0000] "POST /api/clientStaff/trip_logs/ HTTP/1.1" 201 359 "-" "okhttp/4.9.2"
152.59.212.181 - - [10/Mar/2025:03:32:27 +0000] "GET /api/Starlly/fetch-erp-data/?userId=5872 HTTP/1.1" 200 46 "-" "okhttp/4.9.2"
152.59.153.116 - - [10/Mar/2025:03:32:27 +0000] "GET /api/Starlly/fetch-erp-data/?userId=1379 HTTP/1.1" 200 46 "-" "okhttp/4.9.2"
106.195.5.240 - - [10/Mar/2025:03:32:27 +0000] "GET /api/clientCall/registerCall/?limit=1&offset=0&organisation=106&technician=1954 HTTP/1.1" 200 1303 "-" "okhttp/4.9.2"
106.195.5.240 - - [10/Mar/2025:03:32:27 +0000] "GET /api/clientOrganisation/call_user_counts/?id=1954 HTTP/1.1" 200 198 "-" "okhttp/4.9.2"
152.59.215.247 - - [10/Mar/2025:03:32:27 +0000] "POST /api/clientStaff/trip_logs/ HTTP/1.1" 201 318 "-" "okhttp/4.9.2"
157.48.199.105 - - [10/Mar/2025:03:32:27 +0000] "GET /api/clientStaff/user/8862/first_trip_log/ HTTP/1.1" 200 157 "-" "okhttp/4.9.2"
106.195.72.250 - - [10/Mar/2025:03:32:27 +0000] "GET /api/inventory/part_transitions/?user=8780&status=purchase&approval_status=Approved,PartiallyApproved,Auto_approved,Rejected&tech_status=Received,Disparity,NA&web=true&start=2025-02-10&end=2025-03-10 HTTP/1.1" 500 145 "-" "okhttp/4.9.2"
157.48.199.105 - - [10/Mar/2025:03:32:27 +0000] "GET /api/clientOrganisation/call_user_counts/?id=8862 HTTP/1.1" 200 198 "-" "okhttp/4.9.2"
157.48.199.105 - - [10/Mar/2025:03:32:27 +0000] "GET /api/clientCall/registerCall/?limit=1&offset=0&organisation=106&technician=8862 HTTP/1.1" 200 1389 "-" "okhttp/4.9.2"
106.195.72.250 - - [10/Mar/2025:03:32:27 +0000] "GET /api/part/?organisation=106&fields=id,name,ipn HTTP/1.1" 200 2 "-" "okhttp/4.9.2"
106.195.72.250 - - [10/Mar/2025:03:32:27 +0000] "GET /api/clientCall/registerCall/?technician=8780&fields=id,current_updated_date&search= HTTP/1.1" 200 66 "-" "okhttp/4.9.2"
152.59.213.233 - - [10/Mar/2025:03:32:27 +0000] "GET /api/clientCall/registerCall/?limit=1&offset=0&organisation=106&technician=5836 HTTP/1.1" 200 1294 "-" "okhttp/4.9.2"
152.59.213.233 - - [10/Mar/2025:03:32:27 +0000] "GET /api/clientOrganisation/call_user_counts/?id=5836 HTTP/1.1" 200 198 "-" "okhttp/4.9.2"
106.195.72.250 - - [10/Mar/2025:03:32:27 +0000] "GET /api/inventory/part_transitions/?user=8780&status=request&approval_status=Approved,PartiallyApproved,Auto_approved,Rejected&store_status=PartiallyAllotted,Partially%20Allotted%20Ready,Allotted%20Ready,Partially%20Allotted%20Collected,Allotted%20Collected,Allotted%20Dispatched,Partially%20Allotted%20Dispatched&tech_status=Received,Disparity&web=true&start=2025-02-10&end=2025-03-10 HTTP/1.1" 500 145 "-" "okhttp/4.9.2"
27.59.62.176 - - [10/Mar/2025:03:32:27 +0000] "POST /api/clientStaff/trip_logs/ HTTP/1.1" 201 319 "-" "okhttp/4.9.2"
106.195.5.240 - - [10/Mar/2025:03:32:27 +0000] "GET /api/clientCall/registerCall/?limit=1&offset=0&organisation=106&technician=1954 HTTP/1.1" 200 1303 "-" "okhttp/4.9.2"
106.195.5.240 - - [10/Mar/2025:03:32:27 +0000] "GET /api/clientOrganisation/call_user_counts/?id=1954 HTTP/1.1" 200 198 "-" "okhttp/4.9.2"
152.59.213.233 - - [10/Mar/2025:03:32:28 +0000] "GET /api/clientCall/registerCall/?limit=1&offset=0&organisation=106&technician=5836 HTTP/1.1" 200 1294 "-" "okhttp/4.9.2"
152.59.213.233 - - [10/Mar/2025:03:32:28 +0000] "GET /api/clientOrganisation/call_user_counts/?id=5836 HTTP/1.1" 200 198 "-" "okhttp/4.9.2"
152.59.202.90 - - [10/Mar/2025:03:32:28 +0000] "GET /api/Starlly/fetch-erp-data/?userId=6266 HTTP/1.1" 200 46 "-" "okhttp/4.9.2"
152.59.205.18 - - [10/Mar/2025:03:32:28 +0000] "GET /api/clientOrganisation/call_user_counts/?id=3378 HTTP/1.1" 200 198 "-" "okhttp/4.9.2"
106.195.72.250 - - [10/Mar/2025:03:32:28 +0000] "GET /api/inventory/part_transitions/?user=8780&status=request&approval_status=Rejected&store_status=NA&tech_status=NA&web=true&start=2025-02-10&end=2025-03-10 HTTP/1.1" 500 145 "-" "okhttp/4.9.2"
152.59.205.18 - - [10/Mar/2025:03:32:28 +0000] "GET /api/clientCall/registerCall/?limit=1&offset=0&organisation=106&technician=3378 HTTP/1.1" 200 1279 "-" "okhttp/4.9.2"
106.195.70.239 - - [10/Mar/2025:03:32:28 +0000] "GET /api/clientCall/registerCall/?limit=1&offset=0&organisation=106&technician=3290 HTTP/1.1" 200 1288 "-" "okhttp/4.9.2"
106.221.177.53 - - [10/Mar/2025:03:32:28 +0000] "POST /api/clientStaff/trip_logs/ HTTP/1.1" 201 319 "-" "okhttp/4.9.2"
152.58.186.183 - - [10/Mar/2025:03:32:28 +0000] "GET /api/clientCall/registerCall/?limit=1&offset=0&organisation=106&technician=1101 HTTP/1.1" 200 1384 "-" "okhttp/4.9.2"
106.195.70.239 - - [10/Mar/2025:03:32:28 +0000] "GET /api/clientOrganisation/call_user_counts/?id=3290 HTTP/1.1" 200 198 "-" "okhttp/4.9.2"
152.58.186.183 - - [10/Mar/2025:03:32:28 +0000] "GET /api/clientOrganisation/call_user_counts/?id=1101 HTTP/1.1" 200 198 "-" "okhttp/4.9.2"
223.237.131.56 - - [10/Mar/2025:03:32:28 +0000] "GET /api/Starlly/forgot-username/?email=madanmylife1992@gmail.com HTTP/1.1" 200 154 "-" "okhttp/4.9.2"
152.58.186.183 - - [10/Mar/2025:03:32:29 +0000] "GET /api/clientCall/registerCall/?limit=1&offset=0&organisation=106&technician=1101 HTTP/1.1" 200 1384 "-" "okhttp/4.9.2"
152.58.186.183 - - [10/Mar/2025:03:32:29 +0000] "GET /api/clientOrganisation/call_user_counts/?id=1101 HTTP/1.1" 200 198 "-" "okhttp/4.9.2"
223.187.12.34 - - [10/Mar/2025:03:32:29 +0000] "POST /api/clientStaff/trip_logs/ HTTP/1.1" 201 317 "-" "okhttp/4.9.2"
106.195.70.239 - - [10/Mar/2025:03:32:29 +0000] "GET /api/clientCall/registerCall/?limit=1&offset=0&organisation=106&technician=3290 HTTP/1.1" 200 1288 "-" "okhttp/4.9.2"
106.195.70.239 - - [10/Mar/2025:03:32:29 +0000] "GET /api/clientOrganisation/call_user_counts/?id=3290 HTTP/1.1" 200 198 "-" "okhttp/4.9.2"
152.59.205.18 - - [10/Mar/2025:03:32:29 +0000] "GET /api/clientCall/registerCall/?limit=1&offset=0&organisation=106&technician=3378 HTTP/1.1" 200 1279 "-" "okhttp/4.9.2"
152.59.205.18 - - [10/Mar/2025:03:32:29 +0000] "GET /api/clientOrganisation/call_user_counts/?id=3378 HTTP/1.1" 200 198 "-" "okhttp/4.9.2"
106.195.72.250 - - [10/Mar/2025:03:32:29 +0000] "GET /api/inventory/part_transitions/?user=8780&status=purchase&approval_status=Approved,PartiallyApproved,Auto_approved,Rejected&tech_status=Received,Disparity,NA&web=true&start=2025-02-10&end=2025-03-10 HTTP/1.1" 500 145 "-" "okhttp/4.9.2"
49.37.155.52 - - [10/Mar/2025:03:32:29 +0000] "POST /api/clientStaff/trip_logs/ HTTP/1.1" 201 319 "-" "okhttp/4.9.2"
152.58.235.97 - - [10/Mar/2025:03:32:29 +0000] "POST /api/clientStaff/trip_logs/ HTTP/1.1" 201 319 "-" "okhttp/4.9.2"
157.48.124.49 - - [10/Mar/2025:03:32:29 +0000] "POST /api/clientStaff/trip_logs/ HTTP/1.1" 201 334 "-" "okhttp/4.9.2"
223.237.131.56 - - [10/Mar/2025:03:32:29 +0000] "GET /api/clientOrganisation/call_user_counts/?id=undefined HTTP/1.1" 401 26 "-" "okhttp/4.9.2"
223.237.131.56 - - [10/Mar/2025:03:32:29 +0000] "POST /api/Starlly/v2/reset-password-request/ HTTP/1.1" 200 34 "-" "okhttp/4.9.2"
152.59.7.147 - - [10/Mar/2025:03:32:30 +0000] "GET /api/Starlly/fetch-erp-data/?userId=3617 HTTP/1.1" 401 26 "-" "okhttp/4.9.2"
223.187.72.127 - - [10/Mar/2025:03:32:30 +0000] "POST /api/clientStaff/trip_logs/ HTTP/1.1" 201 319 "-" "okhttp/4.9.2"
223.185.89.74 - - [10/Mar/2025:03:32:30 +0000] "GET /api/clientCall/registerCall/?technician=6479&client=204&status=3&limit=20&offset=0&start=&end= HTTP/1.1" 200 1279 "-" "okhttp/4.9.2"
157.47.13.251 - - [10/Mar/2025:03:32:30 +0000] "GET /api/Starlly/fetch-erp-data/?userId=2410 HTTP/1.1" 200 46 "-" "okhttp/4.9.2"
152.59.209.126 - - [10/Mar/2025:03:32:30 +0000] "POST /api/Starlly/auth/login/ HTTP/1.1" 200 952 "-" "okhttp/4.9.2"
106.195.5.240 - - [10/Mar/2025:03:32:30 +0000] "GET /api/Starlly/fetch-erp-data/?userId=1954 HTTP/1.1" 200 46 "-" "okhttp/4.9.2"
152.59.209.126 - - [10/Mar/2025:03:32:30 +0000] "POST /api/notification/store-token/ HTTP/1.1" 200 247 "-" "okhttp/4.9.2"
152.59.209.144 - - [10/Mar/2025:03:32:30 +0000] "GET /api/clientStaff/user/3284/first_trip_log/ HTTP/1.1" 200 160 "-" "okhttp/4.9.2"
152.59.209.126 - - [10/Mar/2025:03:32:30 +0000] "GET /api/clientCall/registerCall/?limit=1&offset=0&organisation=106&technician=9145 HTTP/1.1" 200 1412 "-" "okhttp/4.9.2"
152.59.209.144 - - [10/Mar/2025:03:32:30 +0000] "GET /api/clientCall/registerCall/?technician=3284&client=204&status=&limit=20&offset=0&start=&end= HTTP/1.1" 200 1272 "-" "okhttp/4.9.2"
152.59.209.144 - - [10/Mar/2025:03:32:31 +0000] "GET /api/clientCall/registerCall/?limit=1&offset=0&organisation=106&technician=3284 HTTP/1.1" 200 1272 "-" "okhttp/4.9.2"
152.59.209.126 - - [10/Mar/2025:03:32:31 +0000] "GET /api/clientOrganisation/Organisation/106/?fields=address HTTP/1.1" 200 14 "-" "okhttp/4.9.2"
106.195.70.239 - - [10/Mar/2025:03:32:31 +0000] "GET /api/Starlly/fetch-erp-data/?userId=3290 HTTP/1.1" 200 46 "-" "okhttp/4.9.2"
106.216.254.86 - - [10/Mar/2025:03:32:31 +0000] "POST /api/Starlly/otp-verify/ HTTP/1.1" 200 105 "-" "okhttp/4.9.2"
152.59.213.233 - - [10/Mar/2025:03:32:31 +0000] "GET /api/Starlly/fetch-erp-data/?userId=5836 HTTP/1.1" 200 46 "-" "okhttp/4.9.2"
152.59.209.126 - - [10/Mar/2025:03:32:31 +0000] "GET /api/clientOrganisation/call_user_counts/?id=9145 HTTP/1.1" 200 198 "-" "okhttp/4.9.2"
152.59.209.126 - - [10/Mar/2025:03:32:31 +0000] "GET /api/clientOrganisation/call_user_counts/?id=9145 HTTP/1.1" 200 198 "-" "okhttp/4.9.2"
152.59.209.126 - - [10/Mar/2025:03:32:31 +0000] "GET /api/clientOrganisation/client_staff/?id=9145 HTTP/1.1" 200 445 "-" "okhttp/4.9.2"
152.59.209.144 - - [10/Mar/2025:03:32:31 +0000] "GET /api/clientCall/registerCall/?technician=3284&client=204&status=&limit=20&offset=0&start=&end= HTTP/1.1" 200 1272 "-" "okhttp/4.9.2"
152.59.209.144 - - [10/Mar/2025:03:32:31 +0000] "GET /api/clientCall/registerCall/?technician=3284&client=204&status=&limit=20&offset=0&start=&end= HTTP/1.1" 200 1272 "-" "okhttp/4.9.2"
223.185.89.74 - - [10/Mar/2025:03:32:31 +0000] "GET /api/clientStaff/symptom_remark/?org=106 HTTP/1.1" 200 285 "-" "okhttp/4.9.2"
223.185.89.74 - - [10/Mar/2025:03:32:31 +0000] "GET /api/inventory/technician_master/?user=6479 HTTP/1.1" 200 2 "-" "okhttp/4.9.2"
223.185.89.74 - - [10/Mar/2025:03:32:31 +0000] "GET /api/inventory/spare_transition/?user=6479&register=34611 HTTP/1.1" 200 2 "-" "okhttp/4.9.2"
223.185.89.74 - - [10/Mar/2025:03:32:31 +0000] "GET /api/part?organisation=106&fields=id,name HTTP/1.1" 301 0 "-" "okhttp/4.9.2"
223.185.89.74 - - [10/Mar/2025:03:32:31 +0000] "GET /api/clientCall/callStatusMaster/ HTTP/1.1" 200 495 "-" "okhttp/4.9.2"
223.185.89.74 - - [10/Mar/2025:03:32:31 +0000] "GET /api/clientStaff/diagnostic_remarks/?register=34611 HTTP/1.1" 200 2 "-" "okhttp/4.9.2"
223.185.89.74 - - [10/Mar/2025:03:32:31 +0000] "GET /api/clientCall/callStatus/?register=34611 HTTP/1.1" 200 246 "-" "okhttp/4.9.2"
223.185.89.74 - - [10/Mar/2025:03:32:31 +0000] "GET /api/Starlly/country-address-schema/IN/ HTTP/1.1" 200 779 "-" "okhttp/4.9.2"
223.185.89.74 - - [10/Mar/2025:03:32:31 +0000] "GET /api/part/?organisation=106&fields=id,name HTTP/1.1" 200 2 "-" "okhttp/4.9.2"
223.187.24.52 - - [10/Mar/2025:03:32:32 +0000] "GET /api/clientStaff/user/9091/first_trip_log/ HTTP/1.1" 200 160 "-" "okhttp/4.9.2"
223.187.24.52 - - [10/Mar/2025:03:32:32 +0000] "GET /api/clientCall/registerCall/?limit=1&offset=0&organisation=106&technician=9091 HTTP/1.1" 200 1404 "-" "okhttp/4.9.2"
223.187.24.52 - - [10/Mar/2025:03:32:32 +0000] "GET /api/clientOrganisation/call_user_counts/?id=9091 HTTP/1.1" 200 198 "-" "okhttp/4.9.2"
157.33.245.255 - - [10/Mar/2025:03:32:32 +0000] "POST /api/clientStaff/trip_logs/ HTTP/1.1" 201 334 "-" "okhttp/4.9.2"
106.216.251.14 - - [10/Mar/2025:03:32:32 +0000] "GET /api/clientStaff/user/1993/first_trip_log/ HTTP/1.1" 200 151 "-" "okhttp/4.9.2"
106.216.251.14 - - [10/Mar/2025:03:32:32 +0000] "GET /api/clientCall/registerCall/?limit=1&offset=0&organisation=106&technician=1993 HTTP/1.1" 200 1268 "-" "okhttp/4.9.2"
106.216.251.14 - - [10/Mar/2025:03:32:32 +0000] "GET /api/clientOrganisation/call_user_counts/?id=1993 HTTP/1.1" 200 198 "-" "okhttp/4.9.2"
27.59.110.125 - - [10/Mar/2025:03:32:32 +0000] "POST /api/clientStaff/trip_logs/ HTTP/1.1" 201 333 "-" "okhttp/4.9.2"
223.187.24.52 - - [10/Mar/2025:03:32:32 +0000] "GET /api/clientStaff/user/9091/first_trip_log/ HTTP/1.1" 200 160 "-" "okhttp/4.9.2"
223.190.141.119 - - [10/Mar/2025:03:32:32 +0000] "POST /api/clientStaff/triplog_history/ HTTP/1.1" 404 159 "-" "okhttp/4.9.2"
106.216.206.97 - - [10/Mar/2025:03:32:32 +0000] "GET /api/clientOrganisation/call_user_counts/?id=5746 HTTP/1.1" 200 198 "-" "okhttp/4.9.2"
223.187.24.52 - - [10/Mar/2025:03:32:32 +0000] "GET /api/clientCall/registerCall/?limit=1&offset=0&organisation=106&technician=9091 HTTP/1.1" 200 1404 "-" "okhttp/4.9.2"
106.216.206.97 - - [10/Mar/2025:03:32:32 +0000] "GET /api/clientCall/registerCall/?limit=1&offset=0&organisation=106&technician=5746 HTTP/1.1" 200 1275 "-" "okhttp/4.9.2"
223.187.24.52 - - [10/Mar/2025:03:32:32 +0000] "GET /api/clientOrganisation/call_user_counts/?id=9091 HTTP/1.1" 200 198 "-" "okhttp/4.9.2"
223.190.141.119 - - [10/Mar/2025:03:32:32 +0000] "POST /api/clientStaff/triplog_history/ HTTP/1.1" 404 159 "-" "okhttp/4.9.2"
152.58.197.4 - - [10/Mar/2025:03:32:32 +0000] "GET /api/Starlly/fetch-erp-data/?userId=7793 HTTP/1.1" 200 46 "-" "okhttp/4.9.2"
106.221.183.182 - - [10/Mar/2025:03:32:32 +0000] "GET /api/Starlly/fetch-erp-data/?userId=8867 HTTP/1.1" 200 46 "-" "okhttp/4.9.2"
106.216.206.97 - - [10/Mar/2025:03:32:32 +0000] "GET /api/clientCall/registerCall/?limit=1&offset=0&organisation=106&technician=5746 HTTP/1.1" 200 1275 "-" "okhttp/4.9.2"
106.216.206.97 - - [10/Mar/2025:03:32:32 +0000] "GET /api/clientOrganisation/call_user_counts/?id=5746 HTTP/1.1" 200 198 "-" "okhttp/4.9.2"
152.58.186.183 - - [10/Mar/2025:03:32:33 +0000] "GET /api/Starlly/fetch-erp-data/?userId=1101 HTTP/1.1" 200 46 "-" "okhttp/4.9.2"
157.48.124.49 - - [10/Mar/2025:03:32:33 +0000] "GET /api/clientCall/registerCall/?technician=2919&client=204&status=&limit=20&offset=0&start=&end= HTTP/1.1" 200 1277 "-" "okhttp/4.9.2"
152.59.209.144 - - [10/Mar/2025:03:32:33 +0000] "GET /api/part?organisation=106&fields=id,name HTTP/1.1" 301 0 "-" "okhttp/4.9.2"
106.221.188.226 - - [10/Mar/2025:03:32:33 +0000] "POST /api/clientStaff/trip_logs/ HTTP/1.1" 201 334 "-" "okhttp/4.9.2"
223.185.89.74 - - [10/Mar/2025:03:32:33 +0000] "POST /api/clientStaff/trip_logs/ HTTP/1.1" 201 359 "-" "okhttp/4.9.2"
223.187.14.147 - - [10/Mar/2025:03:32:33 +0000] "POST /api/clientStaff/trip_logs/ HTTP/1.1" 201 334 "-" "okhttp/4.9.2"
157.48.186.180 - - [10/Mar/2025:03:32:33 +0000] "POST /api/clientStaff/trip_logs/ HTTP/1.1" 201 319 "-" "okhttp/4.9.2"
152.59.209.144 - - [10/Mar/2025:03:32:33 +0000] "GET /api/clientCall/callStatusMaster/ HTTP/1.1" 200 495 "-" "okhttp/4.9.2"
152.59.209.144 - - [10/Mar/2025:03:32:33 +0000] "GET /api/clientCall/callStatus/?register=31393 HTTP/1.1" 200 240 "-" "okhttp/4.9.2"
152.58.197.152 - - [10/Mar/2025:03:32:34 +0000] "GET /api/clientCall/registerCall/?technician=9216&client=204&status=&limit=20&offset=0&start=&end= HTTP/1.1" 200 1421 "-" "okhttp/4.9.2"
152.59.205.18 - - [10/Mar/2025:03:32:34 +0000] "GET /api/Starlly/fetch-erp-data/?userId=3378 HTTP/1.1" 200 46 "-" "okhttp/4.9.2"
157.48.124.49 - - [10/Mar/2025:03:32:34 +0000] "GET /api/clientStaff/diagnostic_remarks/?register=31028 HTTP/1.1" 200 2 "-" "okhttp/4.9.2"
157.48.124.49 - - [10/Mar/2025:03:32:34 +0000] "GET /api/clientCall/callStatus/?register=31028 HTTP/1.1" 200 244 "-" "okhttp/4.9.2"
157.48.124.49 - - [10/Mar/2025:03:32:34 +0000] "GET /api/inventory/technician_master/?user=2919 HTTP/1.1" 200 2 "-" "okhttp/4.9.2"
157.48.124.49 - - [10/Mar/2025:03:32:34 +0000] "GET /api/inventory/spare_transition/?user=2919&register=31028 HTTP/1.1" 200 2 "-" "okhttp/4.9.2"
157.48.124.49 - - [10/Mar/2025:03:32:35 +0000] "GET /api/clientCall/callStatusMaster/ HTTP/1.1" 200 495 "-" "okhttp/4.9.2"
157.48.124.49 - - [10/Mar/2025:03:32:35 +0000] "GET /api/part?organisation=106&fields=id,name HTTP/1.1" 301 0 "-" "okhttp/4.9.2"
157.48.124.49 - - [10/Mar/2025:03:32:35 +0000] "GET /api/clientStaff/symptom_remark/?org=106 HTTP/1.1" 200 285 "-" "okhttp/4.9.2"
152.59.209.144 - - [10/Mar/2025:03:32:35 +0000] "GET /api/part/?organisation=106&fields=id,name HTTP/1.1" 200 2 "-" "okhttp/4.9.2"
157.48.124.49 - - [10/Mar/2025:03:32:35 +0000] "GET /api/part/?organisation=106&fields=id,name HTTP/1.1" 200 2 "-" "okhttp/4.9.2"
157.48.124.49 - - [10/Mar/2025:03:32:35 +0000] "GET /api/Starlly/country-address-schema/IN/ HTTP/1.1" 200 779 "-" "okhttp/4.9.2"
152.59.209.144 - - [10/Mar/2025:03:32:35 +0000] "GET /api/inventory/technician_master/?user=3284 HTTP/1.1" 200 2 "-" "okhttp/4.9.2"
27.59.110.125 - - [10/Mar/2025:03:32:35 +0000] "GET /api/clientCall/registerCall/?technician=1978&client=&status=3&limit=20&offset=0&start=&end= HTTP/1.1" 200 1282 "-" "okhttp/4.9.2"
152.59.209.144 - - [10/Mar/2025:03:32:35 +0000] "GET /api/inventory/spare_transition/?user=3284&register=31393 HTTP/1.1" 200 2 "-" "okhttp/4.9.2"
152.59.209.144 - - [10/Mar/2025:03:32:35 +0000] "GET /api/clientStaff/symptom_remark/?org=106 HTTP/1.1" 200 285 "-" "okhttp/4.9.2"
152.59.209.144 - - [10/Mar/2025:03:32:35 +0000] "GET /api/clientStaff/diagnostic_remarks/?register=31393 HTTP/1.1" 200 2 "-" "okhttp/4.9.2"
152.59.209.144 - - [10/Mar/2025:03:32:35 +0000] "GET /api/Starlly/country-address-schema/IN/ HTTP/1.1" 200 779 "-" "okhttp/4.9.2"
152.59.205.178 - - [10/Mar/2025:03:32:35 +0000] "GET /api/Starlly/fetch-erp-data/?userId=8112 HTTP/1.1" 401 26 "-" "okhttp/4.9.2"
106.216.206.97 - - [10/Mar/2025:03:32:35 +0000] "GET /api/Starlly/fetch-erp-data/?userId=5746 HTTP/1.1" 200 46 "-" "okhttp/4.9.2"
27.59.54.170 - - [10/Mar/2025:03:32:35 +0000] "POST /api/Starlly/auth/login/ HTTP/1.1" 200 954 "-" "okhttp/4.9.2"
152.59.212.181 - - [10/Mar/2025:03:32:35 +0000] "POST /api/clientStaff/trip_logs/ HTTP/1.1" 201 319 "-" "okhttp/4.9.2"
152.59.202.90 - - [10/Mar/2025:03:32:35 +0000] "POST /api/clientStaff/trip_logs/ HTTP/1.1" 201 319 "-" "okhttp/4.9.2"
27.59.54.170 - - [10/Mar/2025:03:32:35 +0000] "POST /api/notification/store-token/ HTTP/1.1" 200 247 "-" "okhttp/4.9.2"
27.59.54.170 - - [10/Mar/2025:03:32:36 +0000] "GET /api/clientCall/registerCall/?limit=1&offset=0&organisation=106&technician=9315 HTTP/1.1" 200 1411 "-" "okhttp/4.9.2"
152.59.209.144 - - [10/Mar/2025:03:32:36 +0000] "POST /api/clientStaff/trip_logs/ HTTP/1.1" 201 359 "-" "okhttp/4.9.2"
27.59.54.170 - - [10/Mar/2025:03:32:36 +0000] "GET /api/clientOrganisation/Organisation/106/?fields=address HTTP/1.1" 200 14 "-" "okhttp/4.9.2"
27.59.54.170 - - [10/Mar/2025:03:32:36 +0000] "GET /api/clientOrganisation/call_user_counts/?id=9315 HTTP/1.1" 200 198 "-" "okhttp/4.9.2"
27.59.54.170 - - [10/Mar/2025:03:32:36 +0000] "GET /api/clientOrganisation/call_user_counts/?id=9315 HTTP/1.1" 200 198 "-" "okhttp/4.9.2"
27.59.54.170 - - [10/Mar/2025:03:32:36 +0000] "GET /api/clientOrganisation/client_staff/?id=9315 HTTP/1.1" 200 445 "-" "okhttp/4.9.2"
152.59.203.3 - - [10/Mar/2025:03:32:36 +0000] "GET /api/clientCall/registerCall/?technician=2572&client=204&status=&limit=20&offset=0&start=&end= HTTP/1.1" 401 26 "-" "okhttp/4.9.2"
27.59.110.125 - - [10/Mar/2025:03:32:36 +0000] "GET /api/clientStaff/diagnostic_remarks/?register=30072 HTTP/1.1" 200 2 "-" "okhttp/4.9.2"
27.59.110.125 - - [10/Mar/2025:03:32:36 +0000] "GET /api/clientCall/callStatus/?register=30072 HTTP/1.1" 200 256 "-" "okhttp/4.9.2"
27.59.110.125 - - [10/Mar/2025:03:32:37 +0000] "GET /api/inventory/technician_master/?user=1978 HTTP/1.1" 200 2 "-" "okhttp/4.9.2"
27.59.110.125 - - [10/Mar/2025:03:32:37 +0000] "GET /api/inventory/spare_transition/?user=1978&register=30072 HTTP/1.1" 200 2 "-" "okhttp/4.9.2"
27.59.110.125 - - [10/Mar/2025:03:32:37 +0000] "GET /api/Starlly/country-address-schema/IN/ HTTP/1.1" 200 779 "-" "okhttp/4.9.2"
27.59.110.125 - - [10/Mar/2025:03:32:37 +0000] "GET /api/part?organisation=106&fields=id,name HTTP/1.1" 301 0 "-" "okhttp/4.9.2"
27.59.110.125 - - [10/Mar/2025:03:32:37 +0000] "GET /api/clientCall/callStatusMaster/ HTTP/1.1" 200 495 "-" "okhttp/4.9.2"
27.59.110.125 - - [10/Mar/2025:03:32:37 +0000] "GET /api/clientStaff/symptom_remark/?org=106 HTTP/1.1" 200 285 "-" "okhttp/4.9.2"
27.59.110.125 - - [10/Mar/2025:03:32:37 +0000] "GET /api/part/?organisation=106&fields=id,name HTTP/1.1" 200 2 "-" "okhttp/4.9.2"
152.59.228.132 - - [10/Mar/2025:03:32:38 +0000] "POST /api/clientStaff/triplog_history/ HTTP/1.1" 404 159 "-" "okhttp/4.9.2"
106.217.202.101 - - [10/Mar/2025:03:32:39 +0000] "GET /api/Starlly/fetch-erp-data/?userId=8992 HTTP/1.1" 200 46 "-" "okhttp/4.9.2"
106.219.242.155 - - [10/Mar/2025:03:32:39 +0000] "GET /api/clientOrganisation/call_user_counts/?id=660 HTTP/1.1" 200 198 "-" "okhttp/4.9.2"
106.219.242.155 - - [10/Mar/2025:03:32:39 +0000] "GET /api/clientCall/registerCall/?limit=1&offset=0&organisation=106&technician=660 HTTP/1.1" 200 1360 "-" "okhttp/4.9.2"
152.59.153.116 - - [10/Mar/2025:03:32:40 +0000] "POST /api/clientStaff/trip_logs/ HTTP/1.1" 201 319 "-" "okhttp/4.9.2"
157.47.13.251 - - [10/Mar/2025:03:32:40 +0000] "POST /api/clientStaff/trip_logs/ HTTP/1.1" 201 319 "-" "okhttp/4.9.2"
27.59.110.125 - - [10/Mar/2025:03:32:40 +0000] "POST /api/clientStaff/trip_logs/ HTTP/1.1" 201 358 "-" "okhttp/4.9.2"
106.219.242.155 - - [10/Mar/2025:03:32:40 +0000] "GET /api/clientCall/registerCall/?limit=1&offset=0&organisation=106&technician=660 HTTP/1.1" 200 1360 "-" "okhttp/4.9.2"
106.220.206.39 - - [10/Mar/2025:03:32:40 +0000] "GET /api/Starlly/forgot-username/?mobile=7057957491 HTTP/1.1" 200 154 "-" "okhttp/4.9.2"
106.195.65.170 - - [10/Mar/2025:03:32:40 +0000] "GET /api/clientCall/registerCall/?limit=1&offset=0&organisation=106&technician=6668 HTTP/1.1" 200 1286 "-" "okhttp/4.9.2"
106.195.65.170 - - [10/Mar/2025:03:32:40 +0000] "GET /api/clientOrganisation/call_user_counts/?id=6668 HTTP/1.1" 200 198 "-" "okhttp/4.9.2"
106.219.242.155 - - [10/Mar/2025:03:32:40 +0000] "GET /api/clientOrganisation/call_user_counts/?id=660 HTTP/1.1" 200 198 "-" "okhttp/4.9.2"
152.58.186.183 - - [10/Mar/2025:03:32:40 +0000] "POST /api/clientStaff/trip_logs/ HTTP/1.1" 201 319 "-" "okhttp/4.9.2"
106.195.65.170 - - [10/Mar/2025:03:32:40 +0000] "GET /api/clientCall/registerCall/?limit=1&offset=0&organisation=106&technician=6668 HTTP/1.1" 200 1286 "-" "okhttp/4.9.2"
106.195.65.170 - - [10/Mar/2025:03:32:40 +0000] "GET /api/clientOrganisation/call_user_counts/?id=6668 HTTP/1.1" 200 198 "-" "okhttp/4.9.2"
152.59.209.144 - - [10/Mar/2025:03:32:41 +0000] "POST /api/clientStaff/trip_logs/ HTTP/1.1" 201 359 "-" "okhttp/4.9.2"
106.220.206.39 - - [10/Mar/2025:03:32:41 +0000] "POST /api/Starlly/v2/reset-password-request/ HTTP/1.1" 200 34 "-" "okhttp/4.9.2"
106.220.206.39 - - [10/Mar/2025:03:32:41 +0000] "GET /api/Starlly/forgot-username/?mobile=7057957491 HTTP/1.1" 200 154 "-" "okhttp/4.9.2"
106.195.70.239 - - [10/Mar/2025:03:32:41 +0000] "POST /api/clientStaff/trip_logs/ HTTP/1.1" 201 319 "-" "okhttp/4.9.2"
106.216.254.86 - - [10/Mar/2025:03:32:41 +0000] "POST /api/Starlly/reset-password/NDkxMw/cmfyg7-225ac887de77596a1bd027fa862ade9d/ HTTP/1.1" 200 41 "-" "okhttp/4.9.2"
152.58.23.32 - - [10/Mar/2025:03:32:41 +0000] "GET /api/clientOrganisation/call_user_counts/?id=3691 HTTP/1.1" 200 198 "-" "okhttp/4.9.2"
152.58.23.32 - - [10/Mar/2025:03:32:41 +0000] "GET /api/clientCall/registerCall/?limit=1&offset=0&organisation=106&technician=3691 HTTP/1.1" 200 1285 "-" "okhttp/4.9.2"
106.220.206.39 - - [10/Mar/2025:03:32:41 +0000] "POST /api/Starlly/v2/reset-password-request/ HTTP/1.1" 200 34 "-" "okhttp/4.9.2"
152.58.197.4 - - [10/Mar/2025:03:32:41 +0000] "POST /api/clientStaff/trip_logs/ HTTP/1.1" 201 319 "-" "okhttp/4.9.2"
152.58.23.32 - - [10/Mar/2025:03:32:42 +0000] "GET /api/clientCall/registerCall/?limit=1&offset=0&organisation=106&technician=3691 HTTP/1.1" 200 1285 "-" "okhttp/4.9.2"
152.58.23.32 - - [10/Mar/2025:03:32:42 +0000] "GET /api/clientOrganisation/call_user_counts/?id=3691 HTTP/1.1" 200 198 "-" "okhttp/4.9.2"
152.59.205.250 - - [10/Mar/2025:03:32:42 +0000] "GET /api/clientOrganisation/call_user_counts/?id=8090 HTTP/1.1" 401 26 "-" "okhttp/4.9.2"
152.59.205.250 - - [10/Mar/2025:03:32:42 +0000] "GET /api/clientCall/registerCall/?limit=1&offset=0&organisation=106&technician=8090 HTTP/1.1" 401 26 "-" "okhttp/4.9.2"
223.190.141.119 - - [10/Mar/2025:03:32:42 +0000] "POST /api/clientStaff/triplog_history/ HTTP/1.1" 404 159 "-" "okhttp/4.9.2"
152.59.205.250 - - [10/Mar/2025:03:32:42 +0000] "GET /api/clientCall/registerCall/?limit=1&offset=0&organisation=106&technician=8090 HTTP/1.1" 401 26 "-" "okhttp/4.9.2"
223.228.103.144 - - [10/Mar/2025:03:32:42 +0000] "POST /api/Starlly/auth/login/ HTTP/1.1" 200 957 "-" "okhttp/4.9.2"
152.59.205.250 - - [10/Mar/2025:03:32:42 +0000] "GET /api/clientOrganisation/call_user_counts/?id=8090 HTTP/1.1" 401 26 "-" "okhttp/4.9.2"
106.216.206.97 - - [10/Mar/2025:03:32:42 +0000] "POST /api/clientStaff/trip_logs/ HTTP/1.1" 201 319 "-" "okhttp/4.9.2"
223.228.103.144 - - [10/Mar/2025:03:32:42 +0000] "POST /api/notification/store-token/ HTTP/1.1" 200 247 "-" "okhttp/4.9.2"
27.59.54.65 - - [10/Mar/2025:03:32:42 +0000] "GET /api/clientCall/registerCall/?limit=1&offset=0&organisation=106&technician=5317 HTTP/1.1" 200 1285 "-" "okhttp/4.9.2"
27.59.54.65 - - [10/Mar/2025:03:32:42 +0000] "GET /api/clientOrganisation/call_user_counts/?id=5317 HTTP/1.1" 200 198 "-" "okhttp/4.9.2"
223.228.103.144 - - [10/Mar/2025:03:32:43 +0000] "GET /api/clientCall/registerCall/?limit=1&offset=0&organisation=106&technician=8883 HTTP/1.1" 200 1448 "-" "okhttp/4.9.2"
106.195.65.170 - - [10/Mar/2025:03:32:43 +0000] "GET /api/Starlly/fetch-erp-data/?userId=6668 HTTP/1.1" 200 46 "-" "okhttp/4.9.2"
157.48.124.49 - - [10/Mar/2025:03:32:43 +0000] "POST /api/clientStaff/trip_logs/ HTTP/1.1" 201 359 "-" "okhttp/4.9.2"
223.228.103.144 - - [10/Mar/2025:03:32:43 +0000] "GET /api/clientOrganisation/Organisation/106/?fields=address HTTP/1.1" 200 14 "-" "okhttp/4.9.2"
223.228.103.144 - - [10/Mar/2025:03:32:43 +0000] "GET /api/clientOrganisation/call_user_counts/?id=8883 HTTP/1.1" 200 198 "-" "okhttp/4.9.2"
152.59.144.204 - - [10/Mar/2025:03:32:43 +0000] "GET /api/clientStaff/user/729/first_trip_log/ HTTP/1.1" 200 160 "-" "okhttp/4.9.2"
152.59.144.204 - - [10/Mar/2025:03:32:43 +0000] "GET /api/clientCall/registerCall/?limit=1&offset=0&organisation=106&technician=729 HTTP/1.1" 200 1362 "-" "okhttp/4.9.2"
152.59.144.204 - - [10/Mar/2025:03:32:43 +0000] "GET /api/clientOrganisation/call_user_counts/?id=729 HTTP/1.1" 200 198 "-" "okhttp/4.9.2"
27.59.54.65 - - [10/Mar/2025:03:32:43 +0000] "GET /api/clientCall/registerCall/?limit=1&offset=0&organisation=106&technician=5317 HTTP/1.1" 200 1285 "-" "okhttp/4.9.2"
27.59.54.65 - - [10/Mar/2025:03:32:43 +0000] "GET /api/clientOrganisation/call_user_counts/?id=5317 HTTP/1.1" 200 198 "-" "okhttp/4.9.2"
223.228.103.144 - - [10/Mar/2025:03:32:43 +0000] "GET /api/clientOrganisation/call_user_counts/?id=8883 HTTP/1.1" 200 198 "-" "okhttp/4.9.2"
223.187.22.157 - - [10/Mar/2025:03:32:43 +0000] "GET /api/Starlly/fetch-erp-data/?userId=5727 HTTP/1.1" 200 46 "-" "okhttp/4.9.2"
223.228.103.144 - - [10/Mar/2025:03:32:43 +0000] "GET /api/clientOrganisation/client_staff/?id=8883 HTTP/1.1" 200 445 "-" "okhttp/4.9.2"
152.59.144.204 - - [10/Mar/2025:03:32:43 +0000] "GET /api/clientOrganisation/call_user_counts/?id=729 HTTP/1.1" 200 198 "-" "okhttp/4.9.2"
152.59.144.204 - - [10/Mar/2025:03:32:43 +0000] "GET /api/clientCall/registerCall/?limit=1&offset=0&organisation=106&technician=729 HTTP/1.1" 200 1362 "-" "okhttp/4.9.2"
171.48.94.5 - - [10/Mar/2025:03:32:43 +0000] "POST /api/clientStaff/trip_logs/ HTTP/1.1" 201 332 "-" "okhttp/4.9.2"
152.59.213.233 - - [10/Mar/2025:03:32:43 +0000] "POST /api/clientStaff/trip_logs/ HTTP/1.1" 201 319 "-" "okhttp/4.9.2"
106.221.177.53 - - [10/Mar/2025:03:32:44 +0000] "POST /api/clientStaff/trip_logs/ HTTP/1.1" 201 334 "-" "okhttp/4.9.2"
223.228.33.122 - - [10/Mar/2025:03:32:44 +0000] "GET /api/clientCall/registerCall/?limit=1&offset=0&organisation=106&technician=2177 HTTP/1.1" 200 1275 "-" "okhttp/4.9.2"
223.228.33.122 - - [10/Mar/2025:03:32:44 +0000] "GET /api/clientOrganisation/call_user_counts/?id=2177 HTTP/1.1" 200 198 "-" "okhttp/4.9.2"
152.58.23.32 - - [10/Mar/2025:03:32:44 +0000] "GET /api/Starlly/fetch-erp-data/?userId=3691 HTTP/1.1" 200 46 "-" "okhttp/4.9.2"
223.228.33.122 - - [10/Mar/2025:03:32:44 +0000] "GET /api/clientCall/registerCall/?limit=1&offset=0&organisation=106&technician=2177 HTTP/1.1" 200 1275 "-" "okhttp/4.9.2"
223.228.33.122 - - [10/Mar/2025:03:32:44 +0000] "GET /api/clientOrganisation/call_user_counts/?id=2177 HTTP/1.1" 200 198 "-" "okhttp/4.9.2"
152.58.235.97 - - [10/Mar/2025:03:32:45 +0000] "POST /api/clientStaff/trip_logs/ HTTP/1.1" 201 334 "-" "okhttp/4.9.2"
152.59.205.62 - - [10/Mar/2025:03:32:45 +0000] "GET /api/Starlly/fetch-erp-data/?userId=8909 HTTP/1.1" 200 46 "-" "okhttp/4.9.2"
27.59.110.125 - - [10/Mar/2025:03:32:45 +0000] "GET /api/clientStaff/symptom_remark/?org=106 HTTP/1.1" 200 285 "-" "okhttp/4.9.2"
27.59.110.125 - - [10/Mar/2025:03:32:45 +0000] "GET /api/clientCall/callStatusMaster/ HTTP/1.1" 200 495 "-" "okhttp/4.9.2"
27.59.110.125 - - [10/Mar/2025:03:32:45 +0000] "GET /api/clientStaff/diagnostic_remarks/?register=30072 HTTP/1.1" 200 2 "-" "okhttp/4.9.2"
27.59.110.125 - - [10/Mar/2025:03:32:45 +0000] "GET /api/clientCall/callStatus/?register=30072 HTTP/1.1" 200 256 "-" "okhttp/4.9.2"
27.59.110.125 - - [10/Mar/2025:03:32:45 +0000] "GET /api/part?organisation=106&fields=id,name HTTP/1.1" 301 0 "-" "okhttp/4.9.2"
27.59.110.125 - - [10/Mar/2025:03:32:46 +0000] "GET /api/part/?organisation=106&fields=id,name HTTP/1.1" 200 2 "-" "okhttp/4.9.2"
27.59.110.125 - - [10/Mar/2025:03:32:46 +0000] "GET /api/inventory/spare_transition/?user=1978&register=30072 HTTP/1.1" 200 2 "-" "okhttp/4.9.2"
27.59.110.125 - - [10/Mar/2025:03:32:46 +0000] "GET /api/inventory/technician_master/?user=1978 HTTP/1.1" 200 2 "-" "okhttp/4.9.2"
27.59.110.125 - - [10/Mar/2025:03:32:46 +0000] "GET /api/Starlly/country-address-schema/IN/ HTTP/1.1" 200 779 "-" "okhttp/4.9.2"
106.221.185.124 - - [10/Mar/2025:03:32:46 +0000] "GET /api/clientCall/registerCall/?technician=5419&client=&status=3&limit=20&offset=0&start=&end= HTTP/1.1" 200 1282 "-" "okhttp/4.9.2"
152.59.229.181 - - [10/Mar/2025:03:32:46 +0000] "POST /api/clientStaff/bulk-insert-triplog-history/ HTTP/1.1" 201 45 "-" "okhttp/4.9.2"
106.221.185.124 - - [10/Mar/2025:03:32:46 +0000] "GET /api/clientStaff/diagnostic_remarks/?register=33529 HTTP/1.1" 200 2 "-" "okhttp/4.9.2"
223.228.33.122 - - [10/Mar/2025:03:32:46 +0000] "GET /api/Starlly/fetch-erp-data/?userId=2177 HTTP/1.1" 200 46 "-" "okhttp/4.9.2"
106.221.185.124 - - [10/Mar/2025:03:32:46 +0000] "GET /api/inventory/technician_master/?user=5419 HTTP/1.1" 200 2 "-" "okhttp/4.9.2"
106.221.185.124 - - [10/Mar/2025:03:32:47 +0000] "GET /api/inventory/spare_transition/?user=5419&register=33529 HTTP/1.1" 200 2 "-" "okhttp/4.9.2"
106.221.185.124 - - [10/Mar/2025:03:32:47 +0000] "GET /api/clientCall/callStatus/?register=33529 HTTP/1.1" 200 248 "-" "okhttp/4.9.2"
106.221.185.124 - - [10/Mar/2025:03:32:47 +0000] "GET /api/part?organisation=106&fields=id,name HTTP/1.1" 301 0 "-" "okhttp/4.9.2"
106.221.185.124 - - [10/Mar/2025:03:32:47 +0000] "GET /api/clientStaff/symptom_remark/?org=106 HTTP/1.1" 200 285 "-" "okhttp/4.9.2"
